Argentina: ClientResponseError(RequestInfo(url=URL('https://visaguide.world/visa-free-countries/argentine-passport/'), method='GET', headers=<CIMultiDictProxy('Host': 'visaguide.world', 'Accept': '*/*', 'Accept-Encoding': 'gzip, deflate', 'User-Agent': 'Python/3.10 aiohttp/3.12.6')>, real_url=URL('https://visaguide.world/visa-free-countries/argentine-passport/')), (), status=404, message='Not Found', headers=<CIMultiDictProxy('Date': 'Mon, 02 Jun 2025 00:57:10 GMT', 'Content-Type': 'text/html; charset=UTF-8', 'Transfer-Encoding': 'chunked', 'Connection': 'keep-alive', 'Cf-Ray': '9492feb028ce330a-KIN', 'Server': 'cloudflare', 'Content-Encoding': 'gzip', 'Vary': 'Accept-Encoding', 'Expires': 'Wed, 11 Jan 1984 05:00:00 GMT', 'Permissions-Policy': 'browsing-topics=()', 'X-Frame-Options': 'SAMEORIGIN', 'Age': '0', 'Cf-Cache-Status': 'DYNAMIC', 'Report-To': '{"endpoints":[{"url":"https:\\/\\/a.nel.cloudflare.com\\/report\\/v4?s=adq2CKNui4yLLiUOh8tXXWn1e0qk%2BUH2DQyWZQOQKVGv8sbbVq%2BUu%2BHsges%2F18RR9hs5KttHlMAC3rD8zcDxWr8Oln7N2WPphkGqNstEirYoS4JSicsqP%2FtmlaWdra0CLA%3D%3D"}],"group":"cf-nel","max_age":604800}', 'Nel': '{"success_fraction":0,"report_to":"cf-nel","max_age":604800}', 'server-timing': 'cfL4;desc="?proto=TCP&rtt=9327&min_rtt=9155&rtt_var=3556&sent=5&recv=6&lost=0&retrans=0&sent_bytes=2850&recv_bytes=784&delivery_rate=462697&cwnd=252&unsent_bytes=0&cid=1f639db4d40cf248&ts=2763&x=0"')>)
Anguilla: ClientResponseError(RequestInfo(url=URL('https://visaguide.world/visa-free-countries/anguillian-passport/'), method='GET', headers=<CIMultiDictProxy('Host': 'visaguide.world', 'Accept': '*/*', 'Accept-Encoding': 'gzip, deflate', 'User-Agent': 'Python/3.10 aiohttp/3.12.6')>, real_url=URL('https://visaguide.world/visa-free-countries/anguillian-passport/')), (), status=404, message='Not Found', headers=<CIMultiDictProxy('Date': 'Mon, 02 Jun 2025 00:57:10 GMT', 'Content-Type': 'text/html; charset=UTF-8', 'Transfer-Encoding': 'chunked', 'Connection': 'keep-alive', 'Cf-Ray': '9492feb0586b3301-KIN', 'Server': 'cloudflare', 'Content-Encoding': 'gzip', 'Vary': 'Accept-Encoding', 'Expires': 'Wed, 11 Jan 1984 05:00:00 GMT', 'Permissions-Policy': 'browsing-topics=()', 'X-Frame-Options': 'SAMEORIGIN', 'Age': '0', 'Cf-Cache-Status': 'DYNAMIC', 'Report-To': '{"endpoints":[{"url":"https:\\/\\/a.nel.cloudflare.com\\/report\\/v4?s=wQSn%2FZ0SSF2gkJZyUlU67Mz0Oqgo37e0NnsospZaZ3h%2FZz7LWa9ea4x%2BPl32eZr%2Bexa6Mp8q1Gxx0tot9MeXyV4vp5R%2BBVnNO8SdkwI2VXZGcjTQ3k%2FUXivX6vPYaCL%2BJA%3D%3D"}],"group":"cf-nel","max_age":604800}', 'Nel': '{"success_fraction":0,"report_to":"cf-nel","max_age":604800}', 'server-timing': 'cfL4;desc="?proto=TCP&rtt=6874&min_rtt=6874&rtt_var=3437&sent=6&recv=7&lost=0&retrans=1&sent_bytes=2880&recv_bytes=785&delivery_rate=247791&cwnd=252&unsent_bytes=0&cid=ed073661c1ccc24c&ts=2792&x=0"')>)
American Samoa: ClientResponseError(RequestInfo(url=URL('https://visaguide.world/visa-free-countries/americansamoan-passport/'), method='GET', headers=<CIMultiDictProxy('Host': 'visaguide.world', 'Accept': '*/*', 'Accept-Encoding': 'gzip, deflate', 'User-Agent': 'Python/3.10 aiohttp/3.12.6')>, real_url=URL('https://visaguide.world/visa-free-countries/americansamoan-passport/')), (), status=404, message='Not Found', headers=<CIMultiDictProxy('Date': 'Mon, 02 Jun 2025 00:57:10 GMT', 'Content-Type': 'text/html; charset=UTF-8', 'Transfer-Encoding': 'chunked', 'Connection': 'keep-alive', 'Cf-Ray': '9492feb01b05330b-KIN', 'Server': 'cloudflare', 'Content-Encoding': 'gzip', 'Vary': 'Accept-Encoding', 'Expires': 'Wed, 11 Jan 1984 05:00:00 GMT', 'Permissions-Policy': 'browsing-topics=()', 'X-Frame-Options': 'SAMEORIGIN', 'Age': '0', 'Cf-Cache-Status': 'DYNAMIC', 'Report-To': '{"endpoints":[{"url":"https:\\/\\/a.nel.cloudflare.com\\/report\\/v4?s=mmcyKKulJDkusHoWQa1W2NvJflt5iscBJulcypgG5JAkkZxZIPzTP8fuqww7MoIj13Ui8UuljGFXKSIU7MWHPgQ%2BlRymDcNB3Cj3z2Vrk2wiA%2FoSazzOrV0m%2FMlclzdWK1X0RY66ffBdB9lZow%3D%3D"}],"group":"cf-nel","max_age":604800}', 'Nel': '{"success_fraction":0,"report_to":"cf-nel","max_age":604800}', 'server-timing': 'cfL4;desc="?proto=TCP&rtt=12370&min_rtt=9926&rtt_var=5468&sent=5&recv=6&lost=0&retrans=0&sent_bytes=2852&recv_bytes=789&delivery_rate=411041&cwnd=252&unsent_bytes=0&cid=7654a65bdac41d47&ts=2815&x=0"')>)
Antarctica: ClientResponseError(RequestInfo(url=URL('https://visaguide.world/visa-free-countries/antarctican-passport/'), method='GET', headers=<CIMultiDictProxy('Host': 'visaguide.world', 'Accept': '*/*', 'Accept-Encoding': 'gzip, deflate', 'User-Agent': 'Python/3.10 aiohttp/3.12.6')>, real_url=URL('https://visaguide.world/visa-free-countries/antarctican-passport/')), (), status=404, message='Not Found', headers=<CIMultiDictProxy('Date': 'Mon, 02 Jun 2025 00:57:10 GMT', 'Content-Type': 'text/html; charset=UTF-8', 'Transfer-Encoding': 'chunked', 'Connection': 'keep-alive', 'Cf-Ray': '9492feb05f0b3305-KIN', 'Server': 'cloudflare', 'Content-Encoding': 'gzip', 'Vary': 'Accept-Encoding', 'Expires': 'Wed, 11 Jan 1984 05:00:00 GMT', 'Permissions-Policy': 'browsing-topics=()', 'X-Frame-Options': 'SAMEORIGIN', 'Age': '0', 'Cf-Cache-Status': 'DYNAMIC', 'Report-To': '{"endpoints":[{"url":"https:\\/\\/a.nel.cloudflare.com\\/report\\/v4?s=gVolDLRsW8TIi68lqai0HVM7pz20TlzKulCqolWDp1URElsM6VNd27FGnwR00furdvXtpgZ%2BxMxP3mGXq2n2ZhnZ89GSVb1AS1tnvc2iDCD0IeHGFeF%2FwY87wv9nLEUDqhW8LP1n1Qx6f7AoOA%3D%3D"}],"group":"cf-nel","max_age":604800}', 'Nel': '{"success_fraction":0,"report_to":"cf-nel","max_age":604800}', 'server-timing': 'cfL4;desc="?proto=TCP&rtt=6552&min_rtt=5668&rtt_var=3894&sent=5&recv=6&lost=0&retrans=0&sent_bytes=2852&recv_bytes=786&delivery_rate=320200&cwnd=252&unsent_bytes=0&cid=5e2c5b4f09341d18&ts=2879&x=0"')>)
Aruba: ClientResponseError(RequestInfo(url=URL('https://visaguide.world/visa-free-countries/aruban-passport/'), method='GET', headers=<CIMultiDictProxy('Host': 'visaguide.world', 'Accept': '*/*', 'Accept-Encoding': 'gzip, deflate', 'User-Agent': 'Python/3.10 aiohttp/3.12.6')>, real_url=URL('https://visaguide.world/visa-free-countries/aruban-passport/')), (), status=404, message='Not Found', headers=<CIMultiDictProxy('Date': 'Mon, 02 Jun 2025 00:57:11 GMT', 'Content-Type': 'text/html; charset=UTF-8', 'Transfer-Encoding': 'chunked', 'Connection': 'keep-alive', 'Cf-Ray': '9492fec0ab6c3310-KIN', 'Server': 'cloudflare', 'Content-Encoding': 'gzip', 'Vary': 'Accept-Encoding', 'Expires': 'Wed, 11 Jan 1984 05:00:00 GMT', 'Permissions-Policy': 'browsing-topics=()', 'X-Frame-Options': 'SAMEORIGIN', 'Age': '0', 'Cf-Cache-Status': 'DYNAMIC', 'Report-To': '{"endpoints":[{"url":"https:\\/\\/a.nel.cloudflare.com\\/report\\/v4?s=luDpENYGFOAKW5879NQV4ig2FZ%2FWWOF0P21G6lts2fX3YD5%2BAOVnwyurAAiV1oQ1tkSiM02k0jK1ZC6nV9OOJNoghtoUk5mDSYLyQ4R3Yd3YUmAqwcuR6R0zEmUjjLfPW9jWgp8xTwhVWVBUCw%3D%3D"}],"group":"cf-nel","max_age":604800}', 'Nel': '{"success_fraction":0,"report_to":"cf-nel","max_age":604800}', 'server-timing': 'cfL4;desc="?proto=TCP&rtt=28154&min_rtt=3637&rtt_var=13196&sent=89&recv=37&lost=0&retrans=0&sent_bytes=76429&recv_bytes=967&delivery_rate=2757278&cwnd=252&unsent_bytes=0&cid=11971cdbe5a41e2f&ts=4137&x=0"')>)
Bermuda: ClientResponseError(RequestInfo(url=URL('https://visaguide.world/visa-free-countries/bermudian-passport/'), method='GET', headers=<CIMultiDictProxy('Host': 'visaguide.world', 'Accept': '*/*', 'Accept-Encoding': 'gzip, deflate', 'User-Agent': 'Python/3.10 aiohttp/3.12.6')>, real_url=URL('https://visaguide.world/visa-free-countries/bermudian-passport/')), (), status=404, message='Not Found', headers=<CIMultiDictProxy('Date': 'Mon, 02 Jun 2025 00:57:14 GMT', 'Content-Type': 'text/html; charset=UTF-8', 'Transfer-Encoding': 'chunked', 'Connection': 'keep-alive', 'Cf-Ray': '9492fecf6c0f3301-KIN', 'Server': 'cloudflare', 'Content-Encoding': 'gzip', 'Vary': 'Accept-Encoding', 'Expires': 'Wed, 11 Jan 1984 05:00:00 GMT', 'Permissions-Policy': 'browsing-topics=()', 'X-Frame-Options': 'SAMEORIGIN', 'Age': '0', 'Cf-Cache-Status': 'DYNAMIC', 'Report-To': '{"endpoints":[{"url":"https:\\/\\/a.nel.cloudflare.com\\/report\\/v4?s=LNgfbum7NFUdFJ2aTscaRrY3%2Fp%2B7tOWM7f1MJ5yWoFo55dsrp7Op6MPsAxNzKe6fy4e%2BCCDkKeQZz7Ag%2FJJtEFPIp8Ke8HeDtv6zjXb%2Fam5u5mSvGeUk0GfvIUXKvSD38fEgrzFyzgzcodwj%2BA%3D%3D"}],"group":"cf-nel","max_age":604800}', 'Nel': '{"success_fraction":0,"report_to":"cf-nel","max_age":604800}', 'server-timing': 'cfL4;desc="?proto=TCP&rtt=36895&min_rtt=5487&rtt_var=7223&sent=151&recv=53&lost=0&retrans=0&sent_bytes=148608&recv_bytes=1157&delivery_rate=2512573&cwnd=252&unsent_bytes=0&cid=c599c50e8a09d7cc&ts=6564&x=0"')>)
Botswana: ClientResponseError(RequestInfo(url=URL('https://visaguide.world/visa-free-countries/motswana-passport/'), method='GET', headers=<CIMultiDictProxy('Host': 'visaguide.world', 'Accept': '*/*', 'Accept-Encoding': 'gzip, deflate', 'User-Agent': 'Python/3.10 aiohttp/3.12.6')>, real_url=URL('https://visaguide.world/visa-free-countries/motswana-passport/')), (), status=404, message='Not Found', headers=<CIMultiDictProxy('Date': 'Mon, 02 Jun 2025 00:57:17 GMT', 'Content-Type': 'text/html; charset=UTF-8', 'Transfer-Encoding': 'chunked', 'Connection': 'keep-alive', 'Cf-Ray': '9492fee118ea330a-KIN', 'Server': 'cloudflare', 'Content-Encoding': 'gzip', 'Vary': 'Accept-Encoding', 'Expires': 'Wed, 11 Jan 1984 05:00:00 GMT', 'Permissions-Policy': 'browsing-topics=()', 'X-Frame-Options': 'SAMEORIGIN', 'Age': '0', 'Cf-Cache-Status': 'DYNAMIC', 'Report-To': '{"endpoints":[{"url":"https:\\/\\/a.nel.cloudflare.com\\/report\\/v4?s=Zgz5Uwx4HwUQbC9uMTj%2B13hs3jCFk9hZX47%2BTYC2x7N7SLM2PXBqXmX%2BtE2ikQftbNLcwyXNaExF%2BqZI%2FqaUnjcnzju9V18wJFqMLpbgA9vMWrWLpMkJ8RPMCSjhjg0f6Q%3D%3D"}],"group":"cf-nel","max_age":604800}', 'Nel': '{"success_fraction":0,"report_to":"cf-nel","max_age":604800}', 'server-timing': 'cfL4;desc="?proto=TCP&rtt=14561&min_rtt=4597&rtt_var=5500&sent=126&recv=44&lost=0&retrans=0&sent_bytes=138888&recv_bytes=1159&delivery_rate=4044686&cwnd=257&unsent_bytes=0&cid=1f639db4d40cf248&ts=9232&x=0"')>)
British Virgin Islands: ClientResponseError(RequestInfo(url=URL('https://visaguide.world/visa-free-countries/virginislander-passport/'), method='GET', headers=<CIMultiDictProxy('Host': 'visaguide.world', 'Accept': '*/*', 'Accept-Encoding': 'gzip, deflate', 'User-Agent': 'Python/3.10 aiohttp/3.12.6')>, real_url=URL('https://visaguide.world/visa-free-countries/virginislander-passport/')), (), status=404, message='Not Found', headers=<CIMultiDictProxy('Date': 'Mon, 02 Jun 2025 00:57:17 GMT', 'Content-Type': 'text/html; charset=UTF-8', 'Transfer-Encoding': 'chunked', 'Connection': 'keep-alive', 'Cf-Ray': '9492fee11a17330b-KIN', 'Server': 'cloudflare', 'Content-Encoding': 'gzip', 'Vary': 'Accept-Encoding', 'Expires': 'Wed, 11 Jan 1984 05:00:00 GMT', 'Permissions-Policy': 'browsing-topics=()', 'X-Frame-Options': 'SAMEORIGIN', 'Age': '0', 'Cf-Cache-Status': 'DYNAMIC', 'Report-To': '{"endpoints":[{"url":"https:\\/\\/a.nel.cloudflare.com\\/report\\/v4?s=whOJGNAOT%2FrT6BcsqSyfvgdxyWS4m4rTS%2FdcSsEs5Axmk63OSxvAK7yfseQBu3athiA9mY3J6OxrMGleh62WdrYgI3XQamVA42AvrO%2Bj40eC8Q0kz1Mj3NPC%2FKq9JnVh7S3ypFnOGY1tLlmElA%3D%3D"}],"group":"cf-nel","max_age":604800}', 'Nel': '{"success_fraction":0,"report_to":"cf-nel","max_age":604800}', 'server-timing': 'cfL4;desc="?proto=TCP&rtt=19211&min_rtt=8480&rtt_var=6793&sent=145&recv=43&lost=0&retrans=1&sent_bytes=139138&recv_bytes=1169&delivery_rate=2984819&cwnd=254&unsent_bytes=0&cid=7654a65bdac41d47&ts=9289&x=0"')>)
Bosnia and Herzegovina: ClientResponseError(RequestInfo(url=URL('https://visaguide.world/visa-free-countries/bosnian-and-herzegovinian-passport/'), method='GET', headers=<CIMultiDictProxy('Host': 'visaguide.world', 'Accept': '*/*', 'Accept-Encoding': 'gzip, deflate', 'User-Agent': 'Python/3.10 aiohttp/3.12.6')>, real_url=URL('https://visaguide.world/visa-free-countries/bosnian-and-herzegovinian-passport/')), (), status=404, message='Not Found', headers=<CIMultiDictProxy('Date': 'Mon, 02 Jun 2025 00:57:17 GMT', 'Content-Type': 'text/html; charset=UTF-8', 'Transfer-Encoding': 'chunked', 'Connection': 'keep-alive', 'Cf-Ray': '9492fee10a0b330b-KIN', 'Server': 'cloudflare', 'Content-Encoding': 'gzip', 'Vary': 'Accept-Encoding', 'Expires': 'Wed, 11 Jan 1984 05:00:00 GMT', 'Permissions-Policy': 'browsing-topics=()', 'X-Frame-Options': 'SAMEORIGIN', 'Age': '0', 'Cf-Cache-Status': 'DYNAMIC', 'Report-To': '{"endpoints":[{"url":"https:\\/\\/a.nel.cloudflare.com\\/report\\/v4?s=Ezt0tvduTQZ7MVi7HrqMSP4HUWAsqucGSI0935tuVO7snfZnGAS%2FjlBT3BTKOBYDfKW%2FE1GjNy%2Fi8rdb4Py%2F%2BI%2Fxk8%2FPaElroLbYdT0rvXvejodj9MjED8QOQPMP1ipbug%3D%3D"}],"group":"cf-nel","max_age":604800}', 'Nel': '{"success_fraction":0,"report_to":"cf-nel","max_age":604800}', 'server-timing': 'cfL4;desc="?proto=TCP&rtt=24475&min_rtt=4195&rtt_var=14839&sent=195&recv=77&lost=0&retrans=0&sent_bytes=220105&recv_bytes=1371&delivery_rate=2670701&cwnd=252&unsent_bytes=0&cid=0915233ef66916fd&ts=9315&x=0"')>)
Central African Republic: ClientResponseError(RequestInfo(url=URL('https://visaguide.world/visa-free-countries/centralafrican-passport/'), method='GET', headers=<CIMultiDictProxy('Host': 'visaguide.world', 'Accept': '*/*', 'Accept-Encoding': 'gzip, deflate', 'User-Agent': 'Python/3.10 aiohttp/3.12.6')>, real_url=URL('https://visaguide.world/visa-free-countries/centralafrican-passport/')), (), status=404, message='Not Found', headers=<CIMultiDictProxy('Date': 'Mon, 02 Jun 2025 00:57:19 GMT', 'Content-Type': 'text/html; charset=UTF-8', 'Transfer-Encoding': 'chunked', 'Connection': 'keep-alive', 'Cf-Ray': '9492fef0fd86330b-KIN', 'Server': 'cloudflare', 'Content-Encoding': 'gzip', 'Vary': 'Accept-Encoding', 'Expires': 'Wed, 11 Jan 1984 05:00:00 GMT', 'Permissions-Policy': 'browsing-topics=()', 'X-Frame-Options': 'SAMEORIGIN', 'Age': '0', 'Cf-Cache-Status': 'DYNAMIC', 'Report-To': '{"endpoints":[{"url":"https:\\/\\/a.nel.cloudflare.com\\/report\\/v4?s=fpKuWUn5QoB%2BMjWsrK6tV4CsLOP2rnG9cSu9570qYcO4WcDPHdjmLZdv%2F8GoL1PpCIXwZ8LsYgZgdqjc2NmE4JZm%2FW3l5aDNaWqjic%2B0ygooPyW4VD9sHkqwF9Gs2UGSLA%3D%3D"}],"group":"cf-nel","max_age":604800}', 'Nel': '{"success_fraction":0,"report_to":"cf-nel","max_age":604800}', 'server-timing': 'cfL4;desc="?proto=TCP&rtt=102322&min_rtt=4195&rtt_var=37647&sent=247&recv=102&lost=0&retrans=1&sent_bytes=282370&recv_bytes=1563&delivery_rate=2670701&cwnd=252&unsent_bytes=0&cid=0915233ef66916fd&ts=12033&x=0"')>)
Cape Verde: ClientResponseError(RequestInfo(url=URL('https://visaguide.world/visa-free-countries/capeverdian-passport/'), method='GET', headers=<CIMultiDictProxy('Host': 'visaguide.world', 'Accept': '*/*', 'Accept-Encoding': 'gzip, deflate', 'User-Agent': 'Python/3.10 aiohttp/3.12.6')>, real_url=URL('https://visaguide.world/visa-free-countries/capeverdian-passport/')), (), status=404, message='Not Found', headers=<CIMultiDictProxy('Date': 'Mon, 02 Jun 2025 00:57:19 GMT', 'Content-Type': 'text/html; charset=UTF-8', 'Transfer-Encoding': 'chunked', 'Connection': 'keep-alive', 'Cf-Ray': '9492fef02ef63301-KIN', 'Server': 'cloudflare', 'Content-Encoding': 'gzip', 'Vary': 'Accept-Encoding', 'Expires': 'Wed, 11 Jan 1984 05:00:00 GMT', 'Permissions-Policy': 'browsing-topics=()', 'X-Frame-Options': 'SAMEORIGIN', 'Age': '0', 'Cf-Cache-Status': 'DYNAMIC', 'Report-To': '{"endpoints":[{"url":"https:\\/\\/a.nel.cloudflare.com\\/report\\/v4?s=xx%2BXBtp%2FVRB9xbwnZLZgIjxOJL6%2F00Dk0atgmQVwMjWTmZHHGgkWJJLra%2BB7xeGeczsDgC%2B85Vf48nrKVgzE4hczebGpgiV67kE88CxooQsbepGBmWzrmlMGSIF25hMnNX0n%2F%2FKSiNRWYfpdhQ%3D%3D"}],"group":"cf-nel","max_age":604800}', 'Nel': '{"success_fraction":0,"report_to":"cf-nel","max_age":604800}', 'server-timing': 'cfL4;desc="?proto=TCP&rtt=54635&min_rtt=3238&rtt_var=6963&sent=266&recv=95&lost=0&retrans=1&sent_bytes=283082&recv_bytes=1532&delivery_rate=2512573&cwnd=252&unsent_bytes=0&cid=c599c50e8a09d7cc&ts=12116&x=0"')>)
Cayman Islands: ClientResponseError(RequestInfo(url=URL('https://visaguide.world/visa-free-countries/caymanian-passport/'), method='GET', headers=<CIMultiDictProxy('Host': 'visaguide.world', 'Accept': '*/*', 'Accept-Encoding': 'gzip, deflate', 'User-Agent': 'Python/3.10 aiohttp/3.12.6')>, real_url=URL('https://visaguide.world/visa-free-countries/caymanian-passport/')), (), status=404, message='Not Found', headers=<CIMultiDictProxy('Date': 'Mon, 02 Jun 2025 00:57:20 GMT', 'Content-Type': 'text/html; charset=UTF-8', 'Transfer-Encoding': 'chunked', 'Connection': 'keep-alive', 'Cf-Ray': '9492fef0dd7c330b-KIN', 'Server': 'cloudflare', 'Content-Encoding': 'gzip', 'Vary': 'Accept-Encoding', 'Expires': 'Wed, 11 Jan 1984 05:00:00 GMT', 'Permissions-Policy': 'browsing-topics=()', 'X-Frame-Options': 'SAMEORIGIN', 'Age': '0', 'Cf-Cache-Status': 'DYNAMIC', 'Report-To': '{"endpoints":[{"url":"https:\\/\\/a.nel.cloudflare.com\\/report\\/v4?s=WZQyV2pt1ddxQfKRbA7H9gLTOSRtTw6CiTYB9lRm%2BGssVQRYwfu40dWlhF6ZI86V8qNjvrGTPl1NE501SIIpwVuv%2FAwOgc5ZMg4rAO1nRHXxfuO8ZsdE35n6xmBBeWSt%2FyEbaxs7bFW7xAFEcw%3D%3D"}],"group":"cf-nel","max_age":604800}', 'Nel': '{"success_fraction":0,"report_to":"cf-nel","max_age":604800}', 'server-timing': 'cfL4;desc="?proto=TCP&rtt=95544&min_rtt=6216&rtt_var=71628&sent=204&recv=64&lost=0&retrans=2&sent_bytes=201646&recv_bytes=1356&delivery_rate=2984819&cwnd=254&unsent_bytes=0&cid=7654a65bdac41d47&ts=12364&x=0"')>)
Cocos (Keeling) Islands: ClientResponseError(RequestInfo(url=URL('https://visaguide.world/visa-free-countries/cocosislander-passport/'), method='GET', headers=<CIMultiDictProxy('Host': 'visaguide.world', 'Accept': '*/*', 'Accept-Encoding': 'gzip, deflate', 'User-Agent': 'Python/3.10 aiohttp/3.12.6')>, real_url=URL('https://visaguide.world/visa-free-countries/cocosislander-passport/')), (), status=404, message='Not Found', headers=<CIMultiDictProxy('Date': 'Mon, 02 Jun 2025 00:57:23 GMT', 'Content-Type': 'text/html; charset=UTF-8', 'Transfer-Encoding': 'chunked', 'Connection': 'keep-alive', 'Cf-Ray': '9492ff03fe51330a-KIN', 'Server': 'cloudflare', 'Content-Encoding': 'gzip', 'Vary': 'Accept-Encoding', 'Expires': 'Wed, 11 Jan 1984 05:00:00 GMT', 'Permissions-Policy': 'browsing-topics=()', 'X-Frame-Options': 'SAMEORIGIN', 'Age': '0', 'Cf-Cache-Status': 'DYNAMIC', 'Report-To': '{"endpoints":[{"url":"https:\\/\\/a.nel.cloudflare.com\\/report\\/v4?s=Um0H36F4HyOnr6hNTsof7kn6ozSXL%2Fz8yvmjzh3xqj1RZzTZY37I9dDmyy7eGtBxrd%2FHKhoHGVvPJD6QsxbO7KviCp4A1r2ANEhdwOM6yO8Ke%2Fyk72zlW5IkPuZvVLTQLSAeUOa%2F%2BwUS1JKo%2BA%3D%3D"}],"group":"cf-nel","max_age":604800}', 'Nel': '{"success_fraction":0,"report_to":"cf-nel","max_age":604800}', 'server-timing': 'cfL4;desc="?proto=TCP&rtt=136226&min_rtt=4817&rtt_var=39255&sent=287&recv=98&lost=0&retrans=2&sent_bytes=294058&recv_bytes=1533&delivery_rate=2433509&cwnd=256&unsent_bytes=0&cid=edd8245997416d0c&ts=15354&x=0"')>)
Cook Islands: ClientResponseError(RequestInfo(url=URL('https://visaguide.world/visa-free-countries/cookislander-passport/'), method='GET', headers=<CIMultiDictProxy('Host': 'visaguide.world', 'Accept': '*/*', 'Accept-Encoding': 'gzip, deflate', 'User-Agent': 'Python/3.10 aiohttp/3.12.6')>, real_url=URL('https://visaguide.world/visa-free-countries/cookislander-passport/')), (), status=404, message='Not Found', headers=<CIMultiDictProxy('Date': 'Mon, 02 Jun 2025 00:57:23 GMT', 'Content-Type': 'text/html; charset=UTF-8', 'Transfer-Encoding': 'chunked', 'Connection': 'keep-alive', 'Cf-Ray': '9492ff05fb9f330b-KIN', 'Server': 'cloudflare', 'Content-Encoding': 'gzip', 'Vary': 'Accept-Encoding', 'Expires': 'Wed, 11 Jan 1984 05:00:00 GMT', 'Permissions-Policy': 'browsing-topics=()', 'X-Frame-Options': 'SAMEORIGIN', 'Age': '0', 'Cf-Cache-Status': 'DYNAMIC', 'Report-To': '{"endpoints":[{"url":"https:\\/\\/a.nel.cloudflare.com\\/report\\/v4?s=G1YkbXiS5wfETx2N7t9%2FQ7BiPuxxrbo7Gdhk5an%2FBZ9jgpW7OKps4oKS5T5cXyQxgZRzQiEL0yM%2FY%2BOI7DcGmYxZ%2BlLN2dwtYduKuGeoFOesI%2FMP9QzySrXTmGsAV%2BwBSg%3D%3D"}],"group":"cf-nel","max_age":604800}', 'Nel': '{"success_fraction":0,"report_to":"cf-nel","max_age":604800}', 'server-timing': 'cfL4;desc="?proto=TCP&rtt=34187&min_rtt=4195&rtt_var=20635&sent=299&recv=116&lost=0&retrans=1&sent_bytes=344331&recv_bytes=1753&delivery_rate=2670701&cwnd=252&unsent_bytes=0&cid=0915233ef66916fd&ts=15699&x=0"')>)
Costa Rica: ClientResponseError(RequestInfo(url=URL('https://visaguide.world/visa-free-countries/costarican-passport/'), method='GET', headers=<CIMultiDictProxy('Host': 'visaguide.world', 'Accept': '*/*', 'Accept-Encoding': 'gzip, deflate', 'User-Agent': 'Python/3.10 aiohttp/3.12.6')>, real_url=URL('https://visaguide.world/visa-free-countries/costarican-passport/')), (), status=404, message='Not Found', headers=<CIMultiDictProxy('Date': 'Mon, 02 Jun 2025 00:57:23 GMT', 'Content-Type': 'text/html; charset=UTF-8', 'Transfer-Encoding': 'chunked', 'Connection': 'keep-alive', 'Cf-Ray': '9492ff061c633301-KIN', 'Server': 'cloudflare', 'Content-Encoding': 'gzip', 'Vary': 'Accept-Encoding', 'Expires': 'Wed, 11 Jan 1984 05:00:00 GMT', 'Permissions-Policy': 'browsing-topics=()', 'X-Frame-Options': 'SAMEORIGIN', 'Age': '0', 'Cf-Cache-Status': 'DYNAMIC', 'Report-To': '{"endpoints":[{"url":"https:\\/\\/a.nel.cloudflare.com\\/report\\/v4?s=priZVf%2BV6tHv%2BlMNhUsJnRrP9GiSFTO3bvZC8nPZe07pzkRyOlLXGrIXLcQqO74JEtYTYdXaBmBhCEw1TfRI9v2ULVQQmIbNj6CvqWTzNVOp0fm%2BjMN6WqKMGTBfTr2sM1pt%2BI6fmyeHDNptbg%3D%3D"}],"group":"cf-nel","max_age":604800}', 'Nel': '{"success_fraction":0,"report_to":"cf-nel","max_age":604800}', 'server-timing': 'cfL4;desc="?proto=TCP&rtt=22993&min_rtt=3238&rtt_var=8228&sent=318&recv=110&lost=0&retrans=1&sent_bytes=345169&recv_bytes=1720&delivery_rate=2512573&cwnd=252&unsent_bytes=0&cid=c599c50e8a09d7cc&ts=15744&x=0"')>)
Christmas Island: ClientResponseError(RequestInfo(url=URL('https://visaguide.world/visa-free-countries/christmasislander-passport/'), method='GET', headers=<CIMultiDictProxy('Host': 'visaguide.world', 'Accept': '*/*', 'Accept-Encoding': 'gzip, deflate', 'User-Agent': 'Python/3.10 aiohttp/3.12.6')>, real_url=URL('https://visaguide.world/visa-free-countries/christmasislander-passport/')), (), status=404, message='Not Found', headers=<CIMultiDictProxy('Date': 'Mon, 02 Jun 2025 00:57:23 GMT', 'Content-Type': 'text/html; charset=UTF-8', 'Transfer-Encoding': 'chunked', 'Connection': 'keep-alive', 'Cf-Ray': '9492ff03fb213301-KIN', 'Server': 'cloudflare', 'Content-Encoding': 'gzip', 'Vary': 'Accept-Encoding', 'Expires': 'Wed, 11 Jan 1984 05:00:00 GMT', 'Permissions-Policy': 'browsing-topics=()', 'X-Frame-Options': 'SAMEORIGIN', 'Age': '0', 'Cf-Cache-Status': 'DYNAMIC', 'Report-To': '{"endpoints":[{"url":"https:\\/\\/a.nel.cloudflare.com\\/report\\/v4?s=wqPuQqaVXydFrMOmtsNBOIiHiAdpzOHfr3x4p2LqZn7zsGnJtk0YwmQT7%2B5DqtzgGp8gigeWskkouCerUyWrdg8Oy%2FOtQF%2FlIJ1KKHDudW3fk6%2Fseln6m14W%2FOXVguk1kw%3D%3D"}],"group":"cf-nel","max_age":604800}', 'Nel': '{"success_fraction":0,"report_to":"cf-nel","max_age":604800}', 'server-timing': 'cfL4;desc="?proto=TCP&rtt=80597&min_rtt=3868&rtt_var=17785&sent=251&recv=101&lost=0&retrans=2&sent_bytes=283583&recv_bytes=1540&delivery_rate=2158196&cwnd=254&unsent_bytes=0&cid=ed073661c1ccc24c&ts=15891&x=0"')>)
Dominican Republic: RuntimeError('coroutine is being awaited already')
Curaçao: ClientResponseError(RequestInfo(url=URL('https://visaguide.world/visa-free-countries/cura%C3%A7aoan-passport/'), method='GET', headers=<CIMultiDictProxy('Host': 'visaguide.world', 'Accept': '*/*', 'Accept-Encoding': 'gzip, deflate', 'User-Agent': 'Python/3.10 aiohttp/3.12.6')>, real_url=URL('https://visaguide.world/visa-free-countries/cura%C3%A7aoan-passport/')), (), status=404, message='Not Found', headers=<CIMultiDictProxy('Date': 'Mon, 02 Jun 2025 00:57:24 GMT', 'Content-Type': 'text/html; charset=UTF-8', 'Transfer-Encoding': 'chunked', 'Connection': 'keep-alive', 'Cf-Ray': '9492ff0b4e8e3310-KIN', 'Server': 'cloudflare', 'Content-Encoding': 'gzip', 'Vary': 'Accept-Encoding', 'Expires': 'Wed, 11 Jan 1984 05:00:00 GMT', 'Permissions-Policy': 'browsing-topics=()', 'X-Frame-Options': 'SAMEORIGIN', 'Age': '0', 'Cf-Cache-Status': 'DYNAMIC', 'Report-To': '{"endpoints":[{"url":"https:\\/\\/a.nel.cloudflare.com\\/report\\/v4?s=7QmKmSua4RmP9D8Y2wHzn1La0iFUigikfssDmrXC70HINmIkDINUVdc2iMNnPyD8vvRBcs6bC%2B5ivnQsx60s80bRbBmHjOrd3qUH2cey3VW7pEzDNbGIk3e0n5%2F92khk%2BXgcOVFKPZbQLZ7P5Q%3D%3D"}],"group":"cf-nel","max_age":604800}', 'Nel': '{"success_fraction":0,"report_to":"cf-nel","max_age":604800}', 'server-timing': 'cfL4;desc="?proto=TCP&rtt=42857&min_rtt=3637&rtt_var=28790&sent=334&recv=105&lost=0&retrans=0&sent_bytes=355901&recv_bytes=1718&delivery_rate=2772304&cwnd=252&unsent_bytes=0&cid=11971cdbe5a41e2f&ts=16448&x=0"')>)
Djibouti: ClientResponseError(RequestInfo(url=URL('https://visaguide.world/visa-free-countries/djibouti-passport/'), method='GET', headers=<CIMultiDictProxy('Host': 'visaguide.world', 'Accept': '*/*', 'Accept-Encoding': 'gzip, deflate', 'User-Agent': 'Python/3.10 aiohttp/3.12.6')>, real_url=URL('https://visaguide.world/visa-free-countries/djibouti-passport/')), (), status=404, message='Not Found', headers=<CIMultiDictProxy('Date': 'Mon, 02 Jun 2025 00:57:25 GMT', 'Content-Type': 'text/html; charset=UTF-8', 'Transfer-Encoding': 'chunked', 'Connection': 'keep-alive', 'Cf-Ray': '9492ff16ee323301-KIN', 'Server': 'cloudflare', 'Content-Encoding': 'gzip', 'Vary': 'Accept-Encoding', 'Expires': 'Wed, 11 Jan 1984 05:00:00 GMT', 'Permissions-Policy': 'browsing-topics=()', 'X-Frame-Options': 'SAMEORIGIN', 'Age': '0', 'Cf-Cache-Status': 'DYNAMIC', 'Report-To': '{"endpoints":[{"url":"https:\\/\\/a.nel.cloudflare.com\\/report\\/v4?s=hLZduQ1U76fr1UQUkGWmYYkRANzZyXTUin64vPyTCJTSmXPYxkh2CC044oi7rvanHREhFNPeKpgCIrWATs14ncbr136Z8hYVj%2BZb14xnJiVlxxVdaFosDHnn0Ager3MoGw%3D%3D"}],"group":"cf-nel","max_age":604800}', 'Nel': '{"success_fraction":0,"report_to":"cf-nel","max_age":604800}', 'server-timing': 'cfL4;desc="?proto=TCP&rtt=18482&min_rtt=3586&rtt_var=14858&sent=376&recv=129&lost=0&retrans=2&sent_bytes=437266&recv_bytes=1899&delivery_rate=3045072&cwnd=257&unsent_bytes=0&cid=fda9cabb50173855&ts=18014&x=0"')>)
Ecuador: ClientResponseError(RequestInfo(url=URL('https://visaguide.world/visa-free-countries/ecuadorean-passport/'), method='GET', headers=<CIMultiDictProxy('Host': 'visaguide.world', 'Accept': '*/*', 'Accept-Encoding': 'gzip, deflate', 'User-Agent': 'Python/3.10 aiohttp/3.12.6')>, real_url=URL('https://visaguide.world/visa-free-countries/ecuadorean-passport/')), (), status=404, message='Not Found', headers=<CIMultiDictProxy('Date': 'Mon, 02 Jun 2025 00:57:25 GMT', 'Content-Type': 'text/html; charset=UTF-8', 'Transfer-Encoding': 'chunked', 'Connection': 'keep-alive', 'Cf-Ray': '9492ff171f53330b-KIN', 'Server': 'cloudflare', 'Content-Encoding': 'gzip', 'Vary': 'Accept-Encoding', 'Expires': 'Wed, 11 Jan 1984 05:00:00 GMT', 'Permissions-Policy': 'browsing-topics=()', 'X-Frame-Options': 'SAMEORIGIN', 'Age': '0', 'Cf-Cache-Status': 'DYNAMIC', 'Report-To': '{"endpoints":[{"url":"https:\\/\\/a.nel.cloudflare.com\\/report\\/v4?s=WunF6OiAA7Y6dd4G1VezVF69YQYYZN5SxWwe2MyVzMoiEJD16leOswvgyDbL30ZDBjj%2BEKxALuLAMJEdzaqRTrFuVlManuxSgwhUtzIVniUIq0Dg6j4KhUxcq8TnO2ta3A%3D%3D"}],"group":"cf-nel","max_age":604800}', 'Nel': '{"success_fraction":0,"report_to":"cf-nel","max_age":604800}', 'server-timing': 'cfL4;desc="?proto=TCP&rtt=42628&min_rtt=4195&rtt_var=5547&sent=351&recv=133&lost=0&retrans=1&sent_bytes=406608&recv_bytes=1941&delivery_rate=2670701&cwnd=252&unsent_bytes=0&cid=0915233ef66916fd&ts=18151&x=0"')>)
French Southern and Antarctic Lands: RuntimeError('coroutine is being awaited already')
Faroe Islands: ClientResponseError(RequestInfo(url=URL('https://visaguide.world/visa-free-countries/faroese-passport/'), method='GET', headers=<CIMultiDictProxy('Host': 'visaguide.world', 'Accept': '*/*', 'Accept-Encoding': 'gzip, deflate', 'User-Agent': 'Python/3.10 aiohttp/3.12.6')>, real_url=URL('https://visaguide.world/visa-free-countries/faroese-passport/')), (), status=404, message='Not Found', headers=<CIMultiDictProxy('Date': 'Mon, 02 Jun 2025 00:57:28 GMT', 'Content-Type': 'text/html; charset=UTF-8', 'Transfer-Encoding': 'chunked', 'Connection': 'keep-alive', 'Cf-Ray': '9492ff2558373305-KIN', 'Server': 'cloudflare', 'Content-Encoding': 'gzip', 'Vary': 'Accept-Encoding', 'Expires': 'Wed, 11 Jan 1984 05:00:00 GMT', 'Permissions-Policy': 'browsing-topics=()', 'X-Frame-Options': 'SAMEORIGIN', 'Age': '0', 'Cf-Cache-Status': 'DYNAMIC', 'Report-To': '{"endpoints":[{"url":"https:\\/\\/a.nel.cloudflare.com\\/report\\/v4?s=3nCxw5C%2BYMxtCUJoVB%2BKNQNCWywxuQI%2BJW%2BzZLWGYscybWD2aGl3jxDVVuzSz%2FlE8JIV%2FGRDfH2lsTzLfe3T%2Fw3muwY0Um3Y5xd5BWaNEt0t%2B8tZbcz9%2Bk%2BrIV%2BN%2B9Udt5V31vdZs%2BVT8XUvZw%3D%3D"}],"group":"cf-nel","max_age":604800}', 'Nel': '{"success_fraction":0,"report_to":"cf-nel","max_age":604800}', 'server-timing': 'cfL4;desc="?proto=TCP&rtt=22044&min_rtt=4756&rtt_var=6825&sent=452&recv=170&lost=0&retrans=0&sent_bytes=500841&recv_bytes=2087&delivery_rate=1700253&cwnd=256&unsent_bytes=0&cid=5e2c5b4f09341d18&ts=20209&x=0"')>)
Falkland Islands: ClientResponseError(RequestInfo(url=URL('https://visaguide.world/visa-free-countries/falklandislander-passport/'), method='GET', headers=<CIMultiDictProxy('Host': 'visaguide.world', 'Accept': '*/*', 'Accept-Encoding': 'gzip, deflate', 'User-Agent': 'Python/3.10 aiohttp/3.12.6')>, real_url=URL('https://visaguide.world/visa-free-countries/falklandislander-passport/')), (), status=404, message='Not Found', headers=<CIMultiDictProxy('Date': 'Mon, 02 Jun 2025 00:57:28 GMT', 'Content-Type': 'text/html; charset=UTF-8', 'Transfer-Encoding': 'chunked', 'Connection': 'keep-alive', 'Cf-Ray': '9492ff254eb13301-KIN', 'Server': 'cloudflare', 'Content-Encoding': 'gzip', 'Vary': 'Accept-Encoding', 'Expires': 'Wed, 11 Jan 1984 05:00:00 GMT', 'Permissions-Policy': 'browsing-topics=()', 'X-Frame-Options': 'SAMEORIGIN', 'Age': '0', 'Cf-Cache-Status': 'DYNAMIC', 'Report-To': '{"endpoints":[{"url":"https:\\/\\/a.nel.cloudflare.com\\/report\\/v4?s=MrwmTf3WkklynYzYFUNhst2zHmfWn2RS%2BLwwiV58TJPL8NUA9tlOMO4afH%2FEDuiLziVaLrt%2FfEOcqYrkmCAi9%2F2%2BGkpTn%2BubYpLc4D%2Fmix%2Fdjm3es9opTNR5lSesT%2B1uQMh0OcI1X5qcvoekFQ%3D%3D"}],"group":"cf-nel","max_age":604800}', 'Nel': '{"success_fraction":0,"report_to":"cf-nel","max_age":604800}', 'server-timing': 'cfL4;desc="?proto=TCP&rtt=37565&min_rtt=3238&rtt_var=14041&sent=433&recv=150&lost=0&retrans=1&sent_bytes=479952&recv_bytes=2100&delivery_rate=2512573&cwnd=252&unsent_bytes=0&cid=c599c50e8a09d7cc&ts=20330&x=0"')>)
French Guiana: ClientResponseError(RequestInfo(url=URL('https://visaguide.world/visa-free-countries/guianan-passport/'), method='GET', headers=<CIMultiDictProxy('Host': 'visaguide.world', 'Accept': '*/*', 'Accept-Encoding': 'gzip, deflate', 'User-Agent': 'Python/3.10 aiohttp/3.12.6')>, real_url=URL('https://visaguide.world/visa-free-countries/guianan-passport/')), (), status=404, message='Not Found', headers=<CIMultiDictProxy('Date': 'Mon, 02 Jun 2025 00:57:29 GMT', 'Content-Type': 'text/html; charset=UTF-8', 'Transfer-Encoding': 'chunked', 'Connection': 'keep-alive', 'Cf-Ray': '9492ff2a7c73330b-KIN', 'Server': 'cloudflare', 'Content-Encoding': 'gzip', 'Vary': 'Accept-Encoding', 'Expires': 'Wed, 11 Jan 1984 05:00:00 GMT', 'Permissions-Policy': 'browsing-topics=()', 'X-Frame-Options': 'SAMEORIGIN', 'Age': '0', 'Cf-Cache-Status': 'DYNAMIC', 'Report-To': '{"endpoints":[{"url":"https:\\/\\/a.nel.cloudflare.com\\/report\\/v4?s=FG9lEu1Z7LpJmbA19jjBVcdbknf7EijyJVPzC5zfvi32%2FaSJ%2BM2nTcFO8m1xdNR2qvZCnWv9XYQPGdKqqUmUeiEtWIzlDQf5pecxWuNx9j%2B3XmlzvUd7%2F9Mkz0bC66CyxQ%3D%3D"}],"group":"cf-nel","max_age":604800}', 'Nel': '{"success_fraction":0,"report_to":"cf-nel","max_age":604800}', 'server-timing': 'cfL4;desc="?proto=TCP&rtt=22714&min_rtt=4195&rtt_var=4008&sent=401&recv=148&lost=0&retrans=1&sent_bytes=468673&recv_bytes=2126&delivery_rate=2670701&cwnd=252&unsent_bytes=0&cid=0915233ef66916fd&ts=21320&x=0"')>)
French Polynesia: ClientResponseError(RequestInfo(url=URL('https://visaguide.world/visa-free-countries/frenchpolynesian-passport/'), method='GET', headers=<CIMultiDictProxy('Host': 'visaguide.world', 'Accept': '*/*', 'Accept-Encoding': 'gzip, deflate', 'User-Agent': 'Python/3.10 aiohttp/3.12.6')>, real_url=URL('https://visaguide.world/visa-free-countries/frenchpolynesian-passport/')), (), status=404, message='Not Found', headers=<CIMultiDictProxy('Date': 'Mon, 02 Jun 2025 00:57:29 GMT', 'Content-Type': 'text/html; charset=UTF-8', 'Transfer-Encoding': 'chunked', 'Connection': 'keep-alive', 'Cf-Ray': '9492ff2d7edd330a-KIN', 'Server': 'cloudflare', 'Content-Encoding': 'gzip', 'Vary': 'Accept-Encoding', 'Expires': 'Wed, 11 Jan 1984 05:00:00 GMT', 'Permissions-Policy': 'browsing-topics=()', 'X-Frame-Options': 'SAMEORIGIN', 'Age': '0', 'Cf-Cache-Status': 'DYNAMIC', 'Report-To': '{"endpoints":[{"url":"https:\\/\\/a.nel.cloudflare.com\\/report\\/v4?s=v%2FfGGD%2FEpr1vWusO%2ByVdFyTC%2FMZ85HCAuPM%2Ftc7YMRp0ovpn9zt%2BYBW3NjJYU1F6u3Q9AhF%2BEw%2BNqLezqVfm3QxEX2aMKrSo4cLeNgN5UvIUlFupS45lWV80MQ3NhnvqqNxKqYIAKZP6LN0wsw%3D%3D"}],"group":"cf-nel","max_age":604800}', 'Nel': '{"success_fraction":0,"report_to":"cf-nel","max_age":604800}', 'server-timing': 'cfL4;desc="?proto=TCP&rtt=27961&min_rtt=4817&rtt_var=6874&sent=457&recv=167&lost=0&retrans=2&sent_bytes=499998&recv_bytes=2101&delivery_rate=2433509&cwnd=307&unsent_bytes=0&cid=edd8245997416d0c&ts=21652&x=0"')>)
Gibraltar: ClientResponseError(RequestInfo(url=URL('https://visaguide.world/visa-free-countries/gibraltar-passport/'), method='GET', headers=<CIMultiDictProxy('Host': 'visaguide.world', 'Accept': '*/*', 'Accept-Encoding': 'gzip, deflate', 'User-Agent': 'Python/3.10 aiohttp/3.12.6')>, real_url=URL('https://visaguide.world/visa-free-countries/gibraltar-passport/')), (), status=404, message='Not Found', headers=<CIMultiDictProxy('Date': 'Mon, 02 Jun 2025 00:57:31 GMT', 'Content-Type': 'text/html; charset=UTF-8', 'Transfer-Encoding': 'chunked', 'Connection': 'keep-alive', 'Cf-Ray': '9492ff37ca333301-KIN', 'Server': 'cloudflare', 'Content-Encoding': 'gzip', 'Vary': 'Accept-Encoding', 'Expires': 'Wed, 11 Jan 1984 05:00:00 GMT', 'Permissions-Policy': 'browsing-topics=()', 'X-Frame-Options': 'SAMEORIGIN', 'Age': '0', 'Cf-Cache-Status': 'DYNAMIC', 'Report-To': '{"endpoints":[{"url":"https:\\/\\/a.nel.cloudflare.com\\/report\\/v4?s=7bjUnBBp7jL8nlI7Ax2Yd64uVbGkh6D0YICE%2BfVn9dE0zWSgBdxx0RG2afRLe1%2Fp98kpYCMT2xWvYxlNH89fcDBbLs3kBm%2Bb99zGqsfs5IkE%2BZp0RKBQkEgxu4udJMREUGLW%2FtD6pkzD%2BSYhsg%3D%3D"}],"group":"cf-nel","max_age":604800}', 'Nel': '{"success_fraction":0,"report_to":"cf-nel","max_age":604800}', 'server-timing': 'cfL4;desc="?proto=TCP&rtt=24457&min_rtt=3238&rtt_var=17495&sent=485&recv=159&lost=0&retrans=1&sent_bytes=541961&recv_bytes=2287&delivery_rate=2512573&cwnd=252&unsent_bytes=0&cid=c599c50e8a09d7cc&ts=23529&x=0"')>)
Equatorial Guinea: ClientResponseError(RequestInfo(url=URL('https://visaguide.world/visa-free-countries/equatorialguinean-passport/'), method='GET', headers=<CIMultiDictProxy('Host': 'visaguide.world', 'Accept': '*/*', 'Accept-Encoding': 'gzip, deflate', 'User-Agent': 'Python/3.10 aiohttp/3.12.6')>, real_url=URL('https://visaguide.world/visa-free-countries/equatorialguinean-passport/')), (), status=404, message='Not Found', headers=<CIMultiDictProxy('Date': 'Mon, 02 Jun 2025 00:57:31 GMT', 'Content-Type': 'text/html; charset=UTF-8', 'Transfer-Encoding': 'chunked', 'Connection': 'keep-alive', 'Cf-Ray': '9492ff3a0b773304-KIN', 'Server': 'cloudflare', 'Content-Encoding': 'gzip', 'Vary': 'Accept-Encoding', 'Expires': 'Wed, 11 Jan 1984 05:00:00 GMT', 'Permissions-Policy': 'browsing-topics=()', 'X-Frame-Options': 'SAMEORIGIN', 'Age': '0', 'Cf-Cache-Status': 'DYNAMIC', 'Report-To': '{"endpoints":[{"url":"https:\\/\\/a.nel.cloudflare.com\\/report\\/v4?s=FF7x6RWyDrzwcJ70qHmpB%2BtNSjpwWznhPjlgEbV6I0pqQE0ftLidAr88oHEpRBtgaHUfLcCZokUWIrMRIjMJ4ccEVBnCKVb5X6y5Vmc3LpfICotMXeBPpYxJ0JKkk5nQxIxiFkl8qRm3tcQJvA%3D%3D"}],"group":"cf-nel","max_age":604800}', 'Nel': '{"success_fraction":0,"report_to":"cf-nel","max_age":604800}', 'server-timing': 'cfL4;desc="?proto=TCP&rtt=6790&min_rtt=6225&rtt_var=3464&sent=6&recv=6&lost=0&retrans=0&sent_bytes=2852&recv_bytes=792&delivery_rate=379711&cwnd=252&unsent_bytes=0&cid=f8bb95ff1583ae1a&ts=2285&x=0"')>)
Greenland: ClientResponseError(RequestInfo(url=URL('https://visaguide.world/visa-free-countries/greenlandic-passport/'), method='GET', headers=<CIMultiDictProxy('Host': 'visaguide.world', 'Accept': '*/*', 'Accept-Encoding': 'gzip, deflate', 'User-Agent': 'Python/3.10 aiohttp/3.12.6')>, real_url=URL('https://visaguide.world/visa-free-countries/greenlandic-passport/')), (), status=404, message='Not Found', headers=<CIMultiDictProxy('Date': 'Mon, 02 Jun 2025 00:57:31 GMT', 'Content-Type': 'text/html; charset=UTF-8', 'Transfer-Encoding': 'chunked', 'Connection': 'keep-alive', 'Cf-Ray': '9492ff3a2e89330a-KIN', 'Server': 'cloudflare', 'Content-Encoding': 'gzip', 'Vary': 'Accept-Encoding', 'Expires': 'Wed, 11 Jan 1984 05:00:00 GMT', 'Permissions-Policy': 'browsing-topics=()', 'X-Frame-Options': 'SAMEORIGIN', 'Age': '0', 'Cf-Cache-Status': 'DYNAMIC', 'Report-To': '{"endpoints":[{"url":"https:\\/\\/a.nel.cloudflare.com\\/report\\/v4?s=h06MVpzI4MD0qJTTC97iaTw7y0I1XcIyjB1tXuDgIh6kyn%2BK5RwVqyDyyj2Rtd3XQHOtP2CiEbXu8Eai2Kdqc8Oo3TDghnVfh6433Tm7hMXYGAEUAPGzN3HKP0dhxkCGFjyZ03CpJpEUochKyg%3D%3D"}],"group":"cf-nel","max_age":604800}', 'Nel': '{"success_fraction":0,"report_to":"cf-nel","max_age":604800}', 'server-timing': 'cfL4;desc="?proto=TCP&rtt=33545&min_rtt=4817&rtt_var=15945&sent=509&recv=177&lost=0&retrans=2&sent_bytes=562228&recv_bytes=2290&delivery_rate=2433509&cwnd=307&unsent_bytes=0&cid=edd8245997416d0c&ts=23826&x=0"')>)
Guernsey: ClientResponseError(RequestInfo(url=URL('https://visaguide.world/visa-free-countries/channelislander-passport/'), method='GET', headers=<CIMultiDictProxy('Host': 'visaguide.world', 'Accept': '*/*', 'Accept-Encoding': 'gzip, deflate', 'User-Agent': 'Python/3.10 aiohttp/3.12.6')>, real_url=URL('https://visaguide.world/visa-free-countries/channelislander-passport/')), (), status=404, message='Not Found', headers=<CIMultiDictProxy('Date': 'Mon, 02 Jun 2025 00:57:32 GMT', 'Content-Type': 'text/html; charset=UTF-8', 'Transfer-Encoding': 'chunked', 'Connection': 'keep-alive', 'Cf-Ray': '9492ff4278be3301-KIN', 'Server': 'cloudflare', 'Content-Encoding': 'gzip', 'Vary': 'Accept-Encoding', 'Expires': 'Wed, 11 Jan 1984 05:00:00 GMT', 'Permissions-Policy': 'browsing-topics=()', 'X-Frame-Options': 'SAMEORIGIN', 'Age': '0', 'Cf-Cache-Status': 'DYNAMIC', 'Report-To': '{"endpoints":[{"url":"https:\\/\\/a.nel.cloudflare.com\\/report\\/v4?s=A2cDPHbQcgJUWX5e1mTMGqZz3SppzPXCeZJOLQOpNtb1sC%2BPvPikIyWREik0B%2FPqkaDomxFNxOLd33XEuzXwo4j9VfrvLFzlOnbqtzjxMWpPVeO8z39Jun%2BWM%2BzBzey5jg%3D%3D"}],"group":"cf-nel","max_age":604800}', 'Nel': '{"success_fraction":0,"report_to":"cf-nel","max_age":604800}', 'server-timing': 'cfL4;desc="?proto=TCP&rtt=11526&min_rtt=3586&rtt_var=3385&sent=544&recv=165&lost=0&retrans=2&sent_bytes=644649&recv_bytes=2460&delivery_rate=3045072&cwnd=257&unsent_bytes=0&cid=fda9cabb50173855&ts=24754&x=0"')>)
Guam: ClientResponseError(RequestInfo(url=URL('https://visaguide.world/visa-free-countries/guamanian-passport/'), method='GET', headers=<CIMultiDictProxy('Host': 'visaguide.world', 'Accept': '*/*', 'Accept-Encoding': 'gzip, deflate', 'User-Agent': 'Python/3.10 aiohttp/3.12.6')>, real_url=URL('https://visaguide.world/visa-free-countries/guamanian-passport/')), (), status=404, message='Not Found', headers=<CIMultiDictProxy('Date': 'Mon, 02 Jun 2025 00:57:32 GMT', 'Content-Type': 'text/html; charset=UTF-8', 'Transfer-Encoding': 'chunked', 'Connection': 'keep-alive', 'Cf-Ray': '9492ff427bd7330a-KIN', 'Server': 'cloudflare', 'Content-Encoding': 'gzip', 'Vary': 'Accept-Encoding', 'Expires': 'Wed, 11 Jan 1984 05:00:00 GMT', 'Permissions-Policy': 'browsing-topics=()', 'X-Frame-Options': 'SAMEORIGIN', 'Age': '0', 'Cf-Cache-Status': 'DYNAMIC', 'Report-To': '{"endpoints":[{"url":"https:\\/\\/a.nel.cloudflare.com\\/report\\/v4?s=pfn2fQkVBQWGlNbmEXXvZ8zo1EUcRErpi4sJvf1ZgtEYq%2FNbPlN5kmoQNFLnLkYklm5BiiPDpoO2wg%2FW0zpXZs9hooftqnjF7XLMr%2FDofErWFqDV%2FPK867kDLsOY2PmTbg%3D%3D"}],"group":"cf-nel","max_age":604800}', 'Nel': '{"success_fraction":0,"report_to":"cf-nel","max_age":604800}', 'server-timing': 'cfL4;desc="?proto=TCP&rtt=27881&min_rtt=3972&rtt_var=16131&sent=475&recv=160&lost=0&retrans=1&sent_bytes=562424&recv_bytes=2272&delivery_rate=4044686&cwnd=257&unsent_bytes=0&cid=1f639db4d40cf248&ts=24860&x=0"')>)
India: RuntimeError('cannot reuse already awaited coroutine')
Guinea-Bissau: ClientResponseError(RequestInfo(url=URL('https://visaguide.world/visa-free-countries/guinea-bissauan-passport/'), method='GET', headers=<CIMultiDictProxy('Host': 'visaguide.world', 'Accept': '*/*', 'Accept-Encoding': 'gzip, deflate', 'User-Agent': 'Python/3.10 aiohttp/3.12.6')>, real_url=URL('https://visaguide.world/visa-free-countries/guinea-bissauan-passport/')), (), status=404, message='Not Found', headers=<CIMultiDictProxy('Date': 'Mon, 02 Jun 2025 00:57:33 GMT', 'Content-Type': 'text/html; charset=UTF-8', 'Transfer-Encoding': 'chunked', 'Connection': 'keep-alive', 'Cf-Ray': '9492ff46df08330d-KIN', 'Server': 'cloudflare', 'Content-Encoding': 'gzip', 'Vary': 'Accept-Encoding', 'Expires': 'Wed, 11 Jan 1984 05:00:00 GMT', 'Permissions-Policy': 'browsing-topics=()', 'X-Frame-Options': 'SAMEORIGIN', 'Age': '0', 'Cf-Cache-Status': 'DYNAMIC', 'Report-To': '{"endpoints":[{"url":"https:\\/\\/a.nel.cloudflare.com\\/report\\/v4?s=NRHBerOreY7wG9GuG2jEXfgAH%2BbkeUzZca4A%2B0ihZiG2hNZDep8rKwFb52GtoyoDIVhZuhL3F%2BmFFwOqfx5g6bPa2QXbCE1OFOY54CLhZyhnJoI7OiX4jn%2BFVmeHrBxRleZAo84kZ2pjiLeFUg%3D%3D"}],"group":"cf-nel","max_age":604800}', 'Nel': '{"success_fraction":0,"report_to":"cf-nel","max_age":604800}', 'server-timing': 'cfL4;desc="?proto=TCP&rtt=12717&min_rtt=4654&rtt_var=3641&sent=576&recv=188&lost=0&retrans=0&sent_bytes=653780&recv_bytes=2461&delivery_rate=3238480&cwnd=256&unsent_bytes=0&cid=dbb3ab830e655a56&ts=25490&x=0"')>)
Heard Island and McDonald Islands: ClientResponseError(RequestInfo(url=URL('https://visaguide.world/visa-free-countries/heardandmcdonaldislander-passport/'), method='GET', headers=<CIMultiDictProxy('Host': 'visaguide.world', 'Accept': '*/*', 'Accept-Encoding': 'gzip, deflate', 'User-Agent': 'Python/3.10 aiohttp/3.12.6')>, real_url=URL('https://visaguide.world/visa-free-countries/heardandmcdonaldislander-passport/')), (), status=404, message='Not Found', headers=<CIMultiDictProxy('Date': 'Mon, 02 Jun 2025 00:57:33 GMT', 'Content-Type': 'text/html; charset=UTF-8', 'Transfer-Encoding': 'chunked', 'Connection': 'keep-alive', 'Cf-Ray': '9492ff4a68e2330a-KIN', 'Server': 'cloudflare', 'Content-Encoding': 'gzip', 'Vary': 'Accept-Encoding', 'Expires': 'Wed, 11 Jan 1984 05:00:00 GMT', 'Permissions-Policy': 'browsing-topics=()', 'X-Frame-Options': 'SAMEORIGIN', 'Age': '0', 'Cf-Cache-Status': 'DYNAMIC', 'Report-To': '{"endpoints":[{"url":"https:\\/\\/a.nel.cloudflare.com\\/report\\/v4?s=WAsqc4L14G1OT6OeqcewhtP0vDAXOjbYJv4WCV4SXR65%2Blwt8YzJX2%2B9jraHJveg2pwa4XMjCnK5lhhYubu7OPQCJzjz8ZxZ1L%2FmGz8EKNqFloqvaB5bvqOIhsE%2F0CFIHC8F3%2FVWP6%2B2TiPmhg%3D%3D"}],"group":"cf-nel","max_age":604800}', 'Nel': '{"success_fraction":0,"report_to":"cf-nel","max_age":604800}', 'server-timing': 'cfL4;desc="?proto=TCP&rtt=14499&min_rtt=4817&rtt_var=2266&sent=562&recv=197&lost=0&retrans=2&sent_bytes=624445&recv_bytes=2492&delivery_rate=2433509&cwnd=307&unsent_bytes=0&cid=edd8245997416d0c&ts=26044&x=0"')>)
Guadeloupe: ClientResponseError(RequestInfo(url=URL('https://visaguide.world/visa-free-countries/guadeloupian-passport/'), method='GET', headers=<CIMultiDictProxy('Host': 'visaguide.world', 'Accept': '*/*', 'Accept-Encoding': 'gzip, deflate', 'User-Agent': 'Python/3.10 aiohttp/3.12.6')>, real_url=URL('https://visaguide.world/visa-free-countries/guadeloupian-passport/')), (), status=404, message='Not Found', headers=<CIMultiDictProxy('Date': 'Mon, 02 Jun 2025 00:57:34 GMT', 'Content-Type': 'text/html; charset=UTF-8', 'Transfer-Encoding': 'chunked', 'Connection': 'keep-alive', 'Cf-Ray': '9492ff4c8a1f330a-KIN', 'Server': 'cloudflare', 'Content-Encoding': 'gzip', 'Vary': 'Accept-Encoding', 'Expires': 'Wed, 11 Jan 1984 05:00:00 GMT', 'Permissions-Policy': 'browsing-topics=()', 'X-Frame-Options': 'SAMEORIGIN', 'Age': '0', 'Cf-Cache-Status': 'DYNAMIC', 'Report-To': '{"endpoints":[{"url":"https:\\/\\/a.nel.cloudflare.com\\/report\\/v4?s=DsGKXb9bUTFd4eD0benYde8S5yN8NnqzX5nZOCkfdVnsei802BRPFB6chs%2FIXvuwO4NRpgmMlj9jsrgUdIAzygCzSBDszcX%2FcjNIjFe5effl0fY7BMU46Fnno1zayacyF%2BNqCxqPw78k4KuAfQ%3D%3D"}],"group":"cf-nel","max_age":604800}', 'Nel': '{"success_fraction":0,"report_to":"cf-nel","max_age":604800}', 'server-timing': 'cfL4;desc="?proto=TCP&rtt=5826&min_rtt=5465&rtt_var=2772&sent=6&recv=6&lost=0&retrans=0&sent_bytes=2851&recv_bytes=787&delivery_rate=488213&cwnd=252&unsent_bytes=0&cid=cf322b86c7e53b53&ts=2208&x=0"')>)
Jersey: RuntimeError('cannot reuse already awaited coroutine')
Isle of Man: ClientResponseError(RequestInfo(url=URL('https://visaguide.world/visa-free-countries/manx-passport/'), method='GET', headers=<CIMultiDictProxy('Host': 'visaguide.world', 'Accept': '*/*', 'Accept-Encoding': 'gzip, deflate', 'User-Agent': 'Python/3.10 aiohttp/3.12.6')>, real_url=URL('https://visaguide.world/visa-free-countries/manx-passport/')), (), status=404, message='Not Found', headers=<CIMultiDictProxy('Date': 'Mon, 02 Jun 2025 00:57:36 GMT', 'Content-Type': 'text/html; charset=UTF-8', 'Transfer-Encoding': 'chunked', 'Connection': 'keep-alive', 'Cf-Ray': '9492ff5c2fbc3301-KIN', 'Server': 'cloudflare', 'Content-Encoding': 'gzip', 'Vary': 'Accept-Encoding', 'Expires': 'Wed, 11 Jan 1984 05:00:00 GMT', 'Permissions-Policy': 'browsing-topics=()', 'X-Frame-Options': 'SAMEORIGIN', 'Age': '0', 'Cf-Cache-Status': 'DYNAMIC', 'Report-To': '{"endpoints":[{"url":"https:\\/\\/a.nel.cloudflare.com\\/report\\/v4?s=%2F8Jy%2B3dPCqkAndSkO7T4z94xZPfX5ewcDOpKTL36sALHkwcp7aLUIu3Dl9IjuWeH%2FsPxC68khfF0ptM0SMK3FKMk8TP7LMom%2FgZYntzF8fVaOT7wGatEoAwf8wfU657CKQ%3D%3D"}],"group":"cf-nel","max_age":604800}', 'Nel': '{"success_fraction":0,"report_to":"cf-nel","max_age":604800}', 'server-timing': 'cfL4;desc="?proto=TCP&rtt=25851&min_rtt=3586&rtt_var=18240&sent=653&recv=198&lost=0&retrans=2&sent_bytes=779114&recv_bytes=2829&delivery_rate=3045072&cwnd=257&unsent_bytes=0&cid=fda9cabb50173855&ts=28840&x=0"')>)
Hong Kong: ClientResponseError(RequestInfo(url=URL('https://visaguide.world/visa-free-countries/hongkonger-passport/'), method='GET', headers=<CIMultiDictProxy('Host': 'visaguide.world', 'Accept': '*/*', 'Accept-Encoding': 'gzip, deflate', 'User-Agent': 'Python/3.10 aiohttp/3.12.6')>, real_url=URL('https://visaguide.world/visa-free-countries/hongkonger-passport/')), (), status=404, message='Not Found', headers=<CIMultiDictProxy('Date': 'Mon, 02 Jun 2025 00:57:36 GMT', 'Content-Type': 'text/html; charset=UTF-8', 'Transfer-Encoding': 'chunked', 'Connection': 'keep-alive', 'Cf-Ray': '9492ff5bcf7e3301-KIN', 'Server': 'cloudflare', 'Content-Encoding': 'gzip', 'Vary': 'Accept-Encoding', 'Expires': 'Wed, 11 Jan 1984 05:00:00 GMT', 'Permissions-Policy': 'browsing-topics=()', 'X-Frame-Options': 'SAMEORIGIN', 'Age': '0', 'Cf-Cache-Status': 'DYNAMIC', 'Report-To': '{"endpoints":[{"url":"https:\\/\\/a.nel.cloudflare.com\\/report\\/v4?s=qUEMbey6Zx%2FBuJw5AqBWXpkgluCc%2FFv%2BiEdj%2F%2B3lWYDYVuU7NtX%2BU9%2BHqv8BJcn9T9WGlG8uvJa0JW2gLvkepfKJ%2B0U3QUX0Al%2FBJ3UrpPUMX2aOJJ8d0f%2BAEOUee7ZXgg%3D%3D"}],"group":"cf-nel","max_age":604800}', 'Nel': '{"success_fraction":0,"report_to":"cf-nel","max_age":604800}', 'server-timing': 'cfL4;desc="?proto=TCP&rtt=4685&min_rtt=4628&rtt_var=1776&sent=6&recv=6&lost=0&retrans=0&sent_bytes=2851&recv_bytes=785&delivery_rate=915298&cwnd=252&unsent_bytes=0&cid=f0b388a68b33e31f&ts=3432&x=0"')>)
Iceland: ClientResponseError(RequestInfo(url=URL('https://visaguide.world/visa-free-countries/icelander-passport/'), method='GET', headers=<CIMultiDictProxy('Host': 'visaguide.world', 'Accept': '*/*', 'Accept-Encoding': 'gzip, deflate', 'User-Agent': 'Python/3.10 aiohttp/3.12.6')>, real_url=URL('https://visaguide.world/visa-free-countries/icelander-passport/')), (), status=404, message='Not Found', headers=<CIMultiDictProxy('Date': 'Mon, 02 Jun 2025 00:57:37 GMT', 'Content-Type': 'text/html; charset=UTF-8', 'Transfer-Encoding': 'chunked', 'Connection': 'keep-alive', 'Cf-Ray': '9492ff5e691b3301-KIN', 'Server': 'cloudflare', 'Content-Encoding': 'gzip', 'Vary': 'Accept-Encoding', 'Expires': 'Wed, 11 Jan 1984 05:00:00 GMT', 'Permissions-Policy': 'browsing-topics=()', 'X-Frame-Options': 'SAMEORIGIN', 'Age': '0', 'Cf-Cache-Status': 'DYNAMIC', 'Report-To': '{"endpoints":[{"url":"https:\\/\\/a.nel.cloudflare.com\\/report\\/v4?s=KhpP70X0OSee9QCPkXuE3jb3IX20iv6pxPuDLUSTdNSawAX4fuO3KIPfupLI948fx18Bhhs22co5OuJzd2hp1sRmd3fiGsrAapVwUyc6IH5uHzUe8HE8FfzGTDhzZnG0Jg%3D%3D"}],"group":"cf-nel","max_age":604800}', 'Nel': '{"success_fraction":0,"report_to":"cf-nel","max_age":604800}', 'server-timing': 'cfL4;desc="?proto=TCP&rtt=5631&min_rtt=4717&rtt_var=3598&sent=6&recv=6&lost=0&retrans=0&sent_bytes=2851&recv_bytes=784&delivery_rate=351944&cwnd=252&unsent_bytes=0&cid=ca26569f54bbe8f7&ts=3585&x=0"')>)
Kazakhstan: ClientResponseError(RequestInfo(url=URL('https://visaguide.world/visa-free-countries/kazakhstani-passport/'), method='GET', headers=<CIMultiDictProxy('Host': 'visaguide.world', 'Accept': '*/*', 'Accept-Encoding': 'gzip, deflate', 'User-Agent': 'Python/3.10 aiohttp/3.12.6')>, real_url=URL('https://visaguide.world/visa-free-countries/kazakhstani-passport/')), (), status=404, message='Not Found', headers=<CIMultiDictProxy('Date': 'Mon, 02 Jun 2025 00:57:39 GMT', 'Content-Type': 'text/html; charset=UTF-8', 'Transfer-Encoding': 'chunked', 'Connection': 'keep-alive', 'Cf-Ray': '9492ff6c697e3305-KIN', 'Server': 'cloudflare', 'Content-Encoding': 'gzip', 'Vary': 'Accept-Encoding', 'Expires': 'Wed, 11 Jan 1984 05:00:00 GMT', 'Permissions-Policy': 'browsing-topics=()', 'X-Frame-Options': 'SAMEORIGIN', 'Age': '0', 'Cf-Cache-Status': 'DYNAMIC', 'Report-To': '{"endpoints":[{"url":"https:\\/\\/a.nel.cloudflare.com\\/report\\/v4?s=Ux5eTsrQvnS5PZ963nKtsN0%2BUpK1tmNSGyPhY%2Fraya95XwoJiVe7ZZTtTE7MmMpf1B0SOC5nbabl0wU6ig2fj9gdqp9LryWzFQwmZW9LMibVz3Nwtw%2BKy5%2B4kBhA8OI313ios9gmmtmBxIYU8A%3D%3D"}],"group":"cf-nel","max_age":604800}', 'Nel': '{"success_fraction":0,"report_to":"cf-nel","max_age":604800}', 'server-timing': 'cfL4;desc="?proto=TCP&rtt=21463&min_rtt=4756&rtt_var=4879&sent=741&recv=256&lost=0&retrans=0&sent_bytes=850808&recv_bytes=3019&delivery_rate=2444843&cwnd=256&unsent_bytes=0&cid=5e2c5b4f09341d18&ts=31889&x=0"')>)
Kiribati: ClientResponseError(RequestInfo(url=URL('https://visaguide.world/visa-free-countries/i-kiribati-passport/'), method='GET', headers=<CIMultiDictProxy('Host': 'visaguide.world', 'Accept': '*/*', 'Accept-Encoding': 'gzip, deflate', 'User-Agent': 'Python/3.10 aiohttp/3.12.6')>, real_url=URL('https://visaguide.world/visa-free-countries/i-kiribati-passport/')), (), status=404, message='Not Found', headers=<CIMultiDictProxy('Date': 'Mon, 02 Jun 2025 00:57:41 GMT', 'Content-Type': 'text/html; charset=UTF-8', 'Transfer-Encoding': 'chunked', 'Connection': 'keep-alive', 'Cf-Ray': '9492ff7369233304-KIN', 'Server': 'cloudflare', 'Content-Encoding': 'gzip', 'Vary': 'Accept-Encoding', 'Expires': 'Wed, 11 Jan 1984 05:00:00 GMT', 'Permissions-Policy': 'browsing-topics=()', 'X-Frame-Options': 'SAMEORIGIN', 'Age': '0', 'Cf-Cache-Status': 'DYNAMIC', 'Report-To': '{"endpoints":[{"url":"https:\\/\\/a.nel.cloudflare.com\\/report\\/v4?s=U2Qm2EZehqbz%2FoeM%2F3fTiSw%2FPbDlcq03Q54FR%2BCcMHWKg52MQgh%2BbeNrl8LkoLBophKLuEKYlDIu4pVmuyKyVmIt4ZNKiJh%2BhfMSoYOHzpzz7Q6DsmrJO9sTkB8W6IU5vIKLlyc4K1wV5rF1Cw%3D%3D"}],"group":"cf-nel","max_age":604800}', 'Nel': '{"success_fraction":0,"report_to":"cf-nel","max_age":604800}', 'server-timing': 'cfL4;desc="?proto=TCP&rtt=21659&min_rtt=3558&rtt_var=15843&sent=277&recv=88&lost=0&retrans=0&sent_bytes=283490&recv_bytes=1538&delivery_rate=2967272&cwnd=257&unsent_bytes=0&cid=f8bb95ff1583ae1a&ts=11940&x=0"')>)
Kosovo: ClientResponseError(RequestInfo(url=URL('https://visaguide.world/visa-free-countries/kosovar-passport/'), method='GET', headers=<CIMultiDictProxy('Host': 'visaguide.world', 'Accept': '*/*', 'Accept-Encoding': 'gzip, deflate', 'User-Agent': 'Python/3.10 aiohttp/3.12.6')>, real_url=URL('https://visaguide.world/visa-free-countries/kosovar-passport/')), (), status=404, message='Not Found', headers=<CIMultiDictProxy('Date': 'Mon, 02 Jun 2025 00:57:41 GMT', 'Content-Type': 'text/html; charset=UTF-8', 'Transfer-Encoding': 'chunked', 'Connection': 'keep-alive', 'Cf-Ray': '9492ff736b86330a-KIN', 'Server': 'cloudflare', 'Content-Encoding': 'gzip', 'Vary': 'Accept-Encoding', 'Expires': 'Wed, 11 Jan 1984 05:00:00 GMT', 'Permissions-Policy': 'browsing-topics=()', 'X-Frame-Options': 'SAMEORIGIN', 'Age': '0', 'Cf-Cache-Status': 'DYNAMIC', 'Report-To': '{"endpoints":[{"url":"https:\\/\\/a.nel.cloudflare.com\\/report\\/v4?s=Q3vQthm02xdxCSWYoTmntumDMGXEJKW1wNWfrJT1sk4cNYvOwwuWoVXojSedlPaZ2842zA4bFwN7%2FoT5S5i%2B4In0sEgxTzG4uzGkaZ3pZcWOIDa1vmeg%2FDYJA1sz1fCokCr4NrfDfs92M9NZTw%3D%3D"}],"group":"cf-nel","max_age":604800}', 'Nel': '{"success_fraction":0,"report_to":"cf-nel","max_age":604800}', 'server-timing': 'cfL4;desc="?proto=TCP&rtt=24079&min_rtt=4817&rtt_var=9406&sent=675&recv=224&lost=0&retrans=2&sent_bytes=758864&recv_bytes=2862&delivery_rate=2433509&cwnd=307&unsent_bytes=0&cid=edd8245997416d0c&ts=33743&x=0"')>)
Kyrgyzstan: ClientResponseError(RequestInfo(url=URL('https://visaguide.world/visa-free-countries/kirghiz-passport/'), method='GET', headers=<CIMultiDictProxy('Host': 'visaguide.world', 'Accept': '*/*', 'Accept-Encoding': 'gzip, deflate', 'User-Agent': 'Python/3.10 aiohttp/3.12.6')>, real_url=URL('https://visaguide.world/visa-free-countries/kirghiz-passport/')), (), status=404, message='Not Found', headers=<CIMultiDictProxy('Date': 'Mon, 02 Jun 2025 00:57:41 GMT', 'Content-Type': 'text/html; charset=UTF-8', 'Transfer-Encoding': 'chunked', 'Connection': 'keep-alive', 'Cf-Ray': '9492ff739d7b3301-KIN', 'Server': 'cloudflare', 'Content-Encoding': 'gzip', 'Vary': 'Accept-Encoding', 'Expires': 'Wed, 11 Jan 1984 05:00:00 GMT', 'Permissions-Policy': 'browsing-topics=()', 'X-Frame-Options': 'SAMEORIGIN', 'Age': '0', 'Cf-Cache-Status': 'DYNAMIC', 'Report-To': '{"endpoints":[{"url":"https:\\/\\/a.nel.cloudflare.com\\/report\\/v4?s=7m0vzm1SmqQUDdozJGczL1GlmfiDy%2FLBJMt0lNbtM65D3lo0OFUccvTjLqheq0gTtaMDokm78NFEadcwVbl151x3AlQlb23%2BJ7CskEPzAaL5ihwqFxs7aUib5f1J3D1tlw%3D%3D"}],"group":"cf-nel","max_age":604800}', 'Nel': '{"success_fraction":0,"report_to":"cf-nel","max_age":604800}', 'server-timing': 'cfL4;desc="?proto=TCP&rtt=23919&min_rtt=3586&rtt_var=11686&sent=702&recv=217&lost=0&retrans=2&sent_bytes=841289&recv_bytes=3014&delivery_rate=3045072&cwnd=257&unsent_bytes=0&cid=fda9cabb50173855&ts=33743&x=0"')>)
Lesotho: ClientResponseError(RequestInfo(url=URL('https://visaguide.world/visa-free-countries/mosotho-passport/'), method='GET', headers=<CIMultiDictProxy('Host': 'visaguide.world', 'Accept': '*/*', 'Accept-Encoding': 'gzip, deflate', 'User-Agent': 'Python/3.10 aiohttp/3.12.6')>, real_url=URL('https://visaguide.world/visa-free-countries/mosotho-passport/')), (), status=404, message='Not Found', headers=<CIMultiDictProxy('Date': 'Mon, 02 Jun 2025 00:57:42 GMT', 'Content-Type': 'text/html; charset=UTF-8', 'Transfer-Encoding': 'chunked', 'Connection': 'keep-alive', 'Cf-Ray': '9492ff778fe53301-KIN', 'Server': 'cloudflare', 'Content-Encoding': 'gzip', 'Vary': 'Accept-Encoding', 'Expires': 'Wed, 11 Jan 1984 05:00:00 GMT', 'Permissions-Policy': 'browsing-topics=()', 'X-Frame-Options': 'SAMEORIGIN', 'Age': '0', 'Cf-Cache-Status': 'DYNAMIC', 'Report-To': '{"endpoints":[{"url":"https:\\/\\/a.nel.cloudflare.com\\/report\\/v4?s=n4GB%2BjA8P%2FvA%2B4VHT7KwcyALQWUA9MvJg3a6DCxctk%2FyKTvRCb%2FQNAfGEbapLHzDtC5J2O1p1v5fsvyS8vLvnG1ynjuxlDtTXdleD3gStrSpgApBVnejOLMiMNb%2FMFlQ%2B%2BgWcVIH6VSLW3djwQ%3D%3D"}],"group":"cf-nel","max_age":604800}', 'Nel': '{"success_fraction":0,"report_to":"cf-nel","max_age":604800}', 'server-timing': 'cfL4;desc="?proto=TCP&rtt=15840&min_rtt=3718&rtt_var=4802&sent=282&recv=73&lost=0&retrans=0&sent_bytes=293525&recv_bytes=1521&delivery_rate=2468452&cwnd=252&unsent_bytes=0&cid=2bc52a73f2a73823&ts=14637&x=0"')>)
Liechtenstein: ClientResponseError(RequestInfo(url=URL('https://visaguide.world/visa-free-countries/liechtensteiner-passport/'), method='GET', headers=<CIMultiDictProxy('Host': 'visaguide.world', 'Accept': '*/*', 'Accept-Encoding': 'gzip, deflate', 'User-Agent': 'Python/3.10 aiohttp/3.12.6')>, real_url=URL('https://visaguide.world/visa-free-countries/liechtensteiner-passport/')), (), status=404, message='Not Found', headers=<CIMultiDictProxy('Date': 'Mon, 02 Jun 2025 00:57:42 GMT', 'Content-Type': 'text/html; charset=UTF-8', 'Transfer-Encoding': 'chunked', 'Connection': 'keep-alive', 'Cf-Ray': '9492ff7c0bc63305-KIN', 'Server': 'cloudflare', 'Content-Encoding': 'gzip', 'Vary': 'Accept-Encoding', 'Expires': 'Wed, 11 Jan 1984 05:00:00 GMT', 'Permissions-Policy': 'browsing-topics=()', 'X-Frame-Options': 'SAMEORIGIN', 'Age': '0', 'Cf-Cache-Status': 'DYNAMIC', 'Report-To': '{"endpoints":[{"url":"https:\\/\\/a.nel.cloudflare.com\\/report\\/v4?s=UvPjpRUEDm1et1V7Ckg%2BHsPszF%2FJu6BKC1nUIgEVi05%2B8MQM8BnbguJMhuAjfJyVyxVDZwh2v%2BaML53i7SWmvoHE6yxwMyAP3CdN8gyldqUEjrIOBK2VS965Q1KvIOyWU5BITJ550JJ1EiYV4w%3D%3D"}],"group":"cf-nel","max_age":604800}', 'Nel': '{"success_fraction":0,"report_to":"cf-nel","max_age":604800}', 'server-timing': 'cfL4;desc="?proto=TCP&rtt=32308&min_rtt=4492&rtt_var=38298&sent=794&recv=274&lost=0&retrans=0&sent_bytes=913066&recv_bytes=3212&delivery_rate=2444843&cwnd=256&unsent_bytes=0&cid=5e2c5b4f09341d18&ts=34518&x=0"')>)
Luxembourg: ClientResponseError(RequestInfo(url=URL('https://visaguide.world/visa-free-countries/luxembourger-passport/'), method='GET', headers=<CIMultiDictProxy('Host': 'visaguide.world', 'Accept': '*/*', 'Accept-Encoding': 'gzip, deflate', 'User-Agent': 'Python/3.10 aiohttp/3.12.6')>, real_url=URL('https://visaguide.world/visa-free-countries/luxembourger-passport/')), (), status=404, message='Not Found', headers=<CIMultiDictProxy('Date': 'Mon, 02 Jun 2025 00:57:42 GMT', 'Content-Type': 'text/html; charset=UTF-8', 'Transfer-Encoding': 'chunked', 'Connection': 'keep-alive', 'Cf-Ray': '9492ff82efb8330d-KIN', 'Server': 'cloudflare', 'Content-Encoding': 'gzip', 'Vary': 'Accept-Encoding', 'Expires': 'Wed, 11 Jan 1984 05:00:00 GMT', 'Permissions-Policy': 'browsing-topics=()', 'X-Frame-Options': 'SAMEORIGIN', 'Age': '0', 'Cf-Cache-Status': 'DYNAMIC', 'Report-To': '{"endpoints":[{"url":"https:\\/\\/a.nel.cloudflare.com\\/report\\/v4?s=pOxjsibqHzcP2wCRn%2B3HUuPLw9wPScPkfsu5CXNhVjhByR%2BxI707%2Brv6isV4ke7tAF6aug%2BHepugxhPiKozPhZfxYURkLcAnAteZc4u4%2B3OveREQ3XiI8WXQDyZs38Wi%2FecTBE8Ipw2ZgFopiw%3D%3D"}],"group":"cf-nel","max_age":604800}', 'Nel': '{"success_fraction":0,"report_to":"cf-nel","max_age":604800}', 'server-timing': 'cfL4;desc="?proto=TCP&rtt=30933&min_rtt=4640&rtt_var=28418&sent=810&recv=257&lost=0&retrans=0&sent_bytes=933139&recv_bytes=3206&delivery_rate=3238480&cwnd=256&unsent_bytes=0&cid=dbb3ab830e655a56&ts=35077&x=0"')>)
Madagascar: ClientResponseError(RequestInfo(url=URL('https://visaguide.world/visa-free-countries/malagasy-passport/'), method='GET', headers=<CIMultiDictProxy('Host': 'visaguide.world', 'Accept': '*/*', 'Accept-Encoding': 'gzip, deflate', 'User-Agent': 'Python/3.10 aiohttp/3.12.6')>, real_url=URL('https://visaguide.world/visa-free-countries/malagasy-passport/')), (), status=404, message='Not Found', headers=<CIMultiDictProxy('Date': 'Mon, 02 Jun 2025 00:57:43 GMT', 'Content-Type': 'text/html; charset=UTF-8', 'Transfer-Encoding': 'chunked', 'Connection': 'keep-alive', 'Cf-Ray': '9492ff86db953304-KIN', 'Server': 'cloudflare', 'Content-Encoding': 'gzip', 'Vary': 'Accept-Encoding', 'Expires': 'Wed, 11 Jan 1984 05:00:00 GMT', 'Permissions-Policy': 'browsing-topics=()', 'X-Frame-Options': 'SAMEORIGIN', 'Age': '0', 'Cf-Cache-Status': 'DYNAMIC', 'Report-To': '{"endpoints":[{"url":"https:\\/\\/a.nel.cloudflare.com\\/report\\/v4?s=uze124Sr8031gtbmiQxcx3gWnr71GR5iAW7zcpTMh%2FTjxbbDzB1pRxaaOJ1yrRkbbuRi9R4IKP%2BSI17cI%2BZL58t4aOXnPgm3LpaI2KaXq7rZmDyUE26JotFgVa9O7rWqLrHWbmQaY1Bgirtvww%3D%3D"}],"group":"cf-nel","max_age":604800}', 'Nel': '{"success_fraction":0,"report_to":"cf-nel","max_age":604800}', 'server-timing': 'cfL4;desc="?proto=TCP&rtt=14922&min_rtt=3558&rtt_var=6522&sent=330&recv=99&lost=0&retrans=0&sent_bytes=345479&recv_bytes=1724&delivery_rate=3360433&cwnd=257&unsent_bytes=0&cid=f8bb95ff1583ae1a&ts=14494&x=0"')>)
Maldives: ClientResponseError(RequestInfo(url=URL('https://visaguide.world/visa-free-countries/maldivan-passport/'), method='GET', headers=<CIMultiDictProxy('Host': 'visaguide.world', 'Accept': '*/*', 'Accept-Encoding': 'gzip, deflate', 'User-Agent': 'Python/3.10 aiohttp/3.12.6')>, real_url=URL('https://visaguide.world/visa-free-countries/maldivan-passport/')), (), status=404, message='Not Found', headers=<CIMultiDictProxy('Date': 'Mon, 02 Jun 2025 00:57:44 GMT', 'Content-Type': 'text/html; charset=UTF-8', 'Transfer-Encoding': 'chunked', 'Connection': 'keep-alive', 'Cf-Ray': '9492ff8b99e1330a-KIN', 'Server': 'cloudflare', 'Content-Encoding': 'gzip', 'Vary': 'Accept-Encoding', 'Expires': 'Wed, 11 Jan 1984 05:00:00 GMT', 'Permissions-Policy': 'browsing-topics=()', 'X-Frame-Options': 'SAMEORIGIN', 'Age': '0', 'Cf-Cache-Status': 'DYNAMIC', 'Report-To': '{"endpoints":[{"url":"https:\\/\\/a.nel.cloudflare.com\\/report\\/v4?s=%2BZDpcUVBdJK5JGvkdETBl%2FRp6F6J%2B6KZFZyF8zVM9CtbBYvz3onIIREyFY5vPoVp3sJPbbvQlVlzagrvkglfi1HmPyuhazHaL1XMFWVv2mer2JbljQh9Q%2BOH2N9%2BROzoucnP7oV4Mi1q7yvfqw%3D%3D"}],"group":"cf-nel","max_age":604800}', 'Nel': '{"success_fraction":0,"report_to":"cf-nel","max_age":604800}', 'server-timing': 'cfL4;desc="?proto=TCP&rtt=21429&min_rtt=4817&rtt_var=3803&sent=729&recv=236&lost=0&retrans=2&sent_bytes=821142&recv_bytes=3048&delivery_rate=2433509&cwnd=307&unsent_bytes=0&cid=edd8245997416d0c&ts=36780&x=0"')>)
Marshall Islands: ClientResponseError(RequestInfo(url=URL('https://visaguide.world/visa-free-countries/marshallese-passport/'), method='GET', headers=<CIMultiDictProxy('Host': 'visaguide.world', 'Accept': '*/*', 'Accept-Encoding': 'gzip, deflate', 'User-Agent': 'Python/3.10 aiohttp/3.12.6')>, real_url=URL('https://visaguide.world/visa-free-countries/marshallese-passport/')), (), status=404, message='Not Found', headers=<CIMultiDictProxy('Date': 'Mon, 02 Jun 2025 00:57:45 GMT', 'Content-Type': 'text/html; charset=UTF-8', 'Transfer-Encoding': 'chunked', 'Connection': 'keep-alive', 'Cf-Ray': '9492ff8eefa43305-KIN', 'Server': 'cloudflare', 'Content-Encoding': 'gzip', 'Vary': 'Accept-Encoding', 'Expires': 'Wed, 11 Jan 1984 05:00:00 GMT', 'Permissions-Policy': 'browsing-topics=()', 'X-Frame-Options': 'SAMEORIGIN', 'Age': '0', 'Cf-Cache-Status': 'DYNAMIC', 'Report-To': '{"endpoints":[{"url":"https:\\/\\/a.nel.cloudflare.com\\/report\\/v4?s=NnebGnDOnUvl1OMPtBUCWNCoY26kSMuFutFw%2BY2ssaGkrzFsNh4SNrrHmn24LJFUk6GuKFbtekWuxyrnjXtQ4ih31xzFUbOiwqGx%2FJ%2ByR7Ez2DuzgDNY55CNknG3OKLdh1gKs1%2FWNzehj2XvHg%3D%3D"}],"group":"cf-nel","max_age":604800}', 'Nel': '{"success_fraction":0,"report_to":"cf-nel","max_age":604800}', 'server-timing': 'cfL4;desc="?proto=TCP&rtt=13033&min_rtt=3579&rtt_var=6459&sent=847&recv=288&lost=0&retrans=0&sent_bytes=975310&recv_bytes=3401&delivery_rate=3149299&cwnd=256&unsent_bytes=0&cid=5e2c5b4f09341d18&ts=37431&x=0"')>)
Martinique: ClientResponseError(RequestInfo(url=URL('https://visaguide.world/visa-free-countries/martinican-passport/'), method='GET', headers=<CIMultiDictProxy('Host': 'visaguide.world', 'Accept': '*/*', 'Accept-Encoding': 'gzip, deflate', 'User-Agent': 'Python/3.10 aiohttp/3.12.6')>, real_url=URL('https://visaguide.world/visa-free-countries/martinican-passport/')), (), status=404, message='Not Found', headers=<CIMultiDictProxy('Date': 'Mon, 02 Jun 2025 00:57:45 GMT', 'Content-Type': 'text/html; charset=UTF-8', 'Transfer-Encoding': 'chunked', 'Connection': 'keep-alive', 'Cf-Ray': '9492ff8eee69330d-KIN', 'Server': 'cloudflare', 'Content-Encoding': 'gzip', 'Vary': 'Accept-Encoding', 'Expires': 'Wed, 11 Jan 1984 05:00:00 GMT', 'Permissions-Policy': 'browsing-topics=()', 'X-Frame-Options': 'SAMEORIGIN', 'Age': '0', 'Cf-Cache-Status': 'DYNAMIC', 'Report-To': '{"endpoints":[{"url":"https:\\/\\/a.nel.cloudflare.com\\/report\\/v4?s=OkrG%2Bw5XwpQjV2ko74xWNgXDVhBln2x8tQxoY6UAqAXX6ZIRzomhJIQYokN%2FsMoNRfH11VvwiSnrfo5YohfccDPAdCZYT%2BPMLDrwOPFivQQxbmjLz7P3G174dXg4H7Lq1htIc3vgSMsrWNEAvw%3D%3D"}],"group":"cf-nel","max_age":604800}', 'Nel': '{"success_fraction":0,"report_to":"cf-nel","max_age":604800}', 'server-timing': 'cfL4;desc="?proto=TCP&rtt=22073&min_rtt=4524&rtt_var=15596&sent=862&recv=263&lost=0&retrans=0&sent_bytes=995366&recv_bytes=3394&delivery_rate=3439978&cwnd=256&unsent_bytes=0&cid=dbb3ab830e655a56&ts=37588&x=0"')>)
Mayotte: ClientResponseError(RequestInfo(url=URL('https://visaguide.world/visa-free-countries/mahoran-passport/'), method='GET', headers=<CIMultiDictProxy('Host': 'visaguide.world', 'Accept': '*/*', 'Accept-Encoding': 'gzip, deflate', 'User-Agent': 'Python/3.10 aiohttp/3.12.6')>, real_url=URL('https://visaguide.world/visa-free-countries/mahoran-passport/')), (), status=404, message='Not Found', headers=<CIMultiDictProxy('Date': 'Mon, 02 Jun 2025 00:57:45 GMT', 'Content-Type': 'text/html; charset=UTF-8', 'Transfer-Encoding': 'chunked', 'Connection': 'keep-alive', 'Cf-Ray': '9492ff935f923301-KIN', 'Server': 'cloudflare', 'Content-Encoding': 'gzip', 'Vary': 'Accept-Encoding', 'Expires': 'Wed, 11 Jan 1984 05:00:00 GMT', 'Permissions-Policy': 'browsing-topics=()', 'X-Frame-Options': 'SAMEORIGIN', 'Age': '0', 'Cf-Cache-Status': 'DYNAMIC', 'Report-To': '{"endpoints":[{"url":"https:\\/\\/a.nel.cloudflare.com\\/report\\/v4?s=ERvtCEN76PHKd%2Fmum2RC8UphzY5PjCJ7RVgcVZSLvq8YOcE7vrLnfWtG8%2BIN%2FBzhsr2OBuQ1YucxMEZwI0hYAT0k9b%2FO2g5v0TIcUnqDpo5iGOyHrhGXSqzIQl6szJEaHQ%3D%3D"}],"group":"cf-nel","max_age":604800}', 'Nel': '{"success_fraction":0,"report_to":"cf-nel","max_age":604800}', 'server-timing': 'cfL4;desc="?proto=TCP&rtt=26419&min_rtt=4268&rtt_var=10965&sent=186&recv=64&lost=0&retrans=0&sent_bytes=211312&recv_bytes=1341&delivery_rate=3476563&cwnd=256&unsent_bytes=0&cid=f0b388a68b33e31f&ts=12486&x=0"')>)
Monaco: ClientResponseError(RequestInfo(url=URL('https://visaguide.world/visa-free-countries/monegasque-passport/'), method='GET', headers=<CIMultiDictProxy('Host': 'visaguide.world', 'Accept': '*/*', 'Accept-Encoding': 'gzip, deflate', 'User-Agent': 'Python/3.10 aiohttp/3.12.6')>, real_url=URL('https://visaguide.world/visa-free-countries/monegasque-passport/')), (), status=404, message='Not Found', headers=<CIMultiDictProxy('Date': 'Mon, 02 Jun 2025 00:57:46 GMT', 'Content-Type': 'text/html; charset=UTF-8', 'Transfer-Encoding': 'chunked', 'Connection': 'keep-alive', 'Cf-Ray': '9492ff999a68330a-KIN', 'Server': 'cloudflare', 'Content-Encoding': 'gzip', 'Vary': 'Accept-Encoding', 'Expires': 'Wed, 11 Jan 1984 05:00:00 GMT', 'Permissions-Policy': 'browsing-topics=()', 'X-Frame-Options': 'SAMEORIGIN', 'Age': '0', 'Cf-Cache-Status': 'DYNAMIC', 'Report-To': '{"endpoints":[{"url":"https:\\/\\/a.nel.cloudflare.com\\/report\\/v4?s=IDIHQptdxSKA7%2FbV%2BZXYhF0bMO%2BZ3pEF07nq8F9zb2ZgNQm5SWS0aoC41vJNQ70pBnG%2BJQ9PJHANayL0j1IFqUhke5RlRtaD3kBcBLxp%2FZZPd8325nnsVkOOjMJssBHzLPh1NUfMdpbeWaQn6g%3D%3D"}],"group":"cf-nel","max_age":604800}', 'Nel': '{"success_fraction":0,"report_to":"cf-nel","max_age":604800}', 'server-timing': 'cfL4;desc="?proto=TCP&rtt=29255&min_rtt=5462&rtt_var=22800&sent=328&recv=87&lost=0&retrans=0&sent_bytes=355458&recv_bytes=1716&delivery_rate=2962631&cwnd=272&unsent_bytes=0&cid=cf322b86c7e53b53&ts=14645&x=0"')>)
Netherlands: RuntimeError('cannot reuse already awaited coroutine')
Myanmar: ClientResponseError(RequestInfo(url=URL('https://visaguide.world/visa-free-countries/burmese-passport/'), method='GET', headers=<CIMultiDictProxy('Host': 'visaguide.world', 'Accept': '*/*', 'Accept-Encoding': 'gzip, deflate', 'User-Agent': 'Python/3.10 aiohttp/3.12.6')>, real_url=URL('https://visaguide.world/visa-free-countries/burmese-passport/')), (), status=404, message='Not Found', headers=<CIMultiDictProxy('Date': 'Mon, 02 Jun 2025 00:57:48 GMT', 'Content-Type': 'text/html; charset=UTF-8', 'Transfer-Encoding': 'chunked', 'Connection': 'keep-alive', 'Cf-Ray': '9492ffa27c103305-KIN', 'Server': 'cloudflare', 'Content-Encoding': 'gzip', 'Vary': 'Accept-Encoding', 'Expires': 'Wed, 11 Jan 1984 05:00:00 GMT', 'Permissions-Policy': 'browsing-topics=()', 'X-Frame-Options': 'SAMEORIGIN', 'Age': '0', 'Cf-Cache-Status': 'DYNAMIC', 'Report-To': '{"endpoints":[{"url":"https:\\/\\/a.nel.cloudflare.com\\/report\\/v4?s=Vf4l%2BCKzZPiltsQx%2BCOw2aNp6dfG%2BhHNEYQ%2Bu%2FWce3T4in8dUl8hTZ1ckbInTTdsOCTlC60dxmpenyiIomYTSgDp1UH2OV50%2BgFmIEhpFQYRtxX%2FjtM4uTrJ2Hn%2B8rmmLIKyknaII%2FA1y0tN2w%3D%3D"}],"group":"cf-nel","max_age":604800}', 'Nel': '{"success_fraction":0,"report_to":"cf-nel","max_age":604800}', 'server-timing': 'cfL4;desc="?proto=TCP&rtt=162090&min_rtt=3579&rtt_var=53220&sent=902&recv=308&lost=0&retrans=1&sent_bytes=1037596&recv_bytes=3586&delivery_rate=3149299&cwnd=256&unsent_bytes=0&cid=5e2c5b4f09341d18&ts=40913&x=0"')>)
Nauru: ClientResponseError(RequestInfo(url=URL('https://visaguide.world/visa-free-countries/nauruan-passport/'), method='GET', headers=<CIMultiDictProxy('Host': 'visaguide.world', 'Accept': '*/*', 'Accept-Encoding': 'gzip, deflate', 'User-Agent': 'Python/3.10 aiohttp/3.12.6')>, real_url=URL('https://visaguide.world/visa-free-countries/nauruan-passport/')), (), status=404, message='Not Found', headers=<CIMultiDictProxy('Date': 'Mon, 02 Jun 2025 00:57:49 GMT', 'Content-Type': 'text/html; charset=UTF-8', 'Transfer-Encoding': 'chunked', 'Connection': 'keep-alive', 'Cf-Ray': '9492ffa4eb273301-KIN', 'Server': 'cloudflare', 'Content-Encoding': 'gzip', 'Vary': 'Accept-Encoding', 'Expires': 'Wed, 11 Jan 1984 05:00:00 GMT', 'Permissions-Policy': 'browsing-topics=()', 'X-Frame-Options': 'SAMEORIGIN', 'Age': '0', 'Cf-Cache-Status': 'DYNAMIC', 'Report-To': '{"endpoints":[{"url":"https:\\/\\/a.nel.cloudflare.com\\/report\\/v4?s=cKjKb76DZv%2FazLSv8QLEiyUMsU%2BXtla1tGINH%2Fq0W3lX14fR9ghEgURtTqoIWiy8FiyZakbZ0e7doJ5lj012ThVs%2FBH7gBqQcnRL0rw0ni%2B8ZBshlOTkLCcKV%2FtgadT1EA%3D%3D"}],"group":"cf-nel","max_age":604800}', 'Nel': '{"success_fraction":0,"report_to":"cf-nel","max_age":604800}', 'server-timing': 'cfL4;desc="?proto=TCP&rtt=22253&min_rtt=4268&rtt_var=5691&sent=237&recv=83&lost=0&retrans=0&sent_bytes=273195&recv_bytes=1526&delivery_rate=3476563&cwnd=256&unsent_bytes=0&cid=f0b388a68b33e31f&ts=15900&x=0"')>)
Montserrat: ClientResponseError(RequestInfo(url=URL('https://visaguide.world/visa-free-countries/montserratian-passport/'), method='GET', headers=<CIMultiDictProxy('Host': 'visaguide.world', 'Accept': '*/*', 'Accept-Encoding': 'gzip, deflate', 'User-Agent': 'Python/3.10 aiohttp/3.12.6')>, real_url=URL('https://visaguide.world/visa-free-countries/montserratian-passport/')), (), status=404, message='Not Found', headers=<CIMultiDictProxy('Date': 'Mon, 02 Jun 2025 00:57:49 GMT', 'Content-Type': 'text/html; charset=UTF-8', 'Transfer-Encoding': 'chunked', 'Connection': 'keep-alive', 'Cf-Ray': '9492ffa2798c3301-KIN', 'Server': 'cloudflare', 'Content-Encoding': 'gzip', 'Vary': 'Accept-Encoding', 'Expires': 'Wed, 11 Jan 1984 05:00:00 GMT', 'Permissions-Policy': 'browsing-topics=()', 'X-Frame-Options': 'SAMEORIGIN', 'Age': '0', 'Cf-Cache-Status': 'DYNAMIC', 'Report-To': '{"endpoints":[{"url":"https:\\/\\/a.nel.cloudflare.com\\/report\\/v4?s=PKyD0%2FD9qjniGb7k0aF4XG%2By3%2BZ%2FZXSAyU4jxxFz9ddBzA3Mqf1xOTbBJ42Q%2B7mVJxA8rScLJOe6OuJurhKkpt%2Fdh9KguhymGOS0zMXv%2BqaPFieryxYQqdYAfU2IQEcaZQ%3D%3D"}],"group":"cf-nel","max_age":604800}', 'Nel': '{"success_fraction":0,"report_to":"cf-nel","max_age":604800}', 'server-timing': 'cfL4;desc="?proto=TCP&rtt=27398&min_rtt=3586&rtt_var=22229&sent=869&recv=262&lost=0&retrans=2&sent_bytes=1046797&recv_bytes=3578&delivery_rate=3055976&cwnd=257&unsent_bytes=0&cid=fda9cabb50173855&ts=41614&x=0"')>)
New Caledonia: ClientResponseError(RequestInfo(url=URL('https://visaguide.world/visa-free-countries/newcaledonian-passport/'), method='GET', headers=<CIMultiDictProxy('Host': 'visaguide.world', 'Accept': '*/*', 'Accept-Encoding': 'gzip, deflate', 'User-Agent': 'Python/3.10 aiohttp/3.12.6')>, real_url=URL('https://visaguide.world/visa-free-countries/newcaledonian-passport/')), (), status=404, message='Not Found', headers=<CIMultiDictProxy('Date': 'Mon, 02 Jun 2025 00:57:49 GMT', 'Content-Type': 'text/html; charset=UTF-8', 'Transfer-Encoding': 'chunked', 'Connection': 'keep-alive', 'Cf-Ray': '9492ffa9e8fb330b-KIN', 'Server': 'cloudflare', 'Content-Encoding': 'gzip', 'Vary': 'Accept-Encoding', 'Expires': 'Wed, 11 Jan 1984 05:00:00 GMT', 'Permissions-Policy': 'browsing-topics=()', 'X-Frame-Options': 'SAMEORIGIN', 'Age': '0', 'Cf-Cache-Status': 'DYNAMIC', 'Report-To': '{"endpoints":[{"url":"https:\\/\\/a.nel.cloudflare.com\\/report\\/v4?s=q%2BlqyLDCX0RNNvquUK22Rmp8pVUuIwupddMIdoYoNkeqDvNR5IRuOBTT2TO%2FzzAN9LPVE62dLLC7c9nmXAIpt7Z%2Bf4NJ%2FHQ%2FPm6DHZIwthOZnOqxGP0W0AFpw6qTQ1Wnxm1SLcECli0%2B0U8gDA%3D%3D"}],"group":"cf-nel","max_age":604800}', 'Nel': '{"success_fraction":0,"report_to":"cf-nel","max_age":604800}', 'server-timing': 'cfL4;desc="?proto=TCP&rtt=33079&min_rtt=3167&rtt_var=13702&sent=1107&recv=300&lost=0&retrans=2&sent_bytes=1275587&recv_bytes=4149&delivery_rate=2984819&cwnd=254&unsent_bytes=0&cid=7654a65bdac41d47&ts=42116&x=0"')>)
New Zealand: ClientResponseError(RequestInfo(url=URL('https://visaguide.world/visa-free-countries/newzealander-passport/'), method='GET', headers=<CIMultiDictProxy('Host': 'visaguide.world', 'Accept': '*/*', 'Accept-Encoding': 'gzip, deflate', 'User-Agent': 'Python/3.10 aiohttp/3.12.6')>, real_url=URL('https://visaguide.world/visa-free-countries/newzealander-passport/')), (), status=404, message='Not Found', headers=<CIMultiDictProxy('Date': 'Mon, 02 Jun 2025 00:57:50 GMT', 'Content-Type': 'text/html; charset=UTF-8', 'Transfer-Encoding': 'chunked', 'Connection': 'keep-alive', 'Cf-Ray': '9492ffa9ec9f330a-KIN', 'Server': 'cloudflare', 'Content-Encoding': 'gzip', 'Vary': 'Accept-Encoding', 'Expires': 'Wed, 11 Jan 1984 05:00:00 GMT', 'Permissions-Policy': 'browsing-topics=()', 'X-Frame-Options': 'SAMEORIGIN', 'Age': '0', 'Cf-Cache-Status': 'DYNAMIC', 'Report-To': '{"endpoints":[{"url":"https:\\/\\/a.nel.cloudflare.com\\/report\\/v4?s=6AQYsMoeNDk%2FLYhuHVR8n8qeJMF1xdJh6wdjpeYVIAEPxCpLxk4EmpsnoC5Tc8vFH8RtkEEDYnqCaQHtFA9QnVOg9Y9nqmUNTfm2VCY1SeOl69lC5tFoEs281gKYJYAL254qF2hqF1tvv8ARsg%3D%3D"}],"group":"cf-nel","max_age":604800}', 'Nel': '{"success_fraction":0,"report_to":"cf-nel","max_age":604800}', 'server-timing': 'cfL4;desc="?proto=TCP&rtt=20776&min_rtt=5462&rtt_var=6422&sent=380&recv=106&lost=0&retrans=0&sent_bytes=417678&recv_bytes=1906&delivery_rate=2962631&cwnd=272&unsent_bytes=0&cid=cf322b86c7e53b53&ts=18041&x=0"')>)
Niue: ClientResponseError(RequestInfo(url=URL('https://visaguide.world/visa-free-countries/niuean-passport/'), method='GET', headers=<CIMultiDictProxy('Host': 'visaguide.world', 'Accept': '*/*', 'Accept-Encoding': 'gzip, deflate', 'User-Agent': 'Python/3.10 aiohttp/3.12.6')>, real_url=URL('https://visaguide.world/visa-free-countries/niuean-passport/')), (), status=404, message='Not Found', headers=<CIMultiDictProxy('Date': 'Mon, 02 Jun 2025 00:57:51 GMT', 'Content-Type': 'text/html; charset=UTF-8', 'Transfer-Encoding': 'chunked', 'Connection': 'keep-alive', 'Cf-Ray': '9492ffb20e283305-KIN', 'Server': 'cloudflare', 'Content-Encoding': 'gzip', 'Vary': 'Accept-Encoding', 'Expires': 'Wed, 11 Jan 1984 05:00:00 GMT', 'Permissions-Policy': 'browsing-topics=()', 'X-Frame-Options': 'SAMEORIGIN', 'Age': '0', 'Cf-Cache-Status': 'DYNAMIC', 'Report-To': '{"endpoints":[{"url":"https:\\/\\/a.nel.cloudflare.com\\/report\\/v4?s=5bIjK%2B3B5THjsJ3BrYVlFsWd96Pc%2Fm0Tc%2BUqklzPbx6IMx%2Bu%2F3aUP1HiSjCilzpKUHLV%2FsWDGOC7hMUKL4KqPY97Cr0Ctd1OatbiyC2L9I7XfMIGoFDsCGrNVId3FuzpmZaTOcWfX5lGIsaqiw%3D%3D"}],"group":"cf-nel","max_age":604800}', 'Nel': '{"success_fraction":0,"report_to":"cf-nel","max_age":604800}', 'server-timing': 'cfL4;desc="?proto=TCP&rtt=43841&min_rtt=3579&rtt_var=42575&sent=954&recv=326&lost=0&retrans=1&sent_bytes=1099822&recv_bytes=3770&delivery_rate=3149299&cwnd=256&unsent_bytes=0&cid=5e2c5b4f09341d18&ts=44063&x=0"')>)
North Korea: ClientResponseError(RequestInfo(url=URL('https://visaguide.world/visa-free-countries/northkorean-passport/'), method='GET', headers=<CIMultiDictProxy('Host': 'visaguide.world', 'Accept': '*/*', 'Accept-Encoding': 'gzip, deflate', 'User-Agent': 'Python/3.10 aiohttp/3.12.6')>, real_url=URL('https://visaguide.world/visa-free-countries/northkorean-passport/')), (), status=404, message='Not Found', headers=<CIMultiDictProxy('Date': 'Mon, 02 Jun 2025 00:57:52 GMT', 'Content-Type': 'text/html; charset=UTF-8', 'Transfer-Encoding': 'chunked', 'Connection': 'keep-alive', 'Cf-Ray': '9492ffb4bba5330a-KIN', 'Server': 'cloudflare', 'Content-Encoding': 'gzip', 'Vary': 'Accept-Encoding', 'Expires': 'Wed, 11 Jan 1984 05:00:00 GMT', 'Permissions-Policy': 'browsing-topics=()', 'X-Frame-Options': 'SAMEORIGIN', 'Age': '0', 'Cf-Cache-Status': 'DYNAMIC', 'Report-To': '{"endpoints":[{"url":"https:\\/\\/a.nel.cloudflare.com\\/report\\/v4?s=Um%2FJvmHZ5DXVK84P7AxEON3JuGNrCf83MiddfXl2C5le8zDssEU73cg7u%2FJfjU2YeA8eG48tc8872Jxmh7bDrL5RgThxX%2Fr%2FTetvEVObCQ2CjaZx1U0YERs9CHq4MCfp21TwXe2BE%2BK2QTm%2Frw%3D%3D"}],"group":"cf-nel","max_age":604800}', 'Nel': '{"success_fraction":0,"report_to":"cf-nel","max_age":604800}', 'server-timing': 'cfL4;desc="?proto=TCP&rtt=65572&min_rtt=4817&rtt_var=63310&sent=904&recv=290&lost=0&retrans=3&sent_bytes=1028438&recv_bytes=3610&delivery_rate=3469387&cwnd=307&unsent_bytes=0&cid=edd8245997416d0c&ts=44172&x=0"')>)
Palau: ClientResponseError(RequestInfo(url=URL('https://visaguide.world/visa-free-countries/palauan-passport/'), method='GET', headers=<CIMultiDictProxy('Host': 'visaguide.world', 'Accept': '*/*', 'Accept-Encoding': 'gzip, deflate', 'User-Agent': 'Python/3.10 aiohttp/3.12.6')>, real_url=URL('https://visaguide.world/visa-free-countries/palauan-passport/')), (), status=404, message='Not Found', headers=<CIMultiDictProxy('Date': 'Mon, 02 Jun 2025 00:57:53 GMT', 'Content-Type': 'text/html; charset=UTF-8', 'Transfer-Encoding': 'chunked', 'Connection': 'keep-alive', 'Cf-Ray': '9492ffbb6f5b330a-KIN', 'Server': 'cloudflare', 'Content-Encoding': 'gzip', 'Vary': 'Accept-Encoding', 'Expires': 'Wed, 11 Jan 1984 05:00:00 GMT', 'Permissions-Policy': 'browsing-topics=()', 'X-Frame-Options': 'SAMEORIGIN', 'Age': '0', 'Cf-Cache-Status': 'DYNAMIC', 'Report-To': '{"endpoints":[{"url":"https:\\/\\/a.nel.cloudflare.com\\/report\\/v4?s=U762DorW5%2B1MVtLiCiT4PqpbVioFnwPICv%2BSXGOarQfK90%2FO%2FMbHCh76L%2BBcAYvW7SIECKlfQzj3D2HgmepfMfRuD3uzrA2UJYBC%2FSYkTDXNcH7%2Fu8e5lS0LOovSjVLQfb9GZJTzAo%2Bf3flPGQ%3D%3D"}],"group":"cf-nel","max_age":604800}', 'Nel': '{"success_fraction":0,"report_to":"cf-nel","max_age":604800}', 'server-timing': 'cfL4;desc="?proto=TCP&rtt=28067&min_rtt=5462&rtt_var=3303&sent=432&recv=126&lost=0&retrans=0&sent_bytes=479892&recv_bytes=2091&delivery_rate=2962631&cwnd=272&unsent_bytes=0&cid=cf322b86c7e53b53&ts=21207&x=0"')>)
Norfolk Island: ClientResponseError(RequestInfo(url=URL('https://visaguide.world/visa-free-countries/norfolkislander-passport/'), method='GET', headers=<CIMultiDictProxy('Host': 'visaguide.world', 'Accept': '*/*', 'Accept-Encoding': 'gzip, deflate', 'User-Agent': 'Python/3.10 aiohttp/3.12.6')>, real_url=URL('https://visaguide.world/visa-free-countries/norfolkislander-passport/')), (), status=404, message='Not Found', headers=<CIMultiDictProxy('Date': 'Mon, 02 Jun 2025 00:57:53 GMT', 'Content-Type': 'text/html; charset=UTF-8', 'Transfer-Encoding': 'chunked', 'Connection': 'keep-alive', 'Cf-Ray': '9492ffbafcc63310-KIN', 'Server': 'cloudflare', 'Content-Encoding': 'gzip', 'Vary': 'Accept-Encoding', 'Expires': 'Wed, 11 Jan 1984 05:00:00 GMT', 'Permissions-Policy': 'browsing-topics=()', 'X-Frame-Options': 'SAMEORIGIN', 'Age': '0', 'Cf-Cache-Status': 'DYNAMIC', 'Report-To': '{"endpoints":[{"url":"https:\\/\\/a.nel.cloudflare.com\\/report\\/v4?s=rK8lwgAdmug3s5izjTATwPTIkYXXrwK9Nf3nfApwzkuMb5DIz8%2BCwX29TpDKUvb71vJ8bgMYShY8pYXxyzicJTMhp%2FPf15LOE0PnGw8Tj3tjFnB8dBP%2BuLX4hwbM4CkdReEt15544%2FbtOlFjlg%3D%3D"}],"group":"cf-nel","max_age":604800}', 'Nel': '{"success_fraction":0,"report_to":"cf-nel","max_age":604800}', 'server-timing': 'cfL4;desc="?proto=TCP&rtt=19873&min_rtt=9014&rtt_var=15334&sent=5&recv=7&lost=0&retrans=0&sent_bytes=2850&recv_bytes=790&delivery_rate=301752&cwnd=252&unsent_bytes=0&cid=4374acca0fc099f8&ts=3636&x=0"')>)
Northern Mariana Islands: ClientResponseError(RequestInfo(url=URL('https://visaguide.world/visa-free-countries/american-passport/'), method='GET', headers=<CIMultiDictProxy('Host': 'visaguide.world', 'Accept': '*/*', 'Accept-Encoding': 'gzip, deflate', 'User-Agent': 'Python/3.10 aiohttp/3.12.6')>, real_url=URL('https://visaguide.world/visa-free-countries/american-passport/')), (), status=404, message='Not Found', headers=<CIMultiDictProxy('Date': 'Mon, 02 Jun 2025 00:57:53 GMT', 'Content-Type': 'text/html; charset=UTF-8', 'Transfer-Encoding': 'chunked', 'Connection': 'keep-alive', 'Cf-Ray': '9492ffbaee803304-KIN', 'Server': 'cloudflare', 'Content-Encoding': 'gzip', 'Vary': 'Accept-Encoding', 'Expires': 'Wed, 11 Jan 1984 05:00:00 GMT', 'Permissions-Policy': 'browsing-topics=()', 'X-Frame-Options': 'SAMEORIGIN', 'Age': '0', 'Cf-Cache-Status': 'DYNAMIC', 'Report-To': '{"endpoints":[{"url":"https:\\/\\/a.nel.cloudflare.com\\/report\\/v4?s=ZQfmcLTIEwd8YsQ13j6W3FXW3bg%2BeeIkMg9ZarZlIozVCHC7PymYNfMaXzjRvLOdz7dZE35nMiVC5rkRl0QelnukxEf7BqY8hOPc1aNLatdLIY94I6ugwJ2w%2F%2BkugvOD%2FXT9TeluMlz0eXLUXw%3D%3D"}],"group":"cf-nel","max_age":604800}', 'Nel': '{"success_fraction":0,"report_to":"cf-nel","max_age":604800}', 'server-timing': 'cfL4;desc="?proto=TCP&rtt=27713&min_rtt=3558&rtt_var=20301&sent=563&recv=165&lost=0&retrans=1&sent_bytes=625421&recv_bytes=2470&delivery_rate=3360433&cwnd=257&unsent_bytes=0&cid=f8bb95ff1583ae1a&ts=24219&x=0"')>)
Republic of the Congo: RuntimeError('cannot reuse already awaited coroutine')
Papua New Guinea: ClientResponseError(RequestInfo(url=URL('https://visaguide.world/visa-free-countries/papuanewguinean-passport/'), method='GET', headers=<CIMultiDictProxy('Host': 'visaguide.world', 'Accept': '*/*', 'Accept-Encoding': 'gzip, deflate', 'User-Agent': 'Python/3.10 aiohttp/3.12.6')>, real_url=URL('https://visaguide.world/visa-free-countries/papuanewguinean-passport/')), (), status=404, message='Not Found', headers=<CIMultiDictProxy('Date': 'Mon, 02 Jun 2025 00:57:53 GMT', 'Content-Type': 'text/html; charset=UTF-8', 'Transfer-Encoding': 'chunked', 'Connection': 'keep-alive', 'Cf-Ray': '9492ffc39b8a330b-KIN', 'Server': 'cloudflare', 'Content-Encoding': 'gzip', 'Vary': 'Accept-Encoding', 'Expires': 'Wed, 11 Jan 1984 05:00:00 GMT', 'Permissions-Policy': 'browsing-topics=()', 'X-Frame-Options': 'SAMEORIGIN', 'Age': '0', 'Cf-Cache-Status': 'DYNAMIC', 'Report-To': '{"endpoints":[{"url":"https:\\/\\/a.nel.cloudflare.com\\/report\\/v4?s=mkH76fNjSUEMlxCJ1mkXE0qSAoi%2FYcUHAqHRWM7%2Bmm%2BvreFOwWPRX150SaajN97qxSwqQgpj3nSb7P6sWNDujyHiXsEoTW2Z6B%2BwtP6WmvO57RbsHL5FMs%2BZjniHf738PPQu1rkMnURDglh0vw%3D%3D"}],"group":"cf-nel","max_age":604800}', 'Nel': '{"success_fraction":0,"report_to":"cf-nel","max_age":604800}', 'server-timing': 'cfL4;desc="?proto=TCP&rtt=30973&min_rtt=4342&rtt_var=19791&sent=151&recv=40&lost=0&retrans=0&sent_bytes=149180&recv_bytes=1163&delivery_rate=2644770&cwnd=252&unsent_bytes=0&cid=5802f40e2c9cf553&ts=5010&x=0"')>)
Pitcairn Islands: ClientResponseError(RequestInfo(url=URL('https://visaguide.world/visa-free-countries/pitcairnislander-passport/'), method='GET', headers=<CIMultiDictProxy('Host': 'visaguide.world', 'Accept': '*/*', 'Accept-Encoding': 'gzip, deflate', 'User-Agent': 'Python/3.10 aiohttp/3.12.6')>, real_url=URL('https://visaguide.world/visa-free-countries/pitcairnislander-passport/')), (), status=404, message='Not Found', headers=<CIMultiDictProxy('Date': 'Mon, 02 Jun 2025 00:57:54 GMT', 'Content-Type': 'text/html; charset=UTF-8', 'Transfer-Encoding': 'chunked', 'Connection': 'keep-alive', 'Cf-Ray': '9492ffca8ca53301-KIN', 'Server': 'cloudflare', 'Content-Encoding': 'gzip', 'Vary': 'Accept-Encoding', 'Expires': 'Wed, 11 Jan 1984 05:00:00 GMT', 'Permissions-Policy': 'browsing-topics=()', 'X-Frame-Options': 'SAMEORIGIN', 'Age': '0', 'Cf-Cache-Status': 'DYNAMIC', 'Report-To': '{"endpoints":[{"url":"https:\\/\\/a.nel.cloudflare.com\\/report\\/v4?s=0U1zcSvTBl4uJ99mE4Rwp%2FPLeSiWIeaWCIo9rbUaiLuBmiKoRF%2BHmEmDaBiAtwjhO3ysGU5L8IQtwu4ewQeGMGyD5T69ZvAoFqci8iLap2dau56uTsBSJWq8x85w2K4giofk1aWz0il%2BKwXL2g%3D%3D"}],"group":"cf-nel","max_age":604800}', 'Nel': '{"success_fraction":0,"report_to":"cf-nel","max_age":604800}', 'server-timing': 'cfL4;desc="?proto=TCP&rtt=12058&min_rtt=3043&rtt_var=6682&sent=275&recv=81&lost=0&retrans=0&sent_bytes=293485&recv_bytes=1537&delivery_rate=2980005&cwnd=255&unsent_bytes=0&cid=8fdbdbd80d700bd6&ts=7902&x=0"')>)
Puerto Rico: ClientResponseError(RequestInfo(url=URL('https://visaguide.world/visa-free-countries/puertorican-passport/'), method='GET', headers=<CIMultiDictProxy('Host': 'visaguide.world', 'Accept': '*/*', 'Accept-Encoding': 'gzip, deflate', 'User-Agent': 'Python/3.10 aiohttp/3.12.6')>, real_url=URL('https://visaguide.world/visa-free-countries/puertorican-passport/')), (), status=404, message='Not Found', headers=<CIMultiDictProxy('Date': 'Mon, 02 Jun 2025 00:57:54 GMT', 'Content-Type': 'text/html; charset=UTF-8', 'Transfer-Encoding': 'chunked', 'Connection': 'keep-alive', 'Cf-Ray': '9492ffcd1bab330a-KIN', 'Server': 'cloudflare', 'Content-Encoding': 'gzip', 'Vary': 'Accept-Encoding', 'Expires': 'Wed, 11 Jan 1984 05:00:00 GMT', 'Permissions-Policy': 'browsing-topics=()', 'X-Frame-Options': 'SAMEORIGIN', 'Age': '0', 'Cf-Cache-Status': 'DYNAMIC', 'Report-To': '{"endpoints":[{"url":"https:\\/\\/a.nel.cloudflare.com\\/report\\/v4?s=P%2FEpxRjLuiabrLL%2FmGKdDR13AbW3i%2BQBuvuLHgyBs1rSNVaBRJ1rP8sTtBosHbWKehALQ6cgF2t4NNrMX0I6pSfmI42eGN4mE2vigR0hfV2rjDy%2FGZzpvMU3OtJIEAnp%2BiUulRgvcy0DMj25fg%3D%3D"}],"group":"cf-nel","max_age":604800}', 'Nel': '{"success_fraction":0,"report_to":"cf-nel","max_age":604800}', 'server-timing': 'cfL4;desc="?proto=TCP&rtt=13643&min_rtt=4705&rtt_var=5128&sent=486&recv=141&lost=0&retrans=0&sent_bytes=542176&recv_bytes=2280&delivery_rate=3486062&cwnd=272&unsent_bytes=0&cid=cf322b86c7e53b53&ts=22851&x=0"')>)
Réunion: ClientResponseError(RequestInfo(url=URL('https://visaguide.world/visa-free-countries/r%C3%A9unionese-passport/'), method='GET', headers=<CIMultiDictProxy('Host': 'visaguide.world', 'Accept': '*/*', 'Accept-Encoding': 'gzip, deflate', 'User-Agent': 'Python/3.10 aiohttp/3.12.6')>, real_url=URL('https://visaguide.world/visa-free-countries/r%C3%A9unionese-passport/')), (), status=404, message='Not Found', headers=<CIMultiDictProxy('Date': 'Mon, 02 Jun 2025 00:57:56 GMT', 'Content-Type': 'text/html; charset=UTF-8', 'Transfer-Encoding': 'chunked', 'Connection': 'keep-alive', 'Cf-Ray': '9492ffd52fa9330b-KIN', 'Server': 'cloudflare', 'Content-Encoding': 'gzip', 'Vary': 'Accept-Encoding', 'Expires': 'Wed, 11 Jan 1984 05:00:00 GMT', 'Permissions-Policy': 'browsing-topics=()', 'X-Frame-Options': 'SAMEORIGIN', 'Age': '0', 'Cf-Cache-Status': 'DYNAMIC', 'Report-To': '{"endpoints":[{"url":"https:\\/\\/a.nel.cloudflare.com\\/report\\/v4?s=2ds38NgkZiKDCyvAjX9MKJmPuDdyVttvcJh6VUbpsQLMCLu%2ByOHbr7HWNNEd74a0VHlHz6xPVIDDt1gd2rY5fz1Kh7tFolVBCR7KrDSi6JBzGJI8CKKpg8fjnNbLJIUD2KHAw1D%2FNP0l8eC9Zg%3D%3D"}],"group":"cf-nel","max_age":604800}', 'Nel': '{"success_fraction":0,"report_to":"cf-nel","max_age":604800}', 'server-timing': 'cfL4;desc="?proto=TCP&rtt=64493&min_rtt=4342&rtt_var=3838&sent=208&recv=61&lost=0&retrans=1&sent_bytes=211638&recv_bytes=1356&delivery_rate=2644770&cwnd=252&unsent_bytes=0&cid=5802f40e2c9cf553&ts=7492&x=0"')>)
Saint Helena, Ascension and Tristan da Cunha: ClientResponseError(RequestInfo(url=URL('https://visaguide.world/visa-free-countries/sainthelenian-passport/'), method='GET', headers=<CIMultiDictProxy('Host': 'visaguide.world', 'Accept': '*/*', 'Accept-Encoding': 'gzip, deflate', 'User-Agent': 'Python/3.10 aiohttp/3.12.6')>, real_url=URL('https://visaguide.world/visa-free-countries/sainthelenian-passport/')), (), status=404, message='Not Found', headers=<CIMultiDictProxy('Date': 'Mon, 02 Jun 2025 00:57:58 GMT', 'Content-Type': 'text/html; charset=UTF-8', 'Transfer-Encoding': 'chunked', 'Connection': 'keep-alive', 'Cf-Ray': '9492ffde1f9d330a-KIN', 'Server': 'cloudflare', 'Content-Encoding': 'gzip', 'Vary': 'Accept-Encoding', 'Expires': 'Wed, 11 Jan 1984 05:00:00 GMT', 'Permissions-Policy': 'browsing-topics=()', 'X-Frame-Options': 'SAMEORIGIN', 'Age': '0', 'Cf-Cache-Status': 'DYNAMIC', 'Report-To': '{"endpoints":[{"url":"https:\\/\\/a.nel.cloudflare.com\\/report\\/v4?s=wqgV%2BkV0VHaKzo729bV9%2Faov%2BeHbR507IwFJKc%2BMcLt%2FjFWcaHBCJPfxw7h6fojU%2BDBetphKOfs25XUQib4vHoY9%2F23vtpsrCWRo6%2F2Be4PQdfgrFqw9xo%2Baw7vKaR9slzhN6AtPyzFo7ODDqg%3D%3D"}],"group":"cf-nel","max_age":604800}', 'Nel': '{"success_fraction":0,"report_to":"cf-nel","max_age":604800}', 'server-timing': 'cfL4;desc="?proto=TCP&rtt=130793&min_rtt=4104&rtt_var=34527&sent=1018&recv=332&lost=0&retrans=4&sent_bytes=1163600&recv_bytes=3985&delivery_rate=3469387&cwnd=307&unsent_bytes=0&cid=edd8245997416d0c&ts=50547&x=0"')>)
Saint Kitts and Nevis: ClientResponseError(RequestInfo(url=URL('https://visaguide.world/visa-free-countries/kittitianornevisian-passport/'), method='GET', headers=<CIMultiDictProxy('Host': 'visaguide.world', 'Accept': '*/*', 'Accept-Encoding': 'gzip, deflate', 'User-Agent': 'Python/3.10 aiohttp/3.12.6')>, real_url=URL('https://visaguide.world/visa-free-countries/kittitianornevisian-passport/')), (), status=404, message='Not Found', headers=<CIMultiDictProxy('Date': 'Mon, 02 Jun 2025 00:57:58 GMT', 'Content-Type': 'text/html; charset=UTF-8', 'Transfer-Encoding': 'chunked', 'Connection': 'keep-alive', 'Cf-Ray': '9492ffde1b673307-KIN', 'Server': 'cloudflare', 'Content-Encoding': 'gzip', 'Vary': 'Accept-Encoding', 'Expires': 'Wed, 11 Jan 1984 05:00:00 GMT', 'Permissions-Policy': 'browsing-topics=()', 'X-Frame-Options': 'SAMEORIGIN', 'Age': '0', 'Cf-Cache-Status': 'DYNAMIC', 'Report-To': '{"endpoints":[{"url":"https:\\/\\/a.nel.cloudflare.com\\/report\\/v4?s=E0kNwy6JgC9aSW%2BItN1g5qgVdkB3AWU6PSsdRN9xnaeDb73vT%2BbprT5CuNl%2FETcB3YvOz3zTjCvzn%2F%2BC5jS8zWD1f01TrNaaP%2FcWbObfpuNOXp6qF42AWAMN7IS5%2BRCdqA%3D%3D"}],"group":"cf-nel","max_age":604800}', 'Nel': '{"success_fraction":0,"report_to":"cf-nel","max_age":604800}', 'server-timing': 'cfL4;desc="?proto=TCP&rtt=122387&min_rtt=4834&rtt_var=42353&sent=63&recv=32&lost=0&retrans=1&sent_bytes=76024&recv_bytes=982&delivery_rate=693857&cwnd=256&unsent_bytes=0&cid=2a1d109dd1ae3787&ts=5204&x=0"')>)
Saint Lucia: ClientResponseError(RequestInfo(url=URL('https://visaguide.world/visa-free-countries/saintlucian-passport/'), method='GET', headers=<CIMultiDictProxy('Host': 'visaguide.world', 'Accept': '*/*', 'Accept-Encoding': 'gzip, deflate', 'User-Agent': 'Python/3.10 aiohttp/3.12.6')>, real_url=URL('https://visaguide.world/visa-free-countries/saintlucian-passport/')), (), status=404, message='Not Found', headers=<CIMultiDictProxy('Date': 'Mon, 02 Jun 2025 00:57:59 GMT', 'Content-Type': 'text/html; charset=UTF-8', 'Transfer-Encoding': 'chunked', 'Connection': 'keep-alive', 'Cf-Ray': '9492ffde18f43301-KIN', 'Server': 'cloudflare', 'Content-Encoding': 'gzip', 'Vary': 'Accept-Encoding', 'Expires': 'Wed, 11 Jan 1984 05:00:00 GMT', 'Permissions-Policy': 'browsing-topics=()', 'X-Frame-Options': 'SAMEORIGIN', 'Age': '0', 'Cf-Cache-Status': 'DYNAMIC', 'Report-To': '{"endpoints":[{"url":"https:\\/\\/a.nel.cloudflare.com\\/report\\/v4?s=Lt%2FrgaP9psnNnC%2Fp%2Ba0IBXffZ24d1PCDeZDSCSDvCGKzf1X3FlMkjtvfRPjSPsYmmbRMaxVWS5wB9CrpGH%2BwiKJn1JHoM6qsSW%2B7xoc6mXpcwxMtrIZioX%2F8Mdj6gAFDfNdURee4rG8950wzPg%3D%3D"}],"group":"cf-nel","max_age":604800}', 'Nel': '{"success_fraction":0,"report_to":"cf-nel","max_age":604800}', 'server-timing': 'cfL4;desc="?proto=TCP&rtt=18877&min_rtt=3043&rtt_var=7956&sent=330&recv=97&lost=0&retrans=0&sent_bytes=355889&recv_bytes=1726&delivery_rate=2980005&cwnd=255&unsent_bytes=0&cid=8fdbdbd80d700bd6&ts=12544&x=0"')>)
Saint Barthélemy: ClientResponseError(RequestInfo(url=URL('https://visaguide.world/visa-free-countries/saintbarth%C3%A9lemyislander-passport/'), method='GET', headers=<CIMultiDictProxy('Host': 'visaguide.world', 'Accept': '*/*', 'Accept-Encoding': 'gzip, deflate', 'User-Agent': 'Python/3.10 aiohttp/3.12.6')>, real_url=URL('https://visaguide.world/visa-free-countries/saintbarth%C3%A9lemyislander-passport/')), (), status=404, message='Not Found', headers=<CIMultiDictProxy('Date': 'Mon, 02 Jun 2025 00:57:59 GMT', 'Content-Type': 'text/html; charset=UTF-8', 'Transfer-Encoding': 'chunked', 'Connection': 'keep-alive', 'Cf-Ray': '9492ffde0e22330b-KIN', 'Server': 'cloudflare', 'Content-Encoding': 'gzip', 'Vary': 'Accept-Encoding', 'Expires': 'Wed, 11 Jan 1984 05:00:00 GMT', 'Permissions-Policy': 'browsing-topics=()', 'X-Frame-Options': 'SAMEORIGIN', 'Age': '0', 'Cf-Cache-Status': 'DYNAMIC', 'Report-To': '{"endpoints":[{"url":"https:\\/\\/a.nel.cloudflare.com\\/report\\/v4?s=myCzBdnUgWl3IARqQ5VILm6fGcTyRVqKnI1x79Tf5BfE9Dn9YhKwZ8ZkYRZVoYhRHQ4p8iMZYyUm%2Fib8ufWxrluCluXhU7Gbd%2BKpDDsN%2BlnYhroOfXQxaC2lHsJc8is2yY%2FkJujrJZPw1pWlHg%3D%3D"}],"group":"cf-nel","max_age":604800}', 'Nel': '{"success_fraction":0,"report_to":"cf-nel","max_age":604800}', 'server-timing': 'cfL4;desc="?proto=TCP&rtt=62045&min_rtt=3167&rtt_var=16884&sent=1282&recv=361&lost=0&retrans=3&sent_bytes=1483454&recv_bytes=4730&delivery_rate=2984819&cwnd=254&unsent_bytes=0&cid=7654a65bdac41d47&ts=51425&x=0"')>)
Saint Vincent and the Grenadines: ClientResponseError(RequestInfo(url=URL('https://visaguide.world/visa-free-countries/saintvincentian-passport/'), method='GET', headers=<CIMultiDictProxy('Host': 'visaguide.world', 'Accept': '*/*', 'Accept-Encoding': 'gzip, deflate', 'User-Agent': 'Python/3.10 aiohttp/3.12.6')>, real_url=URL('https://visaguide.world/visa-free-countries/saintvincentian-passport/')), (), status=404, message='Not Found', headers=<CIMultiDictProxy('Date': 'Mon, 02 Jun 2025 00:58:00 GMT', 'Content-Type': 'text/html; charset=UTF-8', 'Transfer-Encoding': 'chunked', 'Connection': 'keep-alive', 'Cf-Ray': '9492ffe28a5f330a-KIN', 'Server': 'cloudflare', 'Content-Encoding': 'gzip', 'Vary': 'Accept-Encoding', 'Expires': 'Wed, 11 Jan 1984 05:00:00 GMT', 'Permissions-Policy': 'browsing-topics=()', 'X-Frame-Options': 'SAMEORIGIN', 'Age': '0', 'Cf-Cache-Status': 'DYNAMIC', 'Report-To': '{"endpoints":[{"url":"https:\\/\\/a.nel.cloudflare.com\\/report\\/v4?s=VVZDaMEG4SPwRVF%2Bi7FYSaHHlTLExYjnTuym0ZgcKn7xpG6oRU282jQC99iz0ajaKRlHD%2FUbcshOpn%2FciqufncsUxUsQf1bliLIRiOwGTYPRnRkosssYEoxqL5WlDFjkfkjodhkLdlZ9Zt0tvw%3D%3D"}],"group":"cf-nel","max_age":604800}', 'Nel': '{"success_fraction":0,"report_to":"cf-nel","max_age":604800}', 'server-timing': 'cfL4;desc="?proto=TCP&rtt=33009&min_rtt=4705&rtt_var=15260&sent=538&recv=162&lost=0&retrans=0&sent_bytes=604125&recv_bytes=2473&delivery_rate=3486062&cwnd=272&unsent_bytes=0&cid=cf322b86c7e53b53&ts=28134&x=0"')>)
Saint Martin: ClientResponseError(RequestInfo(url=URL('https://visaguide.world/visa-free-countries/saintmartinislander-passport/'), method='GET', headers=<CIMultiDictProxy('Host': 'visaguide.world', 'Accept': '*/*', 'Accept-Encoding': 'gzip, deflate', 'User-Agent': 'Python/3.10 aiohttp/3.12.6')>, real_url=URL('https://visaguide.world/visa-free-countries/saintmartinislander-passport/')), (), status=404, message='Not Found', headers=<CIMultiDictProxy('Date': 'Mon, 02 Jun 2025 00:58:00 GMT', 'Content-Type': 'text/html; charset=UTF-8', 'Transfer-Encoding': 'chunked', 'Connection': 'keep-alive', 'Cf-Ray': '9492ffe25b4e3301-KIN', 'Server': 'cloudflare', 'Content-Encoding': 'gzip', 'Vary': 'Accept-Encoding', 'Expires': 'Wed, 11 Jan 1984 05:00:00 GMT', 'Permissions-Policy': 'browsing-topics=()', 'X-Frame-Options': 'SAMEORIGIN', 'Age': '0', 'Cf-Cache-Status': 'DYNAMIC', 'Report-To': '{"endpoints":[{"url":"https:\\/\\/a.nel.cloudflare.com\\/report\\/v4?s=qp9Rgdm7Efjk7mpTVg9lXXm1f2DHZh43vgU6%2BJSSltnUEBk3ofzE%2FAVhh2Cs4WwhPi2gwLYRE7XbOSlIG53G36lBZhGyPKfAqxD5808vfDKfZ1eB5K68gDPyEFN47rmERQ%3D%3D"}],"group":"cf-nel","max_age":604800}', 'Nel': '{"success_fraction":0,"report_to":"cf-nel","max_age":604800}', 'server-timing': 'cfL4;desc="?proto=TCP&rtt=25534&min_rtt=3586&rtt_var=7231&sent=1152&recv=342&lost=0&retrans=2&sent_bytes=1398241&recv_bytes=4523&delivery_rate=3055976&cwnd=257&unsent_bytes=0&cid=fda9cabb50173855&ts=52389&x=0"')>)
Saint Pierre and Miquelon: ClientResponseError(RequestInfo(url=URL('https://visaguide.world/visa-free-countries/saint-pierrais-and-miquelonnais-passport/'), method='GET', headers=<CIMultiDictProxy('Host': 'visaguide.world', 'Accept': '*/*', 'Accept-Encoding': 'gzip, deflate', 'User-Agent': 'Python/3.10 aiohttp/3.12.6')>, real_url=URL('https://visaguide.world/visa-free-countries/saint-pierrais-and-miquelonnais-passport/')), (), status=404, message='Not Found', headers=<CIMultiDictProxy('Date': 'Mon, 02 Jun 2025 00:58:00 GMT', 'Content-Type': 'text/html; charset=UTF-8', 'Transfer-Encoding': 'chunked', 'Connection': 'keep-alive', 'Cf-Ray': '9492ffe25ee33307-KIN', 'Server': 'cloudflare', 'Content-Encoding': 'gzip', 'Vary': 'Accept-Encoding', 'Expires': 'Wed, 11 Jan 1984 05:00:00 GMT', 'Permissions-Policy': 'browsing-topics=()', 'X-Frame-Options': 'SAMEORIGIN', 'Age': '0', 'Cf-Cache-Status': 'DYNAMIC', 'Report-To': '{"endpoints":[{"url":"https:\\/\\/a.nel.cloudflare.com\\/report\\/v4?s=bXxxaxIdYglSN5HcmPTv84bRxL0s7jD3N%2FFpLoY76uZGfobFyrXVj757iugeGeSASLlLyX9ap3v98PgsPZd6878imCNkFk0VYzL1vu8kkiBonDQArFy8EpV7038RH9W8cA%3D%3D"}],"group":"cf-nel","max_age":604800}', 'Nel': '{"success_fraction":0,"report_to":"cf-nel","max_age":604800}', 'server-timing': 'cfL4;desc="?proto=TCP&rtt=17573&min_rtt=5573&rtt_var=9382&sent=66&recv=23&lost=0&retrans=1&sent_bytes=76450&recv_bytes=990&delivery_rate=1532053&cwnd=256&unsent_bytes=0&cid=e35ede6a363240d9&ts=6787&x=0"')>)
San Marino: ClientResponseError(RequestInfo(url=URL('https://visaguide.world/visa-free-countries/sammarinese-passport/'), method='GET', headers=<CIMultiDictProxy('Host': 'visaguide.world', 'Accept': '*/*', 'Accept-Encoding': 'gzip, deflate', 'User-Agent': 'Python/3.10 aiohttp/3.12.6')>, real_url=URL('https://visaguide.world/visa-free-countries/sammarinese-passport/')), (), status=404, message='Not Found', headers=<CIMultiDictProxy('Date': 'Mon, 02 Jun 2025 00:58:00 GMT', 'Content-Type': 'text/html; charset=UTF-8', 'Transfer-Encoding': 'chunked', 'Connection': 'keep-alive', 'Cf-Ray': '9492ffe4ba2b330b-KIN', 'Server': 'cloudflare', 'Content-Encoding': 'gzip', 'Vary': 'Accept-Encoding', 'Expires': 'Wed, 11 Jan 1984 05:00:00 GMT', 'Permissions-Policy': 'browsing-topics=()', 'X-Frame-Options': 'SAMEORIGIN', 'Age': '0', 'Cf-Cache-Status': 'DYNAMIC', 'Report-To': '{"endpoints":[{"url":"https:\\/\\/a.nel.cloudflare.com\\/report\\/v4?s=RkIjHBZm8W8dE3OIot%2BE9oaxSx7AUXpeRPXqvOnaihnNfcW3FAfR435HtHa%2BQLb%2FNZeY4bWea%2BMR8X03U47avOPoqteLBdGjXFLj%2FwUNyK2qtAG9qHBIrwlJ3ErboNIyUPleMESdiLwD%2B0Cl%2FQ%3D%3D"}],"group":"cf-nel","max_age":604800}', 'Nel': '{"success_fraction":0,"report_to":"cf-nel","max_age":604800}', 'server-timing': 'cfL4;desc="?proto=TCP&rtt=25400&min_rtt=4342&rtt_var=9511&sent=262&recv=80&lost=0&retrans=1&sent_bytes=273914&recv_bytes=1545&delivery_rate=2644770&cwnd=252&unsent_bytes=0&cid=5802f40e2c9cf553&ts=11711&x=0"')>)
Saudi Arabia: ClientResponseError(RequestInfo(url=URL('https://visaguide.world/visa-free-countries/saudiarabian-passport/'), method='GET', headers=<CIMultiDictProxy('Host': 'visaguide.world', 'Accept': '*/*', 'Accept-Encoding': 'gzip, deflate', 'User-Agent': 'Python/3.10 aiohttp/3.12.6')>, real_url=URL('https://visaguide.world/visa-free-countries/saudiarabian-passport/')), (), status=404, message='Not Found', headers=<CIMultiDictProxy('Date': 'Mon, 02 Jun 2025 00:58:00 GMT', 'Content-Type': 'text/html; charset=UTF-8', 'Transfer-Encoding': 'chunked', 'Connection': 'keep-alive', 'Cf-Ray': '9492ffe9aff73301-KIN', 'Server': 'cloudflare', 'Content-Encoding': 'gzip', 'Vary': 'Accept-Encoding', 'Expires': 'Wed, 11 Jan 1984 05:00:00 GMT', 'Permissions-Policy': 'browsing-topics=()', 'X-Frame-Options': 'SAMEORIGIN', 'Age': '0', 'Cf-Cache-Status': 'DYNAMIC', 'Report-To': '{"endpoints":[{"url":"https:\\/\\/a.nel.cloudflare.com\\/report\\/v4?s=WQH3fq5P0eDlyxh8Aucwtu0CPRBA2HR1p4ScLVMJI%2BQ06Sb3nF3ZFxQjXu1pVu4WqUjtQv7ZoEQS3kimtC%2BIn8om%2FGoiwK%2FnsaadPdpYusL2GAu7YoXaWQ55OuvGXMATVA%3D%3D"}],"group":"cf-nel","max_age":604800}', 'Nel': '{"success_fraction":0,"report_to":"cf-nel","max_age":604800}', 'server-timing': 'cfL4;desc="?proto=TCP&rtt=25345&min_rtt=3351&rtt_var=6642&sent=543&recv=166&lost=0&retrans=1&sent_bytes=643943&recv_bytes=2458&delivery_rate=3590265&cwnd=254&unsent_bytes=0&cid=ca26569f54bbe8f7&ts=27059&x=0"')>)
Sierra Leone: ClientResponseError(RequestInfo(url=URL('https://visaguide.world/visa-free-countries/sierraleonean-passport/'), method='GET', headers=<CIMultiDictProxy('Host': 'visaguide.world', 'Accept': '*/*', 'Accept-Encoding': 'gzip, deflate', 'User-Agent': 'Python/3.10 aiohttp/3.12.6')>, real_url=URL('https://visaguide.world/visa-free-countries/sierraleonean-passport/')), (), status=404, message='Not Found', headers=<CIMultiDictProxy('Date': 'Mon, 02 Jun 2025 00:58:01 GMT', 'Content-Type': 'text/html; charset=UTF-8', 'Transfer-Encoding': 'chunked', 'Connection': 'keep-alive', 'Cf-Ray': '9492fff0daca330a-KIN', 'Server': 'cloudflare', 'Content-Encoding': 'gzip', 'Vary': 'Accept-Encoding', 'Expires': 'Wed, 11 Jan 1984 05:00:00 GMT', 'Permissions-Policy': 'browsing-topics=()', 'X-Frame-Options': 'SAMEORIGIN', 'Age': '0', 'Cf-Cache-Status': 'DYNAMIC', 'Report-To': '{"endpoints":[{"url":"https:\\/\\/a.nel.cloudflare.com\\/report\\/v4?s=ZIMTLq50viBhjswhUvzC4BapqGHmq%2BYX0jmkGEspDshqdTIiTdw17wENnbUr2E%2B5Dp2epwLQgB1OlSI2z0bNenBKACH9OAdbwHl%2BB5aJ%2B92sEwb4GDj2ApHLOtCkt%2BMvTQ%3D%3D"}],"group":"cf-nel","max_age":604800}', 'Nel': '{"success_fraction":0,"report_to":"cf-nel","max_age":604800}', 'server-timing': 'cfL4;desc="?proto=TCP&rtt=47973&min_rtt=5011&rtt_var=39335&sent=133&recv=51&lost=0&retrans=0&sent_bytes=149169&recv_bytes=1162&delivery_rate=1614329&cwnd=256&unsent_bytes=0&cid=e71cf990ed1082be&ts=4773&x=0"')>)
Slovenia: ClientResponseError(RequestInfo(url=URL('https://visaguide.world/visa-free-countries/slovene-passport/'), method='GET', headers=<CIMultiDictProxy('Host': 'visaguide.world', 'Accept': '*/*', 'Accept-Encoding': 'gzip, deflate', 'User-Agent': 'Python/3.10 aiohttp/3.12.6')>, real_url=URL('https://visaguide.world/visa-free-countries/slovene-passport/')), (), status=404, message='Not Found', headers=<CIMultiDictProxy('Date': 'Mon, 02 Jun 2025 00:58:02 GMT', 'Content-Type': 'text/html; charset=UTF-8', 'Transfer-Encoding': 'chunked', 'Connection': 'keep-alive', 'Cf-Ray': '9492fff54c98330b-KIN', 'Server': 'cloudflare', 'Content-Encoding': 'gzip', 'Vary': 'Accept-Encoding', 'Expires': 'Wed, 11 Jan 1984 05:00:00 GMT', 'Permissions-Policy': 'browsing-topics=()', 'X-Frame-Options': 'SAMEORIGIN', 'Age': '0', 'Cf-Cache-Status': 'DYNAMIC', 'Report-To': '{"endpoints":[{"url":"https:\\/\\/a.nel.cloudflare.com\\/report\\/v4?s=VGZTLoywBE0f1TRghApuOQipEUpQtDGfV1iQF5S6Hi1oVfV0GS8vovtKqx0qDfGAbopky4Q%2BxAPeXRcLgj27L%2FE7YZezUesDKEOH7MIxOim1%2BGFBBOwWlEfRjLEOuj6YOd2fqOpDKLrw2IYZww%3D%3D"}],"group":"cf-nel","max_age":604800}', 'Nel': '{"success_fraction":0,"report_to":"cf-nel","max_age":604800}', 'server-timing': 'cfL4;desc="?proto=TCP&rtt=24937&min_rtt=3167&rtt_var=7624&sent=1334&recv=382&lost=0&retrans=3&sent_bytes=1545585&recv_bytes=4915&delivery_rate=2984819&cwnd=286&unsent_bytes=0&cid=7654a65bdac41d47&ts=54452&x=0"')>)
Svalbard and Jan Mayen: RuntimeError('cannot reuse already awaited coroutine')
Sint Maarten: ClientResponseError(RequestInfo(url=URL('https://visaguide.world/visa-free-countries/st.maartener-passport/'), method='GET', headers=<CIMultiDictProxy('Host': 'visaguide.world', 'Accept': '*/*', 'Accept-Encoding': 'gzip, deflate', 'User-Agent': 'Python/3.10 aiohttp/3.12.6')>, real_url=URL('https://visaguide.world/visa-free-countries/st.maartener-passport/')), (), status=404, message='Not Found', headers=<CIMultiDictProxy('Date': 'Mon, 02 Jun 2025 00:58:02 GMT', 'Content-Type': 'text/html; charset=UTF-8', 'Transfer-Encoding': 'chunked', 'Connection': 'keep-alive', 'Cf-Ray': '9492fff54dec3304-KIN', 'Server': 'cloudflare', 'Content-Encoding': 'gzip', 'Vary': 'Accept-Encoding', 'Expires': 'Wed, 11 Jan 1984 05:00:00 GMT', 'Permissions-Policy': 'browsing-topics=()', 'X-Frame-Options': 'SAMEORIGIN', 'Age': '0', 'Cf-Cache-Status': 'DYNAMIC', 'Report-To': '{"endpoints":[{"url":"https:\\/\\/a.nel.cloudflare.com\\/report\\/v4?s=4oILMDGH3l402L%2BvtImtg6ODdAvDeoWsFuaEfDvpvtS2hK8g%2Fa4gAyEBRBY1VDVzQkHsO6Qq3oC4DVvIM3RQIf%2BkFURXuRfXFkyiTgWbN6A6vDrL0abWdnFebz0kr7Jdf2HHS7PgSoTCDZr67Q%3D%3D"}],"group":"cf-nel","max_age":604800}', 'Nel': '{"success_fraction":0,"report_to":"cf-nel","max_age":604800}', 'server-timing': 'cfL4;desc="?proto=TCP&rtt=41646&min_rtt=5895&rtt_var=2547&sent=80&recv=39&lost=0&retrans=0&sent_bytes=76250&recv_bytes=976&delivery_rate=1348028&cwnd=256&unsent_bytes=0&cid=4a875e224b0b57cb&ts=3601&x=0"')>)
Solomon Islands: ClientResponseError(RequestInfo(url=URL('https://visaguide.world/visa-free-countries/solomonislander-passport/'), method='GET', headers=<CIMultiDictProxy('Host': 'visaguide.world', 'Accept': '*/*', 'Accept-Encoding': 'gzip, deflate', 'User-Agent': 'Python/3.10 aiohttp/3.12.6')>, real_url=URL('https://visaguide.world/visa-free-countries/solomonislander-passport/')), (), status=404, message='Not Found', headers=<CIMultiDictProxy('Date': 'Mon, 02 Jun 2025 00:58:02 GMT', 'Content-Type': 'text/html; charset=UTF-8', 'Transfer-Encoding': 'chunked', 'Connection': 'keep-alive', 'Cf-Ray': '9492fff7fa7c333b-KIN', 'Server': 'cloudflare', 'Content-Encoding': 'gzip', 'Vary': 'Accept-Encoding', 'Expires': 'Wed, 11 Jan 1984 05:00:00 GMT', 'Permissions-Policy': 'browsing-topics=()', 'X-Frame-Options': 'SAMEORIGIN', 'Age': '0', 'Cf-Cache-Status': 'DYNAMIC', 'Report-To': '{"endpoints":[{"url":"https:\\/\\/a.nel.cloudflare.com\\/report\\/v4?s=bALWbvhaKwl8j5cNWWb8WGmB3KGyEJUY%2Fr1caGHq76tDPtSOvEH1wtA3s8tfZxVxrpSRzqMp4e45i8ERJTU0jH%2BSdvGiU2o1kpwLyvGC61sUIOBD84q0CGR5cpJML%2FtdvZBnCmvMTfT8oLq0zg%3D%3D"}],"group":"cf-nel","max_age":604800}', 'Nel': '{"success_fraction":0,"report_to":"cf-nel","max_age":604800}', 'server-timing': 'cfL4;desc="?proto=TCP&rtt=40809&min_rtt=3717&rtt_var=40106&sent=159&recv=65&lost=0&retrans=1&sent_bytes=150305&recv_bytes=1164&delivery_rate=1825853&cwnd=256&unsent_bytes=0&cid=fd331b09903e3f51&ts=3992&x=0"')>)
South Sudan: ClientResponseError(RequestInfo(url=URL('https://visaguide.world/visa-free-countries/southsudanese-passport/'), method='GET', headers=<CIMultiDictProxy('Host': 'visaguide.world', 'Accept': '*/*', 'Accept-Encoding': 'gzip, deflate', 'User-Agent': 'Python/3.10 aiohttp/3.12.6')>, real_url=URL('https://visaguide.world/visa-free-countries/southsudanese-passport/')), (), status=404, message='Not Found', headers=<CIMultiDictProxy('Date': 'Mon, 02 Jun 2025 00:58:03 GMT', 'Content-Type': 'text/html; charset=UTF-8', 'Transfer-Encoding': 'chunked', 'Connection': 'keep-alive', 'Cf-Ray': '9492fffb1837330b-KIN', 'Server': 'cloudflare', 'Content-Encoding': 'gzip', 'Vary': 'Accept-Encoding', 'Expires': 'Wed, 11 Jan 1984 05:00:00 GMT', 'Permissions-Policy': 'browsing-topics=()', 'X-Frame-Options': 'SAMEORIGIN', 'Age': '0', 'Cf-Cache-Status': 'DYNAMIC', 'Report-To': '{"endpoints":[{"url":"https:\\/\\/a.nel.cloudflare.com\\/report\\/v4?s=%2FkHiX9t9pN0KxXs%2BreZWSxHxvP0vczho6n4H9VgxFJeE3KUfpaqDNR%2F78s%2BUjiABYijnNdCQ%2FQ8Pm7zSzkVfspLUp0KMN5P%2ByS2RoqlX%2BbRGa9Zx3Yk%2Fz14D6kL%2BspNKAqg7nV9uNvfzX7EdmA%3D%3D"}],"group":"cf-nel","max_age":604800}', 'Nel': '{"success_fraction":0,"report_to":"cf-nel","max_age":604800}', 'server-timing': 'cfL4;desc="?proto=TCP&rtt=21336&min_rtt=4342&rtt_var=5402&sent=315&recv=102&lost=0&retrans=1&sent_bytes=336028&recv_bytes=1736&delivery_rate=2644770&cwnd=252&unsent_bytes=0&cid=5802f40e2c9cf553&ts=14686&x=0"')>)
South Korea: ClientResponseError(RequestInfo(url=URL('https://visaguide.world/visa-free-countries/southkorean-passport/'), method='GET', headers=<CIMultiDictProxy('Host': 'visaguide.world', 'Accept': '*/*', 'Accept-Encoding': 'gzip, deflate', 'User-Agent': 'Python/3.10 aiohttp/3.12.6')>, real_url=URL('https://visaguide.world/visa-free-countries/southkorean-passport/')), (), status=404, message='Not Found', headers=<CIMultiDictProxy('Date': 'Mon, 02 Jun 2025 00:58:03 GMT', 'Content-Type': 'text/html; charset=UTF-8', 'Transfer-Encoding': 'chunked', 'Connection': 'keep-alive', 'Cf-Ray': '9492fffab9eb3301-KIN', 'Server': 'cloudflare', 'Content-Encoding': 'gzip', 'Vary': 'Accept-Encoding', 'Expires': 'Wed, 11 Jan 1984 05:00:00 GMT', 'Permissions-Policy': 'browsing-topics=()', 'X-Frame-Options': 'SAMEORIGIN', 'Age': '0', 'Cf-Cache-Status': 'DYNAMIC', 'Report-To': '{"endpoints":[{"url":"https:\\/\\/a.nel.cloudflare.com\\/report\\/v4?s=UCQVan067epVzqBSTdwTwJpP8CvAfHZHEplOKAuNAaCKErzPluBFcz4ld0XXiFzA2Big2anByf3T7xbiIT6Imiz4T5VR%2F6LKIL5p35qadH6BwFQynr31kf06QLRZ6gMIs3bO%2BDusQbejct224A%3D%3D"}],"group":"cf-nel","max_age":604800}', 'Nel': '{"success_fraction":0,"report_to":"cf-nel","max_age":604800}', 'server-timing': 'cfL4;desc="?proto=TCP&rtt=22943&min_rtt=3043&rtt_var=9236&sent=444&recv=140&lost=0&retrans=0&sent_bytes=490231&recv_bytes=2099&delivery_rate=2980005&cwnd=255&unsent_bytes=0&cid=8fdbdbd80d700bd6&ts=17013&x=0"')>)
Suriname: ClientResponseError(RequestInfo(url=URL('https://visaguide.world/visa-free-countries/surinamer-passport/'), method='GET', headers=<CIMultiDictProxy('Host': 'visaguide.world', 'Accept': '*/*', 'Accept-Encoding': 'gzip, deflate', 'User-Agent': 'Python/3.10 aiohttp/3.12.6')>, real_url=URL('https://visaguide.world/visa-free-countries/surinamer-passport/')), (), status=404, message='Not Found', headers=<CIMultiDictProxy('Date': 'Mon, 02 Jun 2025 00:58:03 GMT', 'Content-Type': 'text/html; charset=UTF-8', 'Transfer-Encoding': 'chunked', 'Connection': 'keep-alive', 'Cf-Ray': '94930001ed0c330a-KIN', 'Server': 'cloudflare', 'Content-Encoding': 'gzip', 'Vary': 'Accept-Encoding', 'Expires': 'Wed, 11 Jan 1984 05:00:00 GMT', 'Permissions-Policy': 'browsing-topics=()', 'X-Frame-Options': 'SAMEORIGIN', 'Age': '0', 'Cf-Cache-Status': 'DYNAMIC', 'Report-To': '{"endpoints":[{"url":"https:\\/\\/a.nel.cloudflare.com\\/report\\/v4?s=9SZd07vPpSRGpDIoURunbuWe0oIHdjdHOTYOOveBkeOnAN5SXg6Dp26o4uGx5enFRvnifqI3DRV9wy9f1bYlARefLfViNH4owZZPm1P%2By7nUNyOVGERHuPEAadI5FB8CtQ%3D%3D"}],"group":"cf-nel","max_age":604800}', 'Nel': '{"success_fraction":0,"report_to":"cf-nel","max_age":604800}', 'server-timing': 'cfL4;desc="?proto=TCP&rtt=32360&min_rtt=5011&rtt_var=24045&sent=189&recv=69&lost=0&retrans=0&sent_bytes=211526&recv_bytes=1349&delivery_rate=1614329&cwnd=256&unsent_bytes=0&cid=e71cf990ed1082be&ts=6975&x=0"')>)
South Georgia: ClientResponseError(RequestInfo(url=URL('https://visaguide.world/visa-free-countries/southgeorgiansouthsandwichislander-passport/'), method='GET', headers=<CIMultiDictProxy('Host': 'visaguide.world', 'Accept': '*/*', 'Accept-Encoding': 'gzip, deflate', 'User-Agent': 'Python/3.10 aiohttp/3.12.6')>, real_url=URL('https://visaguide.world/visa-free-countries/southgeorgiansouthsandwichislander-passport/')), (), status=404, message='Not Found', headers=<CIMultiDictProxy('Date': 'Mon, 02 Jun 2025 00:58:03 GMT', 'Content-Type': 'text/html; charset=UTF-8', 'Transfer-Encoding': 'chunked', 'Connection': 'keep-alive', 'Cf-Ray': '9492fffecde0330d-KIN', 'Server': 'cloudflare', 'Content-Encoding': 'gzip', 'Vary': 'Accept-Encoding', 'Expires': 'Wed, 11 Jan 1984 05:00:00 GMT', 'Permissions-Policy': 'browsing-topics=()', 'X-Frame-Options': 'SAMEORIGIN', 'Age': '0', 'Cf-Cache-Status': 'DYNAMIC', 'Report-To': '{"endpoints":[{"url":"https:\\/\\/a.nel.cloudflare.com\\/report\\/v4?s=EIKWb2GPKgtfBmWfrMyYX9RDXmbn79QYkiHIO7uOaTYylg7SEAm%2BnoCiuKpSUTgVlKBbv8%2FazRNc%2BsSQ5elDMNl2erjak5orJcAcXd1jMe8irl5WWokuGzhERMsL1ZqeZg%3D%3D"}],"group":"cf-nel","max_age":604800}', 'Nel': '{"success_fraction":0,"report_to":"cf-nel","max_age":604800}', 'server-timing': 'cfL4;desc="?proto=TCP&rtt=43495&min_rtt=8992&rtt_var=24400&sent=5&recv=7&lost=0&retrans=0&sent_bytes=2851&recv_bytes=809&delivery_rate=314056&cwnd=252&unsent_bytes=0&cid=1f7a384711483e2f&ts=3123&x=0"')>)
South Africa: ClientResponseError(RequestInfo(url=URL('https://visaguide.world/visa-free-countries/southafrican-passport/'), method='GET', headers=<CIMultiDictProxy('Host': 'visaguide.world', 'Accept': '*/*', 'Accept-Encoding': 'gzip, deflate', 'User-Agent': 'Python/3.10 aiohttp/3.12.6')>, real_url=URL('https://visaguide.world/visa-free-countries/southafrican-passport/')), (), status=404, message='Not Found', headers=<CIMultiDictProxy('Date': 'Mon, 02 Jun 2025 00:58:04 GMT', 'Content-Type': 'text/html; charset=UTF-8', 'Transfer-Encoding': 'chunked', 'Connection': 'keep-alive', 'Cf-Ray': '9492fffecb37330a-KIN', 'Server': 'cloudflare', 'Content-Encoding': 'gzip', 'Vary': 'Accept-Encoding', 'Expires': 'Wed, 11 Jan 1984 05:00:00 GMT', 'Permissions-Policy': 'browsing-topics=()', 'X-Frame-Options': 'SAMEORIGIN', 'Age': '0', 'Cf-Cache-Status': 'DYNAMIC', 'Report-To': '{"endpoints":[{"url":"https:\\/\\/a.nel.cloudflare.com\\/report\\/v4?s=LzQE3mUbfIOjiZn9Zp3dFmlh9qWK0dqy14CFNYsKvy9Dm%2B2F93F1BcEA0lxsy%2B9H5tGAur4KEgrGfWGdLZ56hVzKNHNryYY267Fb%2FP83yWnTW8DcGXAzrsprd5H9agE3Agg687mn1Ji5otucXg%3D%3D"}],"group":"cf-nel","max_age":604800}', 'Nel': '{"success_fraction":0,"report_to":"cf-nel","max_age":604800}', 'server-timing': 'cfL4;desc="?proto=TCP&rtt=58526&min_rtt=6486&rtt_var=33808&sent=5&recv=6&lost=0&retrans=0&sent_bytes=2850&recv_bytes=787&delivery_rate=629047&cwnd=252&unsent_bytes=0&cid=449cd9688a149409&ts=3296&x=0"')>)
Sri Lanka: ClientResponseError(RequestInfo(url=URL('https://visaguide.world/visa-free-countries/srilankan-passport/'), method='GET', headers=<CIMultiDictProxy('Host': 'visaguide.world', 'Accept': '*/*', 'Accept-Encoding': 'gzip, deflate', 'User-Agent': 'Python/3.10 aiohttp/3.12.6')>, real_url=URL('https://visaguide.world/visa-free-countries/srilankan-passport/')), (), status=404, message='Not Found', headers=<CIMultiDictProxy('Date': 'Mon, 02 Jun 2025 00:58:04 GMT', 'Content-Type': 'text/html; charset=UTF-8', 'Transfer-Encoding': 'chunked', 'Connection': 'keep-alive', 'Cf-Ray': '94930001fe273305-KIN', 'Server': 'cloudflare', 'Content-Encoding': 'gzip', 'Vary': 'Accept-Encoding', 'Expires': 'Wed, 11 Jan 1984 05:00:00 GMT', 'Permissions-Policy': 'browsing-topics=()', 'X-Frame-Options': 'SAMEORIGIN', 'Age': '0', 'Cf-Cache-Status': 'DYNAMIC', 'Report-To': '{"endpoints":[{"url":"https:\\/\\/a.nel.cloudflare.com\\/report\\/v4?s=ocHVwSYSQVIv4nwZMxfYQpUCG3gmhJisgnKwlMzHRQt%2BLgoolBTuDXuFKN%2B9i7oOnJ29TPCyAtgNgxNAqBi6OIATmhPcTiTnUilNihapCsCmWqh67xpDl8KmQkOIcIbqfw%3D%3D"}],"group":"cf-nel","max_age":604800}', 'Nel': '{"success_fraction":0,"report_to":"cf-nel","max_age":604800}', 'server-timing': 'cfL4;desc="?proto=TCP&rtt=7199&min_rtt=4908&rtt_var=3477&sent=5&recv=6&lost=0&retrans=0&sent_bytes=2852&recv_bytes=784&delivery_rate=863080&cwnd=252&unsent_bytes=0&cid=89fad26c0bf9b4b6&ts=2470&x=0"')>)
São Tomé and Príncipe: ClientResponseError(RequestInfo(url=URL('https://visaguide.world/visa-free-countries/saotomean-passport/'), method='GET', headers=<CIMultiDictProxy('Host': 'visaguide.world', 'Accept': '*/*', 'Accept-Encoding': 'gzip, deflate', 'User-Agent': 'Python/3.10 aiohttp/3.12.6')>, real_url=URL('https://visaguide.world/visa-free-countries/saotomean-passport/')), (), status=404, message='Not Found', headers=<CIMultiDictProxy('Date': 'Mon, 02 Jun 2025 00:58:05 GMT', 'Content-Type': 'text/html; charset=UTF-8', 'Transfer-Encoding': 'chunked', 'Connection': 'keep-alive', 'Cf-Ray': '949300080ad5333b-KIN', 'Server': 'cloudflare', 'Content-Encoding': 'gzip', 'Vary': 'Accept-Encoding', 'Expires': 'Wed, 11 Jan 1984 05:00:00 GMT', 'Permissions-Policy': 'browsing-topics=()', 'X-Frame-Options': 'SAMEORIGIN', 'Age': '0', 'Cf-Cache-Status': 'DYNAMIC', 'Report-To': '{"endpoints":[{"url":"https:\\/\\/a.nel.cloudflare.com\\/report\\/v4?s=9bdA0VgVM0k9GVlernPZoZkOEXptkFCZygfroNEo5x6dBip497SN4Prc83FnjrKI7%2BBLwWzxDeQsDAVxGaSl1JhLXo9rn11oWTZGyRpqjkdyFcrAyHOExqqMK2gz67nlzL512EeZajBxbijZ0Q%3D%3D"}],"group":"cf-nel","max_age":604800}', 'Nel': '{"success_fraction":0,"report_to":"cf-nel","max_age":604800}', 'server-timing': 'cfL4;desc="?proto=TCP&rtt=22284&min_rtt=3717&rtt_var=2099&sent=216&recv=84&lost=0&retrans=1&sent_bytes=212651&recv_bytes=1351&delivery_rate=1825853&cwnd=256&unsent_bytes=0&cid=fd331b09903e3f51&ts=6717&x=0"')>)
Tajikistan: ClientResponseError(RequestInfo(url=URL('https://visaguide.world/visa-free-countries/tadzhik-passport/'), method='GET', headers=<CIMultiDictProxy('Host': 'visaguide.world', 'Accept': '*/*', 'Accept-Encoding': 'gzip, deflate', 'User-Agent': 'Python/3.10 aiohttp/3.12.6')>, real_url=URL('https://visaguide.world/visa-free-countries/tadzhik-passport/')), (), status=404, message='Not Found', headers=<CIMultiDictProxy('Date': 'Mon, 02 Jun 2025 00:58:06 GMT', 'Content-Type': 'text/html; charset=UTF-8', 'Transfer-Encoding': 'chunked', 'Connection': 'keep-alive', 'Cf-Ray': '9493000d48f23304-KIN', 'Server': 'cloudflare', 'Content-Encoding': 'gzip', 'Vary': 'Accept-Encoding', 'Expires': 'Wed, 11 Jan 1984 05:00:00 GMT', 'Permissions-Policy': 'browsing-topics=()', 'X-Frame-Options': 'SAMEORIGIN', 'Age': '0', 'Cf-Cache-Status': 'DYNAMIC', 'Report-To': '{"endpoints":[{"url":"https:\\/\\/a.nel.cloudflare.com\\/report\\/v4?s=%2BnxDNet9U67mIjmJPBhRZjoA8jje4n0UlRWkzNlud6jlOjYiqxzhHuQkPS3EgAqEGz%2FklJrTba7rf3JynNVWVVseMTX3Ros2M7T%2FCRyawDSJTx22rQtrm%2B%2B%2F2gcxBo%2BxEScRBqWohVjAn43AeQ%3D%3D"}],"group":"cf-nel","max_age":604800}', 'Nel': '{"success_fraction":0,"report_to":"cf-nel","max_age":604800}', 'server-timing': 'cfL4;desc="?proto=TCP&rtt=16384&min_rtt=3896&rtt_var=11275&sent=205&recv=81&lost=0&retrans=0&sent_bytes=211299&recv_bytes=1345&delivery_rate=2441850&cwnd=256&unsent_bytes=0&cid=4a875e224b0b57cb&ts=7424&x=0"')>)
Timor-Leste: ClientResponseError(RequestInfo(url=URL('https://visaguide.world/visa-free-countries/easttimorese-passport/'), method='GET', headers=<CIMultiDictProxy('Host': 'visaguide.world', 'Accept': '*/*', 'Accept-Encoding': 'gzip, deflate', 'User-Agent': 'Python/3.10 aiohttp/3.12.6')>, real_url=URL('https://visaguide.world/visa-free-countries/easttimorese-passport/')), (), status=404, message='Not Found', headers=<CIMultiDictProxy('Date': 'Mon, 02 Jun 2025 00:58:06 GMT', 'Content-Type': 'text/html; charset=UTF-8', 'Transfer-Encoding': 'chunked', 'Connection': 'keep-alive', 'Cf-Ray': '9493000ffe41330a-KIN', 'Server': 'cloudflare', 'Content-Encoding': 'gzip', 'Vary': 'Accept-Encoding', 'Expires': 'Wed, 11 Jan 1984 05:00:00 GMT', 'Permissions-Policy': 'browsing-topics=()', 'X-Frame-Options': 'SAMEORIGIN', 'Age': '0', 'Cf-Cache-Status': 'DYNAMIC', 'Report-To': '{"endpoints":[{"url":"https:\\/\\/a.nel.cloudflare.com\\/report\\/v4?s=M68FwcZTnNGc6wq%2BCJo0756mxofYI3pCUkhbe%2FyY9%2F9R1%2FmjZypTFSJDtbdH8vm3jjoPd1lzYmHMnIXY5LN54HiFUJlY8aQ%2Bu0NIu9Z37c1CjZn39QPUOpRieGdfWsNv6BSiILGQ1jA1jx80mw%3D%3D"}],"group":"cf-nel","max_age":604800}', 'Nel': '{"success_fraction":0,"report_to":"cf-nel","max_age":604800}', 'server-timing': 'cfL4;desc="?proto=TCP&rtt=32221&min_rtt=4705&rtt_var=17199&sent=898&recv=271&lost=0&retrans=0&sent_bytes=1028263&recv_bytes=3588&delivery_rate=3486062&cwnd=278&unsent_bytes=0&cid=cf322b86c7e53b53&ts=34443&x=0"')>)
United States: RuntimeError('cannot reuse already awaited coroutine')
Tokelau: ClientResponseError(RequestInfo(url=URL('https://visaguide.world/visa-free-countries/tokelauan-passport/'), method='GET', headers=<CIMultiDictProxy('Host': 'visaguide.world', 'Accept': '*/*', 'Accept-Encoding': 'gzip, deflate', 'User-Agent': 'Python/3.10 aiohttp/3.12.6')>, real_url=URL('https://visaguide.world/visa-free-countries/tokelauan-passport/')), (), status=404, message='Not Found', headers=<CIMultiDictProxy('Date': 'Mon, 02 Jun 2025 00:58:06 GMT', 'Content-Type': 'text/html; charset=UTF-8', 'Transfer-Encoding': 'chunked', 'Connection': 'keep-alive', 'Cf-Ray': '94930012f933330d-KIN', 'Server': 'cloudflare', 'Content-Encoding': 'gzip', 'Vary': 'Accept-Encoding', 'Expires': 'Wed, 11 Jan 1984 05:00:00 GMT', 'Permissions-Policy': 'browsing-topics=()', 'X-Frame-Options': 'SAMEORIGIN', 'Age': '0', 'Cf-Cache-Status': 'DYNAMIC', 'Report-To': '{"endpoints":[{"url":"https:\\/\\/a.nel.cloudflare.com\\/report\\/v4?s=qwIEpHzevFPfklgDmXZy7tE9auAyaUQFw%2F%2BxS8hUA2l2IcgG8GE3ST4tagsIXWc4xLmhw31RndQZtYVap9yyztW8gkkvt%2FhR2uz9cg8tL4DOspJmVAr8ReXxZSinvzb3EQ%3D%3D"}],"group":"cf-nel","max_age":604800}', 'Nel': '{"success_fraction":0,"report_to":"cf-nel","max_age":604800}', 'server-timing': 'cfL4;desc="?proto=TCP&rtt=29748&min_rtt=8992&rtt_var=2924&sent=59&recv=28&lost=0&retrans=0&sent_bytes=66295&recv_bytes=996&delivery_rate=1221552&cwnd=255&unsent_bytes=0&cid=1f7a384711483e2f&ts=5913&x=0"')>)
United States Virgin Islands: RuntimeError('cannot reuse already awaited coroutine')
Tuvalu: ClientResponseError(RequestInfo(url=URL('https://visaguide.world/visa-free-countries/tuvaluan-passport/'), method='GET', headers=<CIMultiDictProxy('Host': 'visaguide.world', 'Accept': '*/*', 'Accept-Encoding': 'gzip, deflate', 'User-Agent': 'Python/3.10 aiohttp/3.12.6')>, real_url=URL('https://visaguide.world/visa-free-countries/tuvaluan-passport/')), (), status=404, message='Not Found', headers=<CIMultiDictProxy('Date': 'Mon, 02 Jun 2025 00:58:07 GMT', 'Content-Type': 'text/html; charset=UTF-8', 'Transfer-Encoding': 'chunked', 'Connection': 'keep-alive', 'Cf-Ray': '94930019bba13305-KIN', 'Server': 'cloudflare', 'Content-Encoding': 'gzip', 'Vary': 'Accept-Encoding', 'Expires': 'Wed, 11 Jan 1984 05:00:00 GMT', 'Permissions-Policy': 'browsing-topics=()', 'X-Frame-Options': 'SAMEORIGIN', 'Age': '0', 'Cf-Cache-Status': 'DYNAMIC', 'Report-To': '{"endpoints":[{"url":"https:\\/\\/a.nel.cloudflare.com\\/report\\/v4?s=EehKb7oCAK4Eedn71mC2MrLUFoWAsMCu5qS%2B0j2dlkejwtkQ9B%2B0BlsG2eDmoA2NMqlMsu4SxcJG9fzEWywNbH3Yn34XpclOErzaJS9W3Bvhl1U967xp0TnRlZX7sdJsIQ%3D%3D"}],"group":"cf-nel","max_age":604800}', 'Nel': '{"success_fraction":0,"report_to":"cf-nel","max_age":604800}', 'server-timing': 'cfL4;desc="?proto=TCP&rtt=32464&min_rtt=4665&rtt_var=9524&sent=123&recv=53&lost=0&retrans=1&sent_bytes=139967&recv_bytes=1156&delivery_rate=2118651&cwnd=256&unsent_bytes=0&cid=89fad26c0bf9b4b6&ts=5790&x=0"')>)
Trinidad and Tobago: ClientResponseError(RequestInfo(url=URL('https://visaguide.world/visa-free-countries/trinidadian-passport/'), method='GET', headers=<CIMultiDictProxy('Host': 'visaguide.world', 'Accept': '*/*', 'Accept-Encoding': 'gzip, deflate', 'User-Agent': 'Python/3.10 aiohttp/3.12.6')>, real_url=URL('https://visaguide.world/visa-free-countries/trinidadian-passport/')), (), status=404, message='Not Found', headers=<CIMultiDictProxy('Date': 'Mon, 02 Jun 2025 00:58:07 GMT', 'Content-Type': 'text/html; charset=UTF-8', 'Transfer-Encoding': 'chunked', 'Connection': 'keep-alive', 'Cf-Ray': '94930019bebf3304-KIN', 'Server': 'cloudflare', 'Content-Encoding': 'gzip', 'Vary': 'Accept-Encoding', 'Expires': 'Wed, 11 Jan 1984 05:00:00 GMT', 'Permissions-Policy': 'browsing-topics=()', 'X-Frame-Options': 'SAMEORIGIN', 'Age': '0', 'Cf-Cache-Status': 'DYNAMIC', 'Report-To': '{"endpoints":[{"url":"https:\\/\\/a.nel.cloudflare.com\\/report\\/v4?s=UZHV1zB9OTnVuuUXr2SV7lxHQ0uWVA%2BA8fviH6dakfAwl61GjHogO0GmQBRZbEZNWcEXd%2FnH0Tz5o%2BnQRdmGrS%2FEx9X0mjWHUie7XLi1H1uKYXS8juk6X%2Fvgj%2FWS3mPhLMI%2FnTaKrqI8DQC2Pg%3D%3D"}],"group":"cf-nel","max_age":604800}', 'Nel': '{"success_fraction":0,"report_to":"cf-nel","max_age":604800}', 'server-timing': 'cfL4;desc="?proto=TCP&rtt=4390&min_rtt=4390&rtt_var=2195&sent=7&recv=7&lost=0&retrans=1&sent_bytes=2980&recv_bytes=786&delivery_rate=301373&cwnd=252&unsent_bytes=0&cid=46133d0f1d4fbd35&ts=2512&x=0"')>)
Turks and Caicos Islands: ClientResponseError(RequestInfo(url=URL('https://visaguide.world/visa-free-countries/turksandcaicosislander-passport/'), method='GET', headers=<CIMultiDictProxy('Host': 'visaguide.world', 'Accept': '*/*', 'Accept-Encoding': 'gzip, deflate', 'User-Agent': 'Python/3.10 aiohttp/3.12.6')>, real_url=URL('https://visaguide.world/visa-free-countries/turksandcaicosislander-passport/')), (), status=404, message='Not Found', headers=<CIMultiDictProxy('Date': 'Mon, 02 Jun 2025 00:58:07 GMT', 'Content-Type': 'text/html; charset=UTF-8', 'Transfer-Encoding': 'chunked', 'Connection': 'keep-alive', 'Cf-Ray': '94930017aaad333b-KIN', 'Server': 'cloudflare', 'Content-Encoding': 'gzip', 'Vary': 'Accept-Encoding', 'Expires': 'Wed, 11 Jan 1984 05:00:00 GMT', 'Permissions-Policy': 'browsing-topics=()', 'X-Frame-Options': 'SAMEORIGIN', 'Age': '0', 'Cf-Cache-Status': 'DYNAMIC', 'Report-To': '{"endpoints":[{"url":"https:\\/\\/a.nel.cloudflare.com\\/report\\/v4?s=YjetKcYyqTbm4NTD5bqnxyGGSjLOgVp9yatv%2BsVfifzAYOuHmyi7vLS06TsMOmyuv%2B6UKym0usk4D87gLAXzwT8sM6N96iCfeV2CzGzkh2kDUBQfIFhvAmXH0TaLeCeSH7UOoRtxX2DO6eMkLA%3D%3D"}],"group":"cf-nel","max_age":604800}', 'Nel': '{"success_fraction":0,"report_to":"cf-nel","max_age":604800}', 'server-timing': 'cfL4;desc="?proto=TCP&rtt=27378&min_rtt=3717&rtt_var=19223&sent=268&recv=103&lost=0&retrans=1&sent_bytes=274723&recv_bytes=1551&delivery_rate=1825853&cwnd=256&unsent_bytes=0&cid=fd331b09903e3f51&ts=9555&x=0"')>)
United Kingdom: ClientResponseError(RequestInfo(url=URL('https://visaguide.world/visa-free-countries/british-passport/'), method='GET', headers=<CIMultiDictProxy('Host': 'visaguide.world', 'Accept': '*/*', 'Accept-Encoding': 'gzip, deflate', 'User-Agent': 'Python/3.10 aiohttp/3.12.6')>, real_url=URL('https://visaguide.world/visa-free-countries/british-passport/')), (), status=404, message='Not Found', headers=<CIMultiDictProxy('Date': 'Mon, 02 Jun 2025 00:58:08 GMT', 'Content-Type': 'text/html; charset=UTF-8', 'Transfer-Encoding': 'chunked', 'Connection': 'keep-alive', 'Cf-Ray': '94930022bb493304-KIN', 'Server': 'cloudflare', 'Content-Encoding': 'gzip', 'Vary': 'Accept-Encoding', 'Expires': 'Wed, 11 Jan 1984 05:00:00 GMT', 'Permissions-Policy': 'browsing-topics=()', 'X-Frame-Options': 'SAMEORIGIN', 'Age': '0', 'Cf-Cache-Status': 'DYNAMIC', 'Report-To': '{"endpoints":[{"url":"https:\\/\\/a.nel.cloudflare.com\\/report\\/v4?s=zqy5qEyzZLnQYpta08gzZ3gE1NTZiLZ1ea%2BSQSAL6INTx07tQ4oQprd99s0GjJjG3LLGnBvUyVt7cmQup6i5to9WBdH5dsFn0vinCojLVJy0li63Nr5x0rkJMg7udVE%2FydjB0EMxEF56a84JTQ%3D%3D"}],"group":"cf-nel","max_age":604800}', 'Nel': '{"success_fraction":0,"report_to":"cf-nel","max_age":604800}', 'server-timing': 'cfL4;desc="?proto=TCP&rtt=52619&min_rtt=3896&rtt_var=61085&sent=257&recv=104&lost=0&retrans=0&sent_bytes=273522&recv_bytes=1530&delivery_rate=2441850&cwnd=256&unsent_bytes=0&cid=4a875e224b0b57cb&ts=9897&x=0"')>)
United States Minor Outlying Islands: ClientResponseError(RequestInfo(url=URL('https://visaguide.world/visa-free-countries/americanislander-passport/'), method='GET', headers=<CIMultiDictProxy('Host': 'visaguide.world', 'Accept': '*/*', 'Accept-Encoding': 'gzip, deflate', 'User-Agent': 'Python/3.10 aiohttp/3.12.6')>, real_url=URL('https://visaguide.world/visa-free-countries/americanislander-passport/')), (), status=404, message='Not Found', headers=<CIMultiDictProxy('Date': 'Mon, 02 Jun 2025 00:58:08 GMT', 'Content-Type': 'text/html; charset=UTF-8', 'Transfer-Encoding': 'chunked', 'Connection': 'keep-alive', 'Cf-Ray': '94930024ea26330b-KIN', 'Server': 'cloudflare', 'Content-Encoding': 'gzip', 'Vary': 'Accept-Encoding', 'Expires': 'Wed, 11 Jan 1984 05:00:00 GMT', 'Permissions-Policy': 'browsing-topics=()', 'X-Frame-Options': 'SAMEORIGIN', 'Age': '0', 'Cf-Cache-Status': 'DYNAMIC', 'Report-To': '{"endpoints":[{"url":"https:\\/\\/a.nel.cloudflare.com\\/report\\/v4?s=C%2B3mp%2FMSGneMOKfZO5iAHrXOvKHzmd8oX%2FLi1gduGXDdP55On%2Bw%2BXJNYvTQka2VpIoVd4qanoOV5uUFNRWKVqAW%2BDrUG6H5j0n%2BbGg3%2F5hSSRCJmj%2F9cpiRrqqWylqnXLl%2Fq3dDLarwiqV%2BwOQ%3D%3D"}],"group":"cf-nel","max_age":604800}', 'Nel': '{"success_fraction":0,"report_to":"cf-nel","max_age":604800}', 'server-timing': 'cfL4;desc="?proto=TCP&rtt=35758&min_rtt=4342&rtt_var=7853&sent=552&recv=196&lost=0&retrans=3&sent_bytes=617511&recv_bytes=2482&delivery_rate=2668497&cwnd=252&unsent_bytes=0&cid=5802f40e2c9cf553&ts=20145&x=0"')>)
Uzbekistan: ClientResponseError(RequestInfo(url=URL('https://visaguide.world/visa-free-countries/uzbekistani-passport/'), method='GET', headers=<CIMultiDictProxy('Host': 'visaguide.world', 'Accept': '*/*', 'Accept-Encoding': 'gzip, deflate', 'User-Agent': 'Python/3.10 aiohttp/3.12.6')>, real_url=URL('https://visaguide.world/visa-free-countries/uzbekistani-passport/')), (), status=404, message='Not Found', headers=<CIMultiDictProxy('Date': 'Mon, 02 Jun 2025 00:58:09 GMT', 'Content-Type': 'text/html; charset=UTF-8', 'Transfer-Encoding': 'chunked', 'Connection': 'keep-alive', 'Cf-Ray': '949300257a9c330b-KIN', 'Server': 'cloudflare', 'Content-Encoding': 'gzip', 'Vary': 'Accept-Encoding', 'Expires': 'Wed, 11 Jan 1984 05:00:00 GMT', 'Permissions-Policy': 'browsing-topics=()', 'X-Frame-Options': 'SAMEORIGIN', 'Age': '0', 'Cf-Cache-Status': 'DYNAMIC', 'Report-To': '{"endpoints":[{"url":"https:\\/\\/a.nel.cloudflare.com\\/report\\/v4?s=bsKzmWT2E4nCbeB6dBKxXlCH5Wud3UtMrzE9lVnVnKXLXe72XO39guGz1KS%2F84P1oCB9L2Q3MR9hqBuCyFeYYOSGjYKqN3W13Ojfn4iNhEAGtXAnCLG1oZBjgZiKcUu11w%3D%3D"}],"group":"cf-nel","max_age":604800}', 'Nel': '{"success_fraction":0,"report_to":"cf-nel","max_age":604800}', 'server-timing': 'cfL4;desc="?proto=TCP&rtt=39712&min_rtt=5340&rtt_var=14083&sent=252&recv=87&lost=0&retrans=1&sent_bytes=294662&recv_bytes=1530&delivery_rate=2321910&cwnd=256&unsent_bytes=0&cid=f4ecd7b565736fc2&ts=6301&x=0"')>)
Vanuatu: ClientResponseError(RequestInfo(url=URL('https://visaguide.world/visa-free-countries/ni-vanuatu-passport/'), method='GET', headers=<CIMultiDictProxy('Host': 'visaguide.world', 'Accept': '*/*', 'Accept-Encoding': 'gzip, deflate', 'User-Agent': 'Python/3.10 aiohttp/3.12.6')>, real_url=URL('https://visaguide.world/visa-free-countries/ni-vanuatu-passport/')), (), status=404, message='Not Found', headers=<CIMultiDictProxy('Date': 'Mon, 02 Jun 2025 00:58:10 GMT', 'Content-Type': 'text/html; charset=UTF-8', 'Transfer-Encoding': 'chunked', 'Connection': 'keep-alive', 'Cf-Ray': '9493002cef75330a-KIN', 'Server': 'cloudflare', 'Content-Encoding': 'gzip', 'Vary': 'Accept-Encoding', 'Expires': 'Wed, 11 Jan 1984 05:00:00 GMT', 'Permissions-Policy': 'browsing-topics=()', 'X-Frame-Options': 'SAMEORIGIN', 'Age': '0', 'Cf-Cache-Status': 'DYNAMIC', 'Report-To': '{"endpoints":[{"url":"https:\\/\\/a.nel.cloudflare.com\\/report\\/v4?s=ycg8Rwz8NgYPpdfdJYYxYShyB6y7lI86jqW0rhVAg3DF%2Bfy3u%2BmEUSUSPukrqfXsD2RqR6dg7zqjUMMwH3rJw%2FVuaV9jZ5EXNnSdhpTpS%2FSFWgpZFu4EMTsUVElgotY8sA%3D%3D"}],"group":"cf-nel","max_age":604800}', 'Nel': '{"success_fraction":0,"report_to":"cf-nel","max_age":604800}', 'server-timing': 'cfL4;desc="?proto=TCP&rtt=33730&min_rtt=5011&rtt_var=12037&sent=297&recv=107&lost=0&retrans=0&sent_bytes=346078&recv_bytes=1723&delivery_rate=1614329&cwnd=256&unsent_bytes=0&cid=e71cf990ed1082be&ts=13450&x=0"')>)
Western Sahara: ClientResponseError(RequestInfo(url=URL('https://visaguide.world/visa-free-countries/sahrawi-passport/'), method='GET', headers=<CIMultiDictProxy('Host': 'visaguide.world', 'Accept': '*/*', 'Accept-Encoding': 'gzip, deflate', 'User-Agent': 'Python/3.10 aiohttp/3.12.6')>, real_url=URL('https://visaguide.world/visa-free-countries/sahrawi-passport/')), (), status=404, message='Not Found', headers=<CIMultiDictProxy('Date': 'Mon, 02 Jun 2025 00:58:11 GMT', 'Content-Type': 'text/html; charset=UTF-8', 'Transfer-Encoding': 'chunked', 'Connection': 'keep-alive', 'Cf-Ray': '949300314f23333b-KIN', 'Server': 'cloudflare', 'Content-Encoding': 'gzip', 'Vary': 'Accept-Encoding', 'Expires': 'Wed, 11 Jan 1984 05:00:00 GMT', 'Permissions-Policy': 'browsing-topics=()', 'X-Frame-Options': 'SAMEORIGIN', 'Age': '0', 'Cf-Cache-Status': 'DYNAMIC', 'Report-To': '{"endpoints":[{"url":"https:\\/\\/a.nel.cloudflare.com\\/report\\/v4?s=2uDKBp%2F7QZ9WtWgNRSUXK8%2FkEz%2FPp50HhB9wjZ%2BQ5Vw7QN5Zd1IrxKNo8uO8i4tSdNo%2FDNZJVU5qLPswZgmZz%2FhR%2F16XNWy0f%2FrMrXyfk32wygrCrbzXktBgNDgz9LfYs8NwwAq4RMFRtiiUsA%3D%3D"}],"group":"cf-nel","max_age":604800}', 'Nel': '{"success_fraction":0,"report_to":"cf-nel","max_age":604800}', 'server-timing': 'cfL4;desc="?proto=TCP&rtt=19649&min_rtt=3717&rtt_var=13369&sent=321&recv=109&lost=0&retrans=1&sent_bytes=336962&recv_bytes=1736&delivery_rate=2551131&cwnd=256&unsent_bytes=0&cid=fd331b09903e3f51&ts=12803&x=0"')>)
Wallis and Futuna: ClientResponseError(RequestInfo(url=URL('https://visaguide.world/visa-free-countries/wallisandfutunaislander-passport/'), method='GET', headers=<CIMultiDictProxy('Host': 'visaguide.world', 'Accept': '*/*', 'Accept-Encoding': 'gzip, deflate', 'User-Agent': 'Python/3.10 aiohttp/3.12.6')>, real_url=URL('https://visaguide.world/visa-free-countries/wallisandfutunaislander-passport/')), (), status=404, message='Not Found', headers=<CIMultiDictProxy('Date': 'Mon, 02 Jun 2025 00:58:11 GMT', 'Content-Type': 'text/html; charset=UTF-8', 'Transfer-Encoding': 'chunked', 'Connection': 'keep-alive', 'Cf-Ray': '949300314acc3304-KIN', 'Server': 'cloudflare', 'Content-Encoding': 'gzip', 'Vary': 'Accept-Encoding', 'Expires': 'Wed, 11 Jan 1984 05:00:00 GMT', 'Permissions-Policy': 'browsing-topics=()', 'X-Frame-Options': 'SAMEORIGIN', 'Age': '0', 'Cf-Cache-Status': 'DYNAMIC', 'Report-To': '{"endpoints":[{"url":"https:\\/\\/a.nel.cloudflare.com\\/report\\/v4?s=DHEzHuRH20Zc1hfx4z4QGMBDSIwJKX3vpNJd%2FQb27%2BShMYYcbykZcKyT0N%2BO3w5X2fnP6i3a6ym%2FZantlggHWSJT3yM6pGmpWULMNz2L0yQgK%2Byf9q4RfotSB2MmWK5s8%2BIY93IgBqAZ8uMjFA%3D%3D"}],"group":"cf-nel","max_age":604800}', 'Nel': '{"success_fraction":0,"report_to":"cf-nel","max_age":604800}', 'server-timing': 'cfL4;desc="?proto=TCP&rtt=14104&min_rtt=4390&rtt_var=9285&sent=90&recv=19&lost=0&retrans=2&sent_bytes=66508&recv_bytes=987&delivery_rate=2258510&cwnd=252&unsent_bytes=0&cid=46133d0f1d4fbd35&ts=5929&x=0"')>)
Åland Islands: ClientResponseError(RequestInfo(url=URL('https://visaguide.world/visa-free-countries/%C3%A5landish-passport/'), method='GET', headers=<CIMultiDictProxy('Host': 'visaguide.world', 'Accept': '*/*', 'Accept-Encoding': 'gzip, deflate', 'User-Agent': 'Python/3.10 aiohttp/3.12.6')>, real_url=URL('https://visaguide.world/visa-free-countries/%C3%A5landish-passport/')), (), status=404, message='Not Found', headers=<CIMultiDictProxy('Date': 'Mon, 02 Jun 2025 00:58:12 GMT', 'Content-Type': 'text/html; charset=UTF-8', 'Transfer-Encoding': 'chunked', 'Connection': 'keep-alive', 'Cf-Ray': '949300382ec73304-KIN', 'Server': 'cloudflare', 'Content-Encoding': 'gzip', 'Vary': 'Accept-Encoding', 'Expires': 'Wed, 11 Jan 1984 05:00:00 GMT', 'Permissions-Policy': 'browsing-topics=()', 'X-Frame-Options': 'SAMEORIGIN', 'Age': '0', 'Cf-Cache-Status': 'DYNAMIC', 'Report-To': '{"endpoints":[{"url":"https:\\/\\/a.nel.cloudflare.com\\/report\\/v4?s=AGfNyhWvvaUNEDCeffaTyb8rNDIiLZURI5bQkjg7qQkKOSyj70Y3DEqdPlV6t%2FqLB1a9NE50KHokdDd05AE%2Be4mYvDv17prETmo5LeujnW1U6mseLZCDpE%2Fa8ph1sVqoEsZi6%2F9kDqM0XVMuUg%3D%3D"}],"group":"cf-nel","max_age":604800}', 'Nel': '{"success_fraction":0,"report_to":"cf-nel","max_age":604800}', 'server-timing': 'cfL4;desc="?proto=TCP&rtt=23969&min_rtt=22453&rtt_var=9503&sent=6&recv=6&lost=0&retrans=0&sent_bytes=2851&recv_bytes=788&delivery_rate=181712&cwnd=252&unsent_bytes=0&cid=8344b76b2216bdd8&ts=2386&x=0"')>)
Vatican City: ClientResponseError(RequestInfo(url=URL('https://visaguide.world/visa-free-countries/vatican-passport/'), method='GET', headers=<CIMultiDictProxy('Host': 'visaguide.world', 'Accept': '*/*', 'Accept-Encoding': 'gzip, deflate', 'User-Agent': 'Python/3.10 aiohttp/3.12.6')>, real_url=URL('https://visaguide.world/visa-free-countries/vatican-passport/')), (), status=404, message='Not Found', headers=<CIMultiDictProxy('Date': 'Mon, 02 Jun 2025 00:58:12 GMT', 'Content-Type': 'text/html; charset=UTF-8', 'Transfer-Encoding': 'chunked', 'Connection': 'keep-alive', 'Cf-Ray': '9493003cd923330a-KIN', 'Server': 'cloudflare', 'Content-Encoding': 'gzip', 'Vary': 'Accept-Encoding', 'Expires': 'Wed, 11 Jan 1984 05:00:00 GMT', 'Permissions-Policy': 'browsing-topics=()', 'X-Frame-Options': 'SAMEORIGIN', 'Age': '0', 'Cf-Cache-Status': 'DYNAMIC', 'Report-To': '{"endpoints":[{"url":"https:\\/\\/a.nel.cloudflare.com\\/report\\/v4?s=FjqghaVZzK760nbUXSOW63UpvQxhmb6NrjDQ9NH4HU02gc4713CFLtZdPPnwbwVBajR06vF1Cn%2FzsLNfUuj9BYyaHm8FjByfouayQDvIb88fvoCoTXnCoL7lH3BEmXP42%2FyZQ3s80XZgkFg1Cw%3D%3D"}],"group":"cf-nel","max_age":604800}', 'Nel': '{"success_fraction":0,"report_to":"cf-nel","max_age":604800}', 'server-timing': 'cfL4;desc="?proto=TCP&rtt=29204&min_rtt=6365&rtt_var=16541&sent=5&recv=6&lost=0&retrans=0&sent_bytes=2851&recv_bytes=782&delivery_rate=641005&cwnd=252&unsent_bytes=0&cid=a0aad8935ec2cbcc&ts=1887&x=0"')>)
American Samoa: ClientResponseError(RequestInfo(url=URL('https://visaguide.world/visa-free-countries/americansamoan-passport/'), method='GET', headers=<CIMultiDictProxy('Host': 'visaguide.world', 'Accept': '*/*', 'Accept-Encoding': 'gzip, deflate', 'User-Agent': 'Python/3.10 aiohttp/3.12.6')>, real_url=URL('https://visaguide.world/visa-free-countries/americansamoan-passport/')), (), status=404, message='Not Found', headers=<CIMultiDictProxy('Date': 'Sun, 06 Jul 2025 05:45:49 GMT', 'Content-Type': 'text/html; charset=UTF-8', 'Transfer-Encoding': 'chunked', 'Connection': 'keep-alive', 'Content-Encoding': 'gzip', 'Vary': 'Accept-Encoding', 'Expires': 'Wed, 11 Jan 1984 05:00:00 GMT', 'permissions-policy': 'browsing-topics=()', 'x-frame-options': 'SAMEORIGIN', 'Age': '0', 'cf-cache-status': 'DYNAMIC', 'Report-To': '{"endpoints":[{"url":"https:\\/\\/a.nel.cloudflare.com\\/report\\/v4?s=0j6MeLAYMPQ%2BuhBW%2FZaGKn%2BbW%2FMjBIW5E0j1jwp%2FpCP2mtT8tQEMx%2Bga6KBUBsu5Mgplr2erM6YuZ2ZMszuVtCtngr%2BYlQ%2BRnR8gDDSt1hVAQ%2BaZEbMVBP2P9IIHzfNVjDhhEaAGuEBeH2Oqvw%3D%3D"}],"group":"cf-nel","max_age":604800}', 'NEL': '{"success_fraction":0,"report_to":"cf-nel","max_age":604800}', 'Server': 'cloudflare', 'CF-RAY': '95accc4d1f62330a-KIN', 'server-timing': 'cfL4;desc="?proto=TCP&rtt=4487&min_rtt=3971&rtt_var=2113&sent=5&recv=6&lost=0&retrans=0&sent_bytes=2853&recv_bytes=789&delivery_rate=595968&cwnd=252&unsent_bytes=0&cid=7598fce2433c855d&ts=1556&x=0"')>)
Anguilla: ClientResponseError(RequestInfo(url=URL('https://visaguide.world/visa-free-countries/anguillian-passport/'), method='GET', headers=<CIMultiDictProxy('Host': 'visaguide.world', 'Accept': '*/*', 'Accept-Encoding': 'gzip, deflate', 'User-Agent': 'Python/3.10 aiohttp/3.12.6')>, real_url=URL('https://visaguide.world/visa-free-countries/anguillian-passport/')), (), status=404, message='Not Found', headers=<CIMultiDictProxy('Date': 'Sun, 06 Jul 2025 05:45:50 GMT', 'Content-Type': 'text/html; charset=UTF-8', 'Transfer-Encoding': 'chunked', 'Connection': 'keep-alive', 'Content-Encoding': 'gzip', 'Vary': 'Accept-Encoding', 'Expires': 'Wed, 11 Jan 1984 05:00:00 GMT', 'permissions-policy': 'browsing-topics=()', 'x-frame-options': 'SAMEORIGIN', 'Age': '0', 'cf-cache-status': 'DYNAMIC', 'Report-To': '{"endpoints":[{"url":"https:\\/\\/a.nel.cloudflare.com\\/report\\/v4?s=zZyiuh%2BGwnWk%2BaOPtdowq2UFPDcPPvWPKr8LVyg3GkEpBqoB5ybgXJEug2gLMkNp7kzxHr0Jd3bSPFSs%2FDk57PJiRzPKebXcOAb7vDG7lPEs0tL5fbWLDjK7J%2F1te803QA%3D%3D"}],"group":"cf-nel","max_age":604800}', 'NEL': '{"success_fraction":0,"report_to":"cf-nel","max_age":604800}', 'Server': 'cloudflare', 'CF-RAY': '95accc4d2f99330b-KIN', 'server-timing': 'cfL4;desc="?proto=TCP&rtt=5117&min_rtt=4362&rtt_var=2671&sent=5&recv=6&lost=0&retrans=0&sent_bytes=2852&recv_bytes=785&delivery_rate=522575&cwnd=252&unsent_bytes=0&cid=2246dfd84bf7e26f&ts=1712&x=0"')>)
Argentina: ClientResponseError(RequestInfo(url=URL('https://visaguide.world/visa-free-countries/argentine-passport/'), method='GET', headers=<CIMultiDictProxy('Host': 'visaguide.world', 'Accept': '*/*', 'Accept-Encoding': 'gzip, deflate', 'User-Agent': 'Python/3.10 aiohttp/3.12.6')>, real_url=URL('https://visaguide.world/visa-free-countries/argentine-passport/')), (), status=404, message='Not Found', headers=<CIMultiDictProxy('Date': 'Sun, 06 Jul 2025 05:45:50 GMT', 'Content-Type': 'text/html; charset=UTF-8', 'Transfer-Encoding': 'chunked', 'Connection': 'keep-alive', 'Content-Encoding': 'gzip', 'Vary': 'Accept-Encoding', 'Expires': 'Wed, 11 Jan 1984 05:00:00 GMT', 'permissions-policy': 'browsing-topics=()', 'x-frame-options': 'SAMEORIGIN', 'Age': '0', 'cf-cache-status': 'DYNAMIC', 'Report-To': '{"endpoints":[{"url":"https:\\/\\/a.nel.cloudflare.com\\/report\\/v4?s=EC4PaftJX1m0aS2vNFRPPyVShgxHHlc28xLPpVTcaGu9bqp8m2RrrvIO75CgDB3JINvArdZZMarh%2FpAYjimjwosnZY9QQWoAjtKOKldoJdAkZXCiSVT%2FReUDfl7S4j794Q%3D%3D"}],"group":"cf-nel","max_age":604800}', 'NEL': '{"success_fraction":0,"report_to":"cf-nel","max_age":604800}', 'Server': 'cloudflare', 'CF-RAY': '95accc4d4dec330d-KIN', 'server-timing': 'cfL4;desc="?proto=TCP&rtt=7402&min_rtt=5935&rtt_var=5160&sent=6&recv=7&lost=0&retrans=1&sent_bytes=2880&recv_bytes=784&delivery_rate=268594&cwnd=253&unsent_bytes=0&cid=c2bd8d6f29144228&ts=1718&x=0"')>)
Antarctica: ClientResponseError(RequestInfo(url=URL('https://visaguide.world/visa-free-countries/antarctican-passport/'), method='GET', headers=<CIMultiDictProxy('Host': 'visaguide.world', 'Accept': '*/*', 'Accept-Encoding': 'gzip, deflate', 'User-Agent': 'Python/3.10 aiohttp/3.12.6')>, real_url=URL('https://visaguide.world/visa-free-countries/antarctican-passport/')), (), status=404, message='Not Found', headers=<CIMultiDictProxy('Date': 'Sun, 06 Jul 2025 05:45:50 GMT', 'Content-Type': 'text/html; charset=UTF-8', 'Transfer-Encoding': 'chunked', 'Connection': 'keep-alive', 'Content-Encoding': 'gzip', 'Vary': 'Accept-Encoding', 'Expires': 'Wed, 11 Jan 1984 05:00:00 GMT', 'permissions-policy': 'browsing-topics=()', 'x-frame-options': 'SAMEORIGIN', 'Age': '0', 'cf-cache-status': 'DYNAMIC', 'Report-To': '{"endpoints":[{"url":"https:\\/\\/a.nel.cloudflare.com\\/report\\/v4?s=MNno55uAala%2BNvnEec%2FvGPGvh8WReTA8CSduNZRqxwPlOxIOVKUJ0SSypQ3vAfdopwl1hWEmASdR7VcQMv4vn%2BLVT8i80Gq9QIFgHiv4%2Fwq7jxfE6mkIBoP9kql7AQK81RoTP6AlCrJC3wBqQg%3D%3D"}],"group":"cf-nel","max_age":604800}', 'NEL': '{"success_fraction":0,"report_to":"cf-nel","max_age":604800}', 'Server': 'cloudflare', 'CF-RAY': '95accc4d3fc83304-KIN', 'server-timing': 'cfL4;desc="?proto=TCP&rtt=5469&min_rtt=4487&rtt_var=3647&sent=6&recv=7&lost=0&retrans=1&sent_bytes=2986&recv_bytes=786&delivery_rate=253731&cwnd=252&unsent_bytes=0&cid=cbc2689cba95238d&ts=1785&x=0"')>)
Aruba: ClientResponseError(RequestInfo(url=URL('https://visaguide.world/visa-free-countries/aruban-passport/'), method='GET', headers=<CIMultiDictProxy('Host': 'visaguide.world', 'Accept': '*/*', 'Accept-Encoding': 'gzip, deflate', 'User-Agent': 'Python/3.10 aiohttp/3.12.6')>, real_url=URL('https://visaguide.world/visa-free-countries/aruban-passport/')), (), status=404, message='Not Found', headers=<CIMultiDictProxy('Date': 'Sun, 06 Jul 2025 05:45:50 GMT', 'Content-Type': 'text/html; charset=UTF-8', 'Transfer-Encoding': 'chunked', 'Connection': 'keep-alive', 'Content-Encoding': 'gzip', 'Vary': 'Accept-Encoding', 'Expires': 'Wed, 11 Jan 1984 05:00:00 GMT', 'permissions-policy': 'browsing-topics=()', 'x-frame-options': 'SAMEORIGIN', 'Age': '0', 'cf-cache-status': 'DYNAMIC', 'Report-To': '{"endpoints":[{"url":"https:\\/\\/a.nel.cloudflare.com\\/report\\/v4?s=aEPR86dx%2FbAiuLV5ZWareCOGdz05uB7MLzOvS5zXNERFGbVu%2BzvP2SgEI5gydtgAcjGS79N%2BYknJ1tjq2ZqEUSqZ7FFrO9pBc5WFX1LWAbwgxwWnKV2pmK3jnPTcASBVHyXpj0BVHIFYjIkLIA%3D%3D"}],"group":"cf-nel","max_age":604800}', 'NEL': '{"success_fraction":0,"report_to":"cf-nel","max_age":604800}', 'Server': 'cloudflare', 'CF-RAY': '95accc588cfa3304-KIN', 'server-timing': 'cfL4;desc="?proto=TCP&rtt=55614&min_rtt=3202&rtt_var=17290&sent=83&recv=46&lost=0&retrans=0&sent_bytes=76680&recv_bytes=965&delivery_rate=2804123&cwnd=256&unsent_bytes=0&cid=cc597845bdcaa127&ts=2527&x=0"')>)
Bermuda: ClientResponseError(RequestInfo(url=URL('https://visaguide.world/visa-free-countries/bermudian-passport/'), method='GET', headers=<CIMultiDictProxy('Host': 'visaguide.world', 'Accept': '*/*', 'Accept-Encoding': 'gzip, deflate', 'User-Agent': 'Python/3.10 aiohttp/3.12.6')>, real_url=URL('https://visaguide.world/visa-free-countries/bermudian-passport/')), (), status=404, message='Not Found', headers=<CIMultiDictProxy('Date': 'Sun, 06 Jul 2025 05:45:52 GMT', 'Content-Type': 'text/html; charset=UTF-8', 'Transfer-Encoding': 'chunked', 'Connection': 'keep-alive', 'Content-Encoding': 'gzip', 'Vary': 'Accept-Encoding', 'Expires': 'Wed, 11 Jan 1984 05:00:00 GMT', 'permissions-policy': 'browsing-topics=()', 'x-frame-options': 'SAMEORIGIN', 'Age': '0', 'cf-cache-status': 'DYNAMIC', 'Report-To': '{"endpoints":[{"url":"https:\\/\\/a.nel.cloudflare.com\\/report\\/v4?s=tWiVcluVytX%2FnEJcjz2b0mDHgKTCF5y6Va0EwX3k64zi9LHksd8VZrPNLCUHn5efI82r4%2B1dU0r%2B0gprQn5HQZJJ7eH3b574Tb9BZqt5qJ7ZqogEJLOLPWG7fD8MI%2FIiFC6ZdNc4PEQ2plmyKg%3D%3D"}],"group":"cf-nel","max_age":604800}', 'NEL': '{"success_fraction":0,"report_to":"cf-nel","max_age":604800}', 'Server': 'cloudflare', 'CF-RAY': '95accc64ed5c3305-KIN', 'server-timing': 'cfL4;desc="?proto=TCP&rtt=21071&min_rtt=4129&rtt_var=14745&sent=221&recv=117&lost=0&retrans=1&sent_bytes=223280&recv_bytes=1344&delivery_rate=2772680&cwnd=256&unsent_bytes=0&cid=8ec593304108a045&ts=4617&x=0"')>)
Botswana: ClientResponseError(RequestInfo(url=URL('https://visaguide.world/visa-free-countries/motswana-passport/'), method='GET', headers=<CIMultiDictProxy('Host': 'visaguide.world', 'Accept': '*/*', 'Accept-Encoding': 'gzip, deflate', 'User-Agent': 'Python/3.10 aiohttp/3.12.6')>, real_url=URL('https://visaguide.world/visa-free-countries/motswana-passport/')), (), status=404, message='Not Found', headers=<CIMultiDictProxy('Date': 'Sun, 06 Jul 2025 05:45:53 GMT', 'Content-Type': 'text/html; charset=UTF-8', 'Transfer-Encoding': 'chunked', 'Connection': 'keep-alive', 'Content-Encoding': 'gzip', 'Vary': 'Accept-Encoding', 'Expires': 'Wed, 11 Jan 1984 05:00:00 GMT', 'permissions-policy': 'browsing-topics=()', 'x-frame-options': 'SAMEORIGIN', 'Age': '0', 'cf-cache-status': 'DYNAMIC', 'Report-To': '{"endpoints":[{"url":"https:\\/\\/a.nel.cloudflare.com\\/report\\/v4?s=TjD9XLF4L2vmiD3YhjjErW2cbQ%2BWUtilgbYBwwjRHZheRwe56nYjoVM%2FPeBTiQ9TqgQyFCpJf9glzn2LE5q7JLwW0O2kYOqi3GBDCK5TuWJEBtiFpRMbbd5OqVIZQt9vDw%3D%3D"}],"group":"cf-nel","max_age":604800}', 'NEL': '{"success_fraction":0,"report_to":"cf-nel","max_age":604800}', 'Server': 'cloudflare', 'CF-RAY': '95accc68f972333b-KIN', 'server-timing': 'cfL4;desc="?proto=TCP&rtt=24421&min_rtt=3602&rtt_var=15893&sent=134&recv=73&lost=0&retrans=0&sent_bytes=150009&recv_bytes=1157&delivery_rate=2792967&cwnd=256&unsent_bytes=0&cid=372c90ea3d30e5cd&ts=5205&x=0"')>)
Bosnia and Herzegovina: ClientResponseError(RequestInfo(url=URL('https://visaguide.world/visa-free-countries/bosnian-and-herzegovinian-passport/'), method='GET', headers=<CIMultiDictProxy('Host': 'visaguide.world', 'Accept': '*/*', 'Accept-Encoding': 'gzip, deflate', 'User-Agent': 'Python/3.10 aiohttp/3.12.6')>, real_url=URL('https://visaguide.world/visa-free-countries/bosnian-and-herzegovinian-passport/')), (), status=404, message='Not Found', headers=<CIMultiDictProxy('Date': 'Sun, 06 Jul 2025 05:45:53 GMT', 'Content-Type': 'text/html; charset=UTF-8', 'Transfer-Encoding': 'chunked', 'Connection': 'keep-alive', 'Content-Encoding': 'gzip', 'Vary': 'Accept-Encoding', 'Expires': 'Wed, 11 Jan 1984 05:00:00 GMT', 'permissions-policy': 'browsing-topics=()', 'x-frame-options': 'SAMEORIGIN', 'Age': '0', 'cf-cache-status': 'DYNAMIC', 'Report-To': '{"endpoints":[{"url":"https:\\/\\/a.nel.cloudflare.com\\/report\\/v4?s=309T8yZhqYVaagsUUiUNUixnZoXykYG7iOz17Y3zOV94%2Bze1Tr%2Bn92vJVWTrfFpW1VqVXPpg2ntJiEpIt2xXadijjpjcPD0HbNC0rGJ8azDZaRHSlonpqZ1tm5AqDaBrLGbzeImpmzKRAJoZ7Q%3D%3D"}],"group":"cf-nel","max_age":604800}', 'NEL': '{"success_fraction":0,"report_to":"cf-nel","max_age":604800}', 'Server': 'cloudflare', 'CF-RAY': '95accc68f96e333b-KIN', 'server-timing': 'cfL4;desc="?proto=TCP&rtt=12976&min_rtt=3611&rtt_var=3721&sent=162&recv=87&lost=0&retrans=0&sent_bytes=149647&recv_bytes=1171&delivery_rate=2776927&cwnd=256&unsent_bytes=0&cid=76279a8f6874a56e&ts=5404&x=0"')>)
British Virgin Islands: ClientResponseError(RequestInfo(url=URL('https://visaguide.world/visa-free-countries/virginislander-passport/'), method='GET', headers=<CIMultiDictProxy('Host': 'visaguide.world', 'Accept': '*/*', 'Accept-Encoding': 'gzip, deflate', 'User-Agent': 'Python/3.10 aiohttp/3.12.6')>, real_url=URL('https://visaguide.world/visa-free-countries/virginislander-passport/')), (), status=404, message='Not Found', headers=<CIMultiDictProxy('Date': 'Sun, 06 Jul 2025 05:45:54 GMT', 'Content-Type': 'text/html; charset=UTF-8', 'Transfer-Encoding': 'chunked', 'Connection': 'keep-alive', 'Content-Encoding': 'gzip', 'Vary': 'Accept-Encoding', 'Expires': 'Wed, 11 Jan 1984 05:00:00 GMT', 'permissions-policy': 'browsing-topics=()', 'x-frame-options': 'SAMEORIGIN', 'Age': '0', 'cf-cache-status': 'DYNAMIC', 'Report-To': '{"endpoints":[{"url":"https:\\/\\/a.nel.cloudflare.com\\/report\\/v4?s=yQK%2Fj1O7lEQ0pmGdpFcupNE48VUxL1MP7ZnKRdR%2FC9bAgIe8l%2ByN5ON1j%2FNEARDLDlF0%2FnO2%2FNX3NsJHYhhiv1742vFtGg%2FbzlDuUDU8VtLcwTBLLkjso3%2BTn4cvFcE49A%3D%3D"}],"group":"cf-nel","max_age":604800}', 'NEL': '{"success_fraction":0,"report_to":"cf-nel","max_age":604800}', 'Server': 'cloudflare', 'CF-RAY': '95accc6c1f123310-KIN', 'server-timing': 'cfL4;desc="?proto=TCP&rtt=26093&min_rtt=3657&rtt_var=15614&sent=65&recv=39&lost=0&retrans=0&sent_bytes=76307&recv_bytes=975&delivery_rate=2371431&cwnd=256&unsent_bytes=0&cid=0771e1bee2fe1263&ts=2082&x=0"')>)
Cayman Islands: ClientResponseError(RequestInfo(url=URL('https://visaguide.world/visa-free-countries/caymanian-passport/'), method='GET', headers=<CIMultiDictProxy('Host': 'visaguide.world', 'Accept': '*/*', 'Accept-Encoding': 'gzip, deflate', 'User-Agent': 'Python/3.10 aiohttp/3.12.6')>, real_url=URL('https://visaguide.world/visa-free-countries/caymanian-passport/')), (), status=404, message='Not Found', headers=<CIMultiDictProxy('Date': 'Sun, 06 Jul 2025 05:45:55 GMT', 'Content-Type': 'text/html; charset=UTF-8', 'Transfer-Encoding': 'chunked', 'Connection': 'keep-alive', 'Content-Encoding': 'gzip', 'Vary': 'Accept-Encoding', 'Expires': 'Wed, 11 Jan 1984 05:00:00 GMT', 'permissions-policy': 'browsing-topics=()', 'x-frame-options': 'SAMEORIGIN', 'Age': '0', 'cf-cache-status': 'DYNAMIC', 'Report-To': '{"endpoints":[{"url":"https:\\/\\/a.nel.cloudflare.com\\/report\\/v4?s=44Hq4FqzhsDbwcZgoS6r1WtHAEDgk5UpXTtkoRL5OoWyPpKOlv4tOsjDBLRodlkO1ng3i%2FbfJL%2Bl3Cb81tHA%2FrPVE7gK9IO52CUDPHFyoGl%2FdlB4rbPBsAUa6JriauE%2Bv8%2BHlLLX5XH8V0ExuA%3D%3D"}],"group":"cf-nel","max_age":604800}', 'NEL': '{"success_fraction":0,"report_to":"cf-nel","max_age":604800}', 'Server': 'cloudflare', 'CF-RAY': '95accc74bcca3307-KIN', 'server-timing': 'cfL4;desc="?proto=TCP&rtt=34591&min_rtt=3276&rtt_var=17779&sent=92&recv=52&lost=0&retrans=0&sent_bytes=76363&recv_bytes=971&delivery_rate=2649565&cwnd=256&unsent_bytes=0&cid=91b5f18d1cacb1af&ts=3223&x=0"')>)
Cape Verde: ClientResponseError(RequestInfo(url=URL('https://visaguide.world/visa-free-countries/capeverdian-passport/'), method='GET', headers=<CIMultiDictProxy('Host': 'visaguide.world', 'Accept': '*/*', 'Accept-Encoding': 'gzip, deflate', 'User-Agent': 'Python/3.10 aiohttp/3.12.6')>, real_url=URL('https://visaguide.world/visa-free-countries/capeverdian-passport/')), (), status=404, message='Not Found', headers=<CIMultiDictProxy('Date': 'Sun, 06 Jul 2025 05:45:55 GMT', 'Content-Type': 'text/html; charset=UTF-8', 'Transfer-Encoding': 'chunked', 'Connection': 'keep-alive', 'Content-Encoding': 'gzip', 'Vary': 'Accept-Encoding', 'Expires': 'Wed, 11 Jan 1984 05:00:00 GMT', 'permissions-policy': 'browsing-topics=()', 'x-frame-options': 'SAMEORIGIN', 'Age': '0', 'cf-cache-status': 'DYNAMIC', 'Report-To': '{"endpoints":[{"url":"https:\\/\\/a.nel.cloudflare.com\\/report\\/v4?s=EaZ%2BNHEfSyZKfvDUfQpQcaIJ0bDsabs1NKU%2FyIAVhaSAdWUe4nxWTH6P3AB1BIIXRnX0b%2BR2q9BxIWmnc3FqXUx%2FRp%2BSFQvXKSyhNT3rVjxCdGkcSOzfI8RJ%2Bqs4aLJ8Sw%3D%3D"}],"group":"cf-nel","max_age":604800}', 'NEL': '{"success_fraction":0,"report_to":"cf-nel","max_age":604800}', 'Server': 'cloudflare', 'CF-RAY': '95accc74bbb5330a-KIN', 'server-timing': 'cfL4;desc="?proto=TCP&rtt=26299&min_rtt=4168&rtt_var=6134&sent=254&recv=150&lost=0&retrans=3&sent_bytes=295856&recv_bytes=1543&delivery_rate=2490170&cwnd=256&unsent_bytes=0&cid=418ab2e2b4a69bc3&ts=7131&x=0"')>)
Central African Republic: ClientResponseError(RequestInfo(url=URL('https://visaguide.world/visa-free-countries/centralafrican-passport/'), method='GET', headers=<CIMultiDictProxy('Host': 'visaguide.world', 'Accept': '*/*', 'Accept-Encoding': 'gzip, deflate', 'User-Agent': 'Python/3.10 aiohttp/3.12.6')>, real_url=URL('https://visaguide.world/visa-free-countries/centralafrican-passport/')), (), status=404, message='Not Found', headers=<CIMultiDictProxy('Date': 'Sun, 06 Jul 2025 05:45:55 GMT', 'Content-Type': 'text/html; charset=UTF-8', 'Transfer-Encoding': 'chunked', 'Connection': 'keep-alive', 'Content-Encoding': 'gzip', 'Vary': 'Accept-Encoding', 'Expires': 'Wed, 11 Jan 1984 05:00:00 GMT', 'permissions-policy': 'browsing-topics=()', 'x-frame-options': 'SAMEORIGIN', 'Age': '0', 'cf-cache-status': 'DYNAMIC', 'Report-To': '{"endpoints":[{"url":"https:\\/\\/a.nel.cloudflare.com\\/report\\/v4?s=gpxIs16S%2FaiZ%2FHVvwQOLWr4jcJEVRT%2BfbbE%2BNXXfzpXkZGycXUYEDQtXw4W3QxqyGBKI1O5aIQFZ5cZx%2F8UO%2F%2BezoR2J%2ByikWmb%2BhoY%2BjKDZf%2BaezOf9GSr4FqRLBHMI1A%3D%3D"}],"group":"cf-nel","max_age":604800}', 'NEL': '{"success_fraction":0,"report_to":"cf-nel","max_age":604800}', 'Server': 'cloudflare', 'CF-RAY': '95accc74eb0e3310-KIN', 'server-timing': 'cfL4;desc="?proto=TCP&rtt=30028&min_rtt=3657&rtt_var=15414&sent=127&recv=71&lost=0&retrans=0&sent_bytes=138873&recv_bytes=1167&delivery_rate=2620983&cwnd=256&unsent_bytes=0&cid=0771e1bee2fe1263&ts=3636&x=0"')>)
Cocos (Keeling) Islands: ClientResponseError(RequestInfo(url=URL('https://visaguide.world/visa-free-countries/cocosislander-passport/'), method='GET', headers=<CIMultiDictProxy('Host': 'visaguide.world', 'Accept': '*/*', 'Accept-Encoding': 'gzip, deflate', 'User-Agent': 'Python/3.10 aiohttp/3.12.6')>, real_url=URL('https://visaguide.world/visa-free-countries/cocosislander-passport/')), (), status=404, message='Not Found', headers=<CIMultiDictProxy('Date': 'Sun, 06 Jul 2025 05:45:56 GMT', 'Content-Type': 'text/html; charset=UTF-8', 'Transfer-Encoding': 'chunked', 'Connection': 'keep-alive', 'Content-Encoding': 'gzip', 'Vary': 'Accept-Encoding', 'Expires': 'Wed, 11 Jan 1984 05:00:00 GMT', 'permissions-policy': 'browsing-topics=()', 'x-frame-options': 'SAMEORIGIN', 'Age': '0', 'cf-cache-status': 'DYNAMIC', 'Report-To': '{"endpoints":[{"url":"https:\\/\\/a.nel.cloudflare.com\\/report\\/v4?s=qPkfd68rr5INMI9pEz62%2F3GA4RTt2peK2029jmO1Go5rbe2rHkrgSRbmSujPv2sWudtxr7hC7OF%2BKtVRLuTpCnIpzKC2UtpkKDydrNcSeGoX19fRi6suuhqxeoTULpOmDQ%3D%3D"}],"group":"cf-nel","max_age":604800}', 'NEL': '{"success_fraction":0,"report_to":"cf-nel","max_age":604800}', 'Server': 'cloudflare', 'CF-RAY': '95accc7aaa2b333b-KIN', 'server-timing': 'cfL4;desc="?proto=TCP&rtt=23825&min_rtt=3602&rtt_var=16763&sent=251&recv=135&lost=0&retrans=0&sent_bytes=284754&recv_bytes=1535&delivery_rate=2792967&cwnd=256&unsent_bytes=0&cid=372c90ea3d30e5cd&ts=8110&x=0"')>)
Christmas Island: ClientResponseError(RequestInfo(url=URL('https://visaguide.world/visa-free-countries/christmasislander-passport/'), method='GET', headers=<CIMultiDictProxy('Host': 'visaguide.world', 'Accept': '*/*', 'Accept-Encoding': 'gzip, deflate', 'User-Agent': 'Python/3.10 aiohttp/3.12.6')>, real_url=URL('https://visaguide.world/visa-free-countries/christmasislander-passport/')), (), status=404, message='Not Found', headers=<CIMultiDictProxy('Date': 'Sun, 06 Jul 2025 05:45:56 GMT', 'Content-Type': 'text/html; charset=UTF-8', 'Transfer-Encoding': 'chunked', 'Connection': 'keep-alive', 'Content-Encoding': 'gzip', 'Vary': 'Accept-Encoding', 'Expires': 'Wed, 11 Jan 1984 05:00:00 GMT', 'permissions-policy': 'browsing-topics=()', 'x-frame-options': 'SAMEORIGIN', 'Age': '0', 'cf-cache-status': 'DYNAMIC', 'Report-To': '{"endpoints":[{"url":"https:\\/\\/a.nel.cloudflare.com\\/report\\/v4?s=d3Bmfu6smr6dmK5u%2Br5WVTNO%2BIlIiL56eDyim6K8pWE6dQp3jUTGUpSA1ZSmDM2ouu0NuBYRG6eqgpp5BUcpNGR46sT19USDFEeVzTCt4tgjPDVQR9iS68i1rCbMgg36cKrFTtaa9cdh%2FiXECA%3D%3D"}],"group":"cf-nel","max_age":604800}', 'NEL': '{"success_fraction":0,"report_to":"cf-nel","max_age":604800}', 'Server': 'cloudflare', 'CF-RAY': '95accc7a9a29333b-KIN', 'server-timing': 'cfL4;desc="?proto=TCP&rtt=43813&min_rtt=3611&rtt_var=15072&sent=281&recv=149&lost=0&retrans=1&sent_bytes=284363&recv_bytes=1555&delivery_rate=2776927&cwnd=256&unsent_bytes=0&cid=76279a8f6874a56e&ts=8197&x=0"')>)
Cook Islands: ClientResponseError(RequestInfo(url=URL('https://visaguide.world/visa-free-countries/cookislander-passport/'), method='GET', headers=<CIMultiDictProxy('Host': 'visaguide.world', 'Accept': '*/*', 'Accept-Encoding': 'gzip, deflate', 'User-Agent': 'Python/3.10 aiohttp/3.12.6')>, real_url=URL('https://visaguide.world/visa-free-countries/cookislander-passport/')), (), status=404, message='Not Found', headers=<CIMultiDictProxy('Date': 'Sun, 06 Jul 2025 05:45:56 GMT', 'Content-Type': 'text/html; charset=UTF-8', 'Transfer-Encoding': 'chunked', 'Connection': 'keep-alive', 'Content-Encoding': 'gzip', 'Vary': 'Accept-Encoding', 'Expires': 'Wed, 11 Jan 1984 05:00:00 GMT', 'permissions-policy': 'browsing-topics=()', 'x-frame-options': 'SAMEORIGIN', 'Age': '0', 'cf-cache-status': 'DYNAMIC', 'Report-To': '{"endpoints":[{"url":"https:\\/\\/a.nel.cloudflare.com\\/report\\/v4?s=BVls2oRhz0RPCk6oRKLXUmtPong6llHLso%2FHYwjHStLTIKqg93IBL70aTBTPQ6S9a4EZ51eRZVEC8%2BEjYZNY739T%2B1GF7Y1u9ywKknaXt3jkFDZ8u9QYC7JJVRvyRMjc477QiEDGFTv4Bqlfsg%3D%3D"}],"group":"cf-nel","max_age":604800}', 'NEL': '{"success_fraction":0,"report_to":"cf-nel","max_age":604800}', 'Server': 'cloudflare', 'CF-RAY': '95accc7b08a13305-KIN', 'server-timing': 'cfL4;desc="?proto=TCP&rtt=12877&min_rtt=3545&rtt_var=4544&sent=394&recv=207&lost=0&retrans=1&sent_bytes=430237&recv_bytes=1906&delivery_rate=2772680&cwnd=256&unsent_bytes=0&cid=8ec593304108a045&ts=8238&x=0"')>)
Dominican Republic: RuntimeError('coroutine is being awaited already')
Curaçao: ClientResponseError(RequestInfo(url=URL('https://visaguide.world/visa-free-countries/cura%C3%A7aoan-passport/'), method='GET', headers=<CIMultiDictProxy('Host': 'visaguide.world', 'Accept': '*/*', 'Accept-Encoding': 'gzip, deflate', 'User-Agent': 'Python/3.10 aiohttp/3.12.6')>, real_url=URL('https://visaguide.world/visa-free-countries/cura%C3%A7aoan-passport/')), (), status=404, message='Not Found', headers=<CIMultiDictProxy('Date': 'Sun, 06 Jul 2025 05:45:57 GMT', 'Content-Type': 'text/html; charset=UTF-8', 'Transfer-Encoding': 'chunked', 'Connection': 'keep-alive', 'Content-Encoding': 'gzip', 'Vary': 'Accept-Encoding', 'Expires': 'Wed, 11 Jan 1984 05:00:00 GMT', 'permissions-policy': 'browsing-topics=()', 'x-frame-options': 'SAMEORIGIN', 'Age': '0', 'cf-cache-status': 'DYNAMIC', 'Report-To': '{"endpoints":[{"url":"https:\\/\\/a.nel.cloudflare.com\\/report\\/v4?s=Tso%2FZjTAAgDNTTOlaPeNq77pTZRVbVVW8rX3RGqbniPLVmEGUVP%2FCKkjA56f9F5D1l9iA3ZI64yHixyAx0%2B%2FjSobeK886aZi6KUDba2Q5VVV%2FGkq%2FkC0TF81npaVMKxC%2F4mw4wZOdjP92xayUg%3D%3D"}],"group":"cf-nel","max_age":604800}', 'NEL': '{"success_fraction":0,"report_to":"cf-nel","max_age":604800}', 'Server': 'cloudflare', 'CF-RAY': '95accc82fa1b3304-KIN', 'server-timing': 'cfL4;desc="?proto=TCP&rtt=10050&min_rtt=3202&rtt_var=1823&sent=329&recv=175&lost=0&retrans=0&sent_bytes=356588&recv_bytes=1716&delivery_rate=2804123&cwnd=256&unsent_bytes=0&cid=cc597845bdcaa127&ts=9490&x=0"')>)
Djibouti: ClientResponseError(RequestInfo(url=URL('https://visaguide.world/visa-free-countries/djibouti-passport/'), method='GET', headers=<CIMultiDictProxy('Host': 'visaguide.world', 'Accept': '*/*', 'Accept-Encoding': 'gzip, deflate', 'User-Agent': 'Python/3.10 aiohttp/3.12.6')>, real_url=URL('https://visaguide.world/visa-free-countries/djibouti-passport/')), (), status=404, message='Not Found', headers=<CIMultiDictProxy('Date': 'Sun, 06 Jul 2025 05:45:57 GMT', 'Content-Type': 'text/html; charset=UTF-8', 'Transfer-Encoding': 'chunked', 'Connection': 'keep-alive', 'Content-Encoding': 'gzip', 'Vary': 'Accept-Encoding', 'Expires': 'Wed, 11 Jan 1984 05:00:00 GMT', 'permissions-policy': 'browsing-topics=()', 'x-frame-options': 'SAMEORIGIN', 'Age': '0', 'cf-cache-status': 'DYNAMIC', 'Report-To': '{"endpoints":[{"url":"https:\\/\\/a.nel.cloudflare.com\\/report\\/v4?s=xyWa8EywXe%2FlBeXBVRhYy5VS5nPDyu9yehnUal51Ge2VPACL0erDAOk2iMx7v9E%2FdTFpzaIXUFnLj7EU8VU8lSEdAEWBINjQTilRRrugTEd4L7sFK8ebIQf4R37NVf2VojkpslVZIAHKvg2uZg%3D%3D"}],"group":"cf-nel","max_age":604800}', 'NEL': '{"success_fraction":0,"report_to":"cf-nel","max_age":604800}', 'Server': 'cloudflare', 'CF-RAY': '95accc83bcb23305-KIN', 'server-timing': 'cfL4;desc="?proto=TCP&rtt=45353&min_rtt=3545&rtt_var=19879&sent=447&recv=235&lost=0&retrans=1&sent_bytes=492338&recv_bytes=2092&delivery_rate=2772680&cwnd=256&unsent_bytes=0&cid=8ec593304108a045&ts=9664&x=0"')>)
Costa Rica: ClientResponseError(RequestInfo(url=URL('https://visaguide.world/visa-free-countries/costarican-passport/'), method='GET', headers=<CIMultiDictProxy('Host': 'visaguide.world', 'Accept': '*/*', 'Accept-Encoding': 'gzip, deflate', 'User-Agent': 'Python/3.10 aiohttp/3.12.6')>, real_url=URL('https://visaguide.world/visa-free-countries/costarican-passport/')), (), status=404, message='Not Found', headers=<CIMultiDictProxy('Date': 'Sun, 06 Jul 2025 05:45:58 GMT', 'Content-Type': 'text/html; charset=UTF-8', 'Transfer-Encoding': 'chunked', 'Connection': 'keep-alive', 'Content-Encoding': 'gzip', 'Vary': 'Accept-Encoding', 'Expires': 'Wed, 11 Jan 1984 05:00:00 GMT', 'permissions-policy': 'browsing-topics=()', 'x-frame-options': 'SAMEORIGIN', 'Age': '0', 'cf-cache-status': 'DYNAMIC', 'Report-To': '{"endpoints":[{"url":"https:\\/\\/a.nel.cloudflare.com\\/report\\/v4?s=fNTQmN3LJfB12kmSN28AaDVxH7JGz9bJnqXdJIKSNHS2OOP1dm%2FAHckNNBvjAunQiVOoHlHDNti8gv2CylIDoAkwaKH%2FRWQb8ig2g8SacVnh6YizngAudH04Lk34AfrlkZskbqCtdaZCgRbwWg%3D%3D"}],"group":"cf-nel","max_age":604800}', 'NEL': '{"success_fraction":0,"report_to":"cf-nel","max_age":604800}', 'Server': 'cloudflare', 'CF-RAY': '95accc85bb18330b-KIN', 'server-timing': 'cfL4;desc="?proto=TCP&rtt=9570&min_rtt=3460&rtt_var=13181&sent=6&recv=7&lost=0&retrans=0&sent_bytes=2851&recv_bytes=785&delivery_rate=738327&cwnd=252&unsent_bytes=0&cid=ad5b448b233df71f&ts=1283&x=0"')>)
Ecuador: ClientResponseError(RequestInfo(url=URL('https://visaguide.world/visa-free-countries/ecuadorean-passport/'), method='GET', headers=<CIMultiDictProxy('Host': 'visaguide.world', 'Accept': '*/*', 'Accept-Encoding': 'gzip, deflate', 'User-Agent': 'Python/3.10 aiohttp/3.12.6')>, real_url=URL('https://visaguide.world/visa-free-countries/ecuadorean-passport/')), (), status=404, message='Not Found', headers=<CIMultiDictProxy('Date': 'Sun, 06 Jul 2025 05:45:58 GMT', 'Content-Type': 'text/html; charset=UTF-8', 'Transfer-Encoding': 'chunked', 'Connection': 'keep-alive', 'Content-Encoding': 'gzip', 'Vary': 'Accept-Encoding', 'Expires': 'Wed, 11 Jan 1984 05:00:00 GMT', 'permissions-policy': 'browsing-topics=()', 'x-frame-options': 'SAMEORIGIN', 'Age': '0', 'cf-cache-status': 'DYNAMIC', 'Report-To': '{"endpoints":[{"url":"https:\\/\\/a.nel.cloudflare.com\\/report\\/v4?s=Zl4U8plhZm0yDVEjSFGRlTS2YSz2PY6PccxVOXvjbwpXbMNkOz7a7sQI%2FAOQC6gTi%2FDmjYSFDO5CJ%2FX%2BAJyCRyxWAsIgWy74wlijvsmShuSnmRgvvewSR138snlU%2BoZ1LTS8pGXZ%2FMihvsQqoQ%3D%3D"}],"group":"cf-nel","max_age":604800}', 'NEL': '{"success_fraction":0,"report_to":"cf-nel","max_age":604800}', 'Server': 'cloudflare', 'CF-RAY': '95accc87ecce3307-KIN', 'server-timing': 'cfL4;desc="?proto=TCP&rtt=76937&min_rtt=3166&rtt_var=48287&sent=475&recv=252&lost=0&retrans=1&sent_bytes=512563&recv_bytes=2081&delivery_rate=2718980&cwnd=256&unsent_bytes=0&cid=7fa60a27d825edbe&ts=10173&x=0"')>)
Equatorial Guinea: ClientResponseError(RequestInfo(url=URL('https://visaguide.world/visa-free-countries/equatorialguinean-passport/'), method='GET', headers=<CIMultiDictProxy('Host': 'visaguide.world', 'Accept': '*/*', 'Accept-Encoding': 'gzip, deflate', 'User-Agent': 'Python/3.10 aiohttp/3.12.6')>, real_url=URL('https://visaguide.world/visa-free-countries/equatorialguinean-passport/')), (), status=404, message='Not Found', headers=<CIMultiDictProxy('Date': 'Sun, 06 Jul 2025 05:45:59 GMT', 'Content-Type': 'text/html; charset=UTF-8', 'Transfer-Encoding': 'chunked', 'Connection': 'keep-alive', 'Content-Encoding': 'gzip', 'Vary': 'Accept-Encoding', 'Expires': 'Wed, 11 Jan 1984 05:00:00 GMT', 'permissions-policy': 'browsing-topics=()', 'x-frame-options': 'SAMEORIGIN', 'Age': '0', 'cf-cache-status': 'DYNAMIC', 'Report-To': '{"endpoints":[{"url":"https:\\/\\/a.nel.cloudflare.com\\/report\\/v4?s=zS6S%2FdE95PJsw86xN3O70iOFE5%2BNmyuh0Te63%2FHRC9Fa9krK%2FW873A3EtLrecqLIJuQOmg3pciB8ETFz%2B9xncTXCPLvoi7MGPUlTLj1IxgnJ%2B4AWmkLdRqdcTT5vOCI6yDcRlMWyGbIt7Vs7gQ%3D%3D"}],"group":"cf-nel","max_age":604800}', 'NEL': '{"success_fraction":0,"report_to":"cf-nel","max_age":604800}', 'Server': 'cloudflare', 'CF-RAY': '95accc8c2abf333b-KIN', 'server-timing': 'cfL4;desc="?proto=TCP&rtt=39827&min_rtt=3591&rtt_var=5260&sent=93&recv=51&lost=0&retrans=1&sent_bytes=77245&recv_bytes=978&delivery_rate=1328574&cwnd=256&unsent_bytes=0&cid=6bd86bf5ce1b53f0&ts=2105&x=0"')>)
French Southern and Antarctic Lands: RuntimeError('coroutine is being awaited already')
Faroe Islands: ClientResponseError(RequestInfo(url=URL('https://visaguide.world/visa-free-countries/faroese-passport/'), method='GET', headers=<CIMultiDictProxy('Host': 'visaguide.world', 'Accept': '*/*', 'Accept-Encoding': 'gzip, deflate', 'User-Agent': 'Python/3.10 aiohttp/3.12.6')>, real_url=URL('https://visaguide.world/visa-free-countries/faroese-passport/')), (), status=404, message='Not Found', headers=<CIMultiDictProxy('Date': 'Sun, 06 Jul 2025 05:45:59 GMT', 'Content-Type': 'text/html; charset=UTF-8', 'Transfer-Encoding': 'chunked', 'Connection': 'keep-alive', 'Content-Encoding': 'gzip', 'Vary': 'Accept-Encoding', 'Expires': 'Wed, 11 Jan 1984 05:00:00 GMT', 'permissions-policy': 'browsing-topics=()', 'x-frame-options': 'SAMEORIGIN', 'Age': '0', 'cf-cache-status': 'DYNAMIC', 'Report-To': '{"endpoints":[{"url":"https:\\/\\/a.nel.cloudflare.com\\/report\\/v4?s=kXVnA7113fNTSZ9BwqxILtC1ouZ2k26oulngRV5VupUGNbL33wwtWlL4Hq%2BTL1oJ3pdCY5MDSF4SuL3cp952iKLVFbx4SqWSSW7RbW2L0IhRIhMpE%2BG0396GOphEY9NOJTzO5LmbqUBhtrAr%2Fg%3D%3D"}],"group":"cf-nel","max_age":604800}', 'NEL': '{"success_fraction":0,"report_to":"cf-nel","max_age":604800}', 'Server': 'cloudflare', 'CF-RAY': '95accc91992a3307-KIN', 'server-timing': 'cfL4;desc="?proto=TCP&rtt=78155&min_rtt=3276&rtt_var=11504&sent=275&recv=147&lost=0&retrans=0&sent_bytes=282089&recv_bytes=1530&delivery_rate=2649565&cwnd=256&unsent_bytes=0&cid=91b5f18d1cacb1af&ts=7834&x=0"')>)
French Polynesia: ClientResponseError(RequestInfo(url=URL('https://visaguide.world/visa-free-countries/frenchpolynesian-passport/'), method='GET', headers=<CIMultiDictProxy('Host': 'visaguide.world', 'Accept': '*/*', 'Accept-Encoding': 'gzip, deflate', 'User-Agent': 'Python/3.10 aiohttp/3.12.6')>, real_url=URL('https://visaguide.world/visa-free-countries/frenchpolynesian-passport/')), (), status=404, message='Not Found', headers=<CIMultiDictProxy('Date': 'Sun, 06 Jul 2025 05:46:00 GMT', 'Content-Type': 'text/html; charset=UTF-8', 'Transfer-Encoding': 'chunked', 'Connection': 'keep-alive', 'Content-Encoding': 'gzip', 'Vary': 'Accept-Encoding', 'Expires': 'Wed, 11 Jan 1984 05:00:00 GMT', 'permissions-policy': 'browsing-topics=()', 'x-frame-options': 'SAMEORIGIN', 'Age': '0', 'cf-cache-status': 'DYNAMIC', 'Report-To': '{"endpoints":[{"url":"https:\\/\\/a.nel.cloudflare.com\\/report\\/v4?s=2yC%2Fkmmht0MwLHrTnQw5CBcu7%2BSmgeEiqMGX7URQ5bxccEvjW01DE5OuGI0OHbTnfAl%2FEb7XElvxTW3TfKmDx5XUXQRvGmKcOlv3HcbkooDxLOPNhwRp2ZcyIIKXsv9nNNAt8BS13oqsm%2BR%2FqQ%3D%3D"}],"group":"cf-nel","max_age":604800}', 'NEL': '{"success_fraction":0,"report_to":"cf-nel","max_age":604800}', 'Server': 'cloudflare', 'CF-RAY': '95accc95ac573305-KIN', 'server-timing': 'cfL4;desc="?proto=TCP&rtt=26278&min_rtt=3545&rtt_var=17505&sent=561&recv=294&lost=0&retrans=1&sent_bytes=626974&recv_bytes=2472&delivery_rate=2772680&cwnd=256&unsent_bytes=0&cid=8ec593304108a045&ts=12351&x=0"')>)
French Guiana: ClientResponseError(RequestInfo(url=URL('https://visaguide.world/visa-free-countries/guianan-passport/'), method='GET', headers=<CIMultiDictProxy('Host': 'visaguide.world', 'Accept': '*/*', 'Accept-Encoding': 'gzip, deflate', 'User-Agent': 'Python/3.10 aiohttp/3.12.6')>, real_url=URL('https://visaguide.world/visa-free-countries/guianan-passport/')), (), status=404, message='Not Found', headers=<CIMultiDictProxy('Date': 'Sun, 06 Jul 2025 05:46:00 GMT', 'Content-Type': 'text/html; charset=UTF-8', 'Transfer-Encoding': 'chunked', 'Connection': 'keep-alive', 'Content-Encoding': 'gzip', 'Vary': 'Accept-Encoding', 'Expires': 'Wed, 11 Jan 1984 05:00:00 GMT', 'permissions-policy': 'browsing-topics=()', 'x-frame-options': 'SAMEORIGIN', 'Age': '0', 'cf-cache-status': 'DYNAMIC', 'Report-To': '{"endpoints":[{"url":"https:\\/\\/a.nel.cloudflare.com\\/report\\/v4?s=kdHL0mNmGWWlrzVCS0LYmfHr06eefcuU1NbdeZdIJDhMSY6dWp8luEdB2O0NngqsA0QyqTEj8CIiOyC%2F1iVt8yhVM1Iz%2B7fQnmllvszlhN9%2F5rf7vLUr5jj9fnDtxAYALLNPKeggCwejmjIBQA%3D%3D"}],"group":"cf-nel","max_age":604800}', 'NEL': '{"success_fraction":0,"report_to":"cf-nel","max_age":604800}', 'Server': 'cloudflare', 'CF-RAY': '95accc95abfe3304-KIN', 'server-timing': 'cfL4;desc="?proto=TCP&rtt=18968&min_rtt=3202&rtt_var=3216&sent=443&recv=235&lost=0&retrans=0&sent_bytes=491685&recv_bytes=2087&delivery_rate=2804123&cwnd=256&unsent_bytes=0&cid=cc597845bdcaa127&ts=12495&x=0"')>)
Gibraltar: ClientResponseError(RequestInfo(url=URL('https://visaguide.world/visa-free-countries/gibraltar-passport/'), method='GET', headers=<CIMultiDictProxy('Host': 'visaguide.world', 'Accept': '*/*', 'Accept-Encoding': 'gzip, deflate', 'User-Agent': 'Python/3.10 aiohttp/3.12.6')>, real_url=URL('https://visaguide.world/visa-free-countries/gibraltar-passport/')), (), status=404, message='Not Found', headers=<CIMultiDictProxy('Date': 'Sun, 06 Jul 2025 05:46:01 GMT', 'Content-Type': 'text/html; charset=UTF-8', 'Transfer-Encoding': 'chunked', 'Connection': 'keep-alive', 'Content-Encoding': 'gzip', 'Vary': 'Accept-Encoding', 'Expires': 'Wed, 11 Jan 1984 05:00:00 GMT', 'permissions-policy': 'browsing-topics=()', 'x-frame-options': 'SAMEORIGIN', 'Age': '0', 'cf-cache-status': 'DYNAMIC', 'Report-To': '{"endpoints":[{"url":"https:\\/\\/a.nel.cloudflare.com\\/report\\/v4?s=Y2FXXY%2B7W8uJsf04%2BKwlR2hgT%2FTl3KjLPYBtexCpH9UZGJXfBmsD4suA%2Fr9vU0okRBIiPrvjH0OtFHsYRDrL4rc4Og7POWRTmQNKgh45r0pOT7zkK4baqLZUmbEfhW%2FBT2rvdUGsdMVVXDaY4Q%3D%3D"}],"group":"cf-nel","max_age":604800}', 'NEL': '{"success_fraction":0,"report_to":"cf-nel","max_age":604800}', 'Server': 'cloudflare', 'CF-RAY': '95accc9b0d8d3307-KIN', 'server-timing': 'cfL4;desc="?proto=TCP&rtt=22433&min_rtt=3276&rtt_var=2362&sent=328&recv=174&lost=0&retrans=0&sent_bytes=344423&recv_bytes=1717&delivery_rate=2649565&cwnd=256&unsent_bytes=0&cid=91b5f18d1cacb1af&ts=9351&x=0"')>)
Greenland: ClientResponseError(RequestInfo(url=URL('https://visaguide.world/visa-free-countries/greenlandic-passport/'), method='GET', headers=<CIMultiDictProxy('Host': 'visaguide.world', 'Accept': '*/*', 'Accept-Encoding': 'gzip, deflate', 'User-Agent': 'Python/3.10 aiohttp/3.12.6')>, real_url=URL('https://visaguide.world/visa-free-countries/greenlandic-passport/')), (), status=404, message='Not Found', headers=<CIMultiDictProxy('Date': 'Sun, 06 Jul 2025 05:46:02 GMT', 'Content-Type': 'text/html; charset=UTF-8', 'Transfer-Encoding': 'chunked', 'Connection': 'keep-alive', 'Content-Encoding': 'gzip', 'Vary': 'Accept-Encoding', 'Expires': 'Wed, 11 Jan 1984 05:00:00 GMT', 'permissions-policy': 'browsing-topics=()', 'x-frame-options': 'SAMEORIGIN', 'Age': '0', 'cf-cache-status': 'DYNAMIC', 'Report-To': '{"endpoints":[{"url":"https:\\/\\/a.nel.cloudflare.com\\/report\\/v4?s=R4ksaTXC7GqjfgOnOxo8Gcto1SDnprJQA5bQfuGbdkkh4tCEA%2FywLXfSZ2vJCmyhcIUOpTbYQ5bCJqiOx0fi14guCCdQItecrgMfBe0N7id%2Bwz1hJ6hSh3cd5CtFXdF5xFv7U9%2Bq5WJK5WM8EQ%3D%3D"}],"group":"cf-nel","max_age":604800}', 'NEL': '{"success_fraction":0,"report_to":"cf-nel","max_age":604800}', 'Server': 'cloudflare', 'CF-RAY': '95accc9e4c3f333b-KIN', 'server-timing': 'cfL4;desc="?proto=TCP&rtt=22650&min_rtt=3383&rtt_var=14930&sent=517&recv=274&lost=0&retrans=2&sent_bytes=563324&recv_bytes=2300&delivery_rate=2798353&cwnd=256&unsent_bytes=0&cid=76279a8f6874a56e&ts=13704&x=0"')>)
Falkland Islands: ClientResponseError(RequestInfo(url=URL('https://visaguide.world/visa-free-countries/falklandislander-passport/'), method='GET', headers=<CIMultiDictProxy('Host': 'visaguide.world', 'Accept': '*/*', 'Accept-Encoding': 'gzip, deflate', 'User-Agent': 'Python/3.10 aiohttp/3.12.6')>, real_url=URL('https://visaguide.world/visa-free-countries/falklandislander-passport/')), (), status=404, message='Not Found', headers=<CIMultiDictProxy('Date': 'Sun, 06 Jul 2025 05:46:02 GMT', 'Content-Type': 'text/html; charset=UTF-8', 'Transfer-Encoding': 'chunked', 'Connection': 'keep-alive', 'Content-Encoding': 'gzip', 'Vary': 'Accept-Encoding', 'Expires': 'Wed, 11 Jan 1984 05:00:00 GMT', 'permissions-policy': 'browsing-topics=()', 'x-frame-options': 'SAMEORIGIN', 'Age': '0', 'cf-cache-status': 'DYNAMIC', 'Report-To': '{"endpoints":[{"url":"https:\\/\\/a.nel.cloudflare.com\\/report\\/v4?s=%2B37buAPOPp6Ljm9t2Ihkn%2BfSSvfizdWNLJVw30uK2txZkJ4W4AAgW3176Tagk6JyhFRqazfCyaQ0ZkMeNMLCbmYbWqip%2FHMGBfI6HD1xtZVaQ4EEnYyApG9lqFHoCRSOjDgJI5wc35y8FFyZWA%3D%3D"}],"group":"cf-nel","max_age":604800}', 'NEL': '{"success_fraction":0,"report_to":"cf-nel","max_age":604800}', 'Server': 'cloudflare', 'CF-RAY': '95accc9e5b773301-KIN', 'server-timing': 'cfL4;desc="?proto=TCP&rtt=9065&min_rtt=2596&rtt_var=13591&sent=5&recv=7&lost=0&retrans=0&sent_bytes=2851&recv_bytes=791&delivery_rate=711297&cwnd=252&unsent_bytes=0&cid=572c2b9de3a4ed57&ts=1371&x=0"')>)
Guam: ClientResponseError(RequestInfo(url=URL('https://visaguide.world/visa-free-countries/guamanian-passport/'), method='GET', headers=<CIMultiDictProxy('Host': 'visaguide.world', 'Accept': '*/*', 'Accept-Encoding': 'gzip, deflate', 'User-Agent': 'Python/3.10 aiohttp/3.12.6')>, real_url=URL('https://visaguide.world/visa-free-countries/guamanian-passport/')), (), status=404, message='Not Found', headers=<CIMultiDictProxy('Date': 'Sun, 06 Jul 2025 05:46:02 GMT', 'Content-Type': 'text/html; charset=UTF-8', 'Transfer-Encoding': 'chunked', 'Connection': 'keep-alive', 'Content-Encoding': 'gzip', 'Vary': 'Accept-Encoding', 'Expires': 'Wed, 11 Jan 1984 05:00:00 GMT', 'permissions-policy': 'browsing-topics=()', 'x-frame-options': 'SAMEORIGIN', 'Age': '0', 'cf-cache-status': 'DYNAMIC', 'Report-To': '{"endpoints":[{"url":"https:\\/\\/a.nel.cloudflare.com\\/report\\/v4?s=AHj3VR%2FR%2FZRPG%2BlXvQ75Z%2FKb4XbADXd5z7vwy5ucwIsplLxTahwaRjrdAvEXJfGugcUQwrRoP5%2BmZB6%2BxZNDHnXqBeSeuZWOwD%2BQxNGR1nUTJ78ebEV80AELZieJNqd7xmyKPAbWHN6z0v4aNQ%3D%3D"}],"group":"cf-nel","max_age":604800}', 'NEL': '{"success_fraction":0,"report_to":"cf-nel","max_age":604800}', 'Server': 'cloudflare', 'CF-RAY': '95accca0a824330a-KIN', 'server-timing': 'cfL4;desc="?proto=TCP&rtt=16132&min_rtt=3368&rtt_var=3724&sent=590&recv=316&lost=0&retrans=3&sent_bytes=649004&recv_bytes=2461&delivery_rate=2529997&cwnd=256&unsent_bytes=0&cid=7598fce2433c855d&ts=14124&x=0"')>)
Guernsey: ClientResponseError(RequestInfo(url=URL('https://visaguide.world/visa-free-countries/channelislander-passport/'), method='GET', headers=<CIMultiDictProxy('Host': 'visaguide.world', 'Accept': '*/*', 'Accept-Encoding': 'gzip, deflate', 'User-Agent': 'Python/3.10 aiohttp/3.12.6')>, real_url=URL('https://visaguide.world/visa-free-countries/channelislander-passport/')), (), status=404, message='Not Found', headers=<CIMultiDictProxy('Date': 'Sun, 06 Jul 2025 05:46:02 GMT', 'Content-Type': 'text/html; charset=UTF-8', 'Transfer-Encoding': 'chunked', 'Connection': 'keep-alive', 'Content-Encoding': 'gzip', 'Vary': 'Accept-Encoding', 'Expires': 'Wed, 11 Jan 1984 05:00:00 GMT', 'permissions-policy': 'browsing-topics=()', 'x-frame-options': 'SAMEORIGIN', 'Age': '0', 'cf-cache-status': 'DYNAMIC', 'Report-To': '{"endpoints":[{"url":"https:\\/\\/a.nel.cloudflare.com\\/report\\/v4?s=7Xy0sJ6DKVxllI1BOpdg5T8cdn3YDTM4LAtkN0Y9uG9F1sHeRATpd%2FsVqeGe2Np8L2%2FZcUKF7ch%2B9OQ%2F%2BBaKAQthnqcf%2BID50jf1Al9cFQ%2BWooqiDdA8JTNLnwLb%2BkTw1ZrIVnQTkibns6wvjQ%3D%3D"}],"group":"cf-nel","max_age":604800}', 'NEL': '{"success_fraction":0,"report_to":"cf-nel","max_age":604800}', 'Server': 'cloudflare', 'CF-RAY': '95accca1da7f3305-KIN', 'server-timing': 'cfL4;desc="?proto=TCP&rtt=15912&min_rtt=2955&rtt_var=3619&sent=675&recv=353&lost=0&retrans=1&sent_bytes=761893&recv_bytes=2848&delivery_rate=2772680&cwnd=256&unsent_bytes=0&cid=8ec593304108a045&ts=14268&x=0"')>)
India: RuntimeError('cannot reuse already awaited coroutine')
Guadeloupe: ClientResponseError(RequestInfo(url=URL('https://visaguide.world/visa-free-countries/guadeloupian-passport/'), method='GET', headers=<CIMultiDictProxy('Host': 'visaguide.world', 'Accept': '*/*', 'Accept-Encoding': 'gzip, deflate', 'User-Agent': 'Python/3.10 aiohttp/3.12.6')>, real_url=URL('https://visaguide.world/visa-free-countries/guadeloupian-passport/')), (), status=404, message='Not Found', headers=<CIMultiDictProxy('Date': 'Sun, 06 Jul 2025 05:46:03 GMT', 'Content-Type': 'text/html; charset=UTF-8', 'Transfer-Encoding': 'chunked', 'Connection': 'keep-alive', 'Content-Encoding': 'gzip', 'Vary': 'Accept-Encoding', 'Expires': 'Wed, 11 Jan 1984 05:00:00 GMT', 'permissions-policy': 'browsing-topics=()', 'x-frame-options': 'SAMEORIGIN', 'Age': '0', 'cf-cache-status': 'DYNAMIC', 'Report-To': '{"endpoints":[{"url":"https:\\/\\/a.nel.cloudflare.com\\/report\\/v4?s=SVPism3oyfm6lAEHi3Wa389Q9qywGVAYYTGNJBFlUoPkxUcrjmd67aKn0WoX7OoUs2jnj1AJgK6i0NiE06cpeeL1GajWGgf7PIZrrLjij8n3natQjyUIebNc2yZ4hLmI127rfNbIpT5hY6IkFQ%3D%3D"}],"group":"cf-nel","max_age":604800}', 'NEL': '{"success_fraction":0,"report_to":"cf-nel","max_age":604800}', 'Server': 'cloudflare', 'CF-RAY': '95accca56b653310-KIN', 'server-timing': 'cfL4;desc="?proto=TCP&rtt=9205&min_rtt=3760&rtt_var=11830&sent=6&recv=7&lost=0&retrans=0&sent_bytes=2853&recv_bytes=787&delivery_rate=723404&cwnd=252&unsent_bytes=0&cid=5b2baeecff1146b5&ts=1423&x=0"')>)
Guinea-Bissau: ClientResponseError(RequestInfo(url=URL('https://visaguide.world/visa-free-countries/guinea-bissauan-passport/'), method='GET', headers=<CIMultiDictProxy('Host': 'visaguide.world', 'Accept': '*/*', 'Accept-Encoding': 'gzip, deflate', 'User-Agent': 'Python/3.10 aiohttp/3.12.6')>, real_url=URL('https://visaguide.world/visa-free-countries/guinea-bissauan-passport/')), (), status=404, message='Not Found', headers=<CIMultiDictProxy('Date': 'Sun, 06 Jul 2025 05:46:03 GMT', 'Content-Type': 'text/html; charset=UTF-8', 'Transfer-Encoding': 'chunked', 'Connection': 'keep-alive', 'Content-Encoding': 'gzip', 'Vary': 'Accept-Encoding', 'Expires': 'Wed, 11 Jan 1984 05:00:00 GMT', 'permissions-policy': 'browsing-topics=()', 'x-frame-options': 'SAMEORIGIN', 'Age': '0', 'cf-cache-status': 'DYNAMIC', 'Report-To': '{"endpoints":[{"url":"https:\\/\\/a.nel.cloudflare.com\\/report\\/v4?s=tUuR9SczwLagsBwQn%2FEnpObNDK9qBnmsHgreqzZN4I0blVlNgqGKnJ6E6OYs7oj6GJVsRNsygJAE9DHB2QxE28uaNpBzsmWsTzLwLlMBYg9nIS%2FSFeYn%2FN%2FHYoJl%2BW1Cnw%3D%3D"}],"group":"cf-nel","max_age":604800}', 'NEL': '{"success_fraction":0,"report_to":"cf-nel","max_age":604800}', 'Server': 'cloudflare', 'CF-RAY': '95accca56869333b-KIN', 'server-timing': 'cfL4;desc="?proto=TCP&rtt=30093&min_rtt=3532&rtt_var=9443&sent=540&recv=287&lost=0&retrans=1&sent_bytes=637713&recv_bytes=2470&delivery_rate=2792967&cwnd=256&unsent_bytes=0&cid=372c90ea3d30e5cd&ts=14837&x=0"')>)
Hong Kong: ClientResponseError(RequestInfo(url=URL('https://visaguide.world/visa-free-countries/hongkonger-passport/'), method='GET', headers=<CIMultiDictProxy('Host': 'visaguide.world', 'Accept': '*/*', 'Accept-Encoding': 'gzip, deflate', 'User-Agent': 'Python/3.10 aiohttp/3.12.6')>, real_url=URL('https://visaguide.world/visa-free-countries/hongkonger-passport/')), (), status=404, message='Not Found', headers=<CIMultiDictProxy('Date': 'Sun, 06 Jul 2025 05:46:03 GMT', 'Content-Type': 'text/html; charset=UTF-8', 'Transfer-Encoding': 'chunked', 'Connection': 'keep-alive', 'Content-Encoding': 'gzip', 'Vary': 'Accept-Encoding', 'Expires': 'Wed, 11 Jan 1984 05:00:00 GMT', 'permissions-policy': 'browsing-topics=()', 'x-frame-options': 'SAMEORIGIN', 'Age': '0', 'cf-cache-status': 'DYNAMIC', 'Report-To': '{"endpoints":[{"url":"https:\\/\\/a.nel.cloudflare.com\\/report\\/v4?s=noG6jDsgABP%2BPA0Pr%2FWvcxWD0J8eKebIWJgIcQBaoXb5JESyWILbfV48LNnZoBSuOJiWdF8J%2BrUKa7qEedZVYsUNJyTaugz26s1%2BXO55hVK2wjuJleydetoQRhP4IwwsgS5Ja%2F4cRdzdJl5BjA%3D%3D"}],"group":"cf-nel","max_age":604800}', 'NEL': '{"success_fraction":0,"report_to":"cf-nel","max_age":604800}', 'Server': 'cloudflare', 'CF-RAY': '95accca5e8a8333b-KIN', 'server-timing': 'cfL4;desc="?proto=TCP&rtt=23027&min_rtt=3591&rtt_var=16957&sent=278&recv=148&lost=0&retrans=1&sent_bytes=284570&recv_bytes=1540&delivery_rate=2781186&cwnd=256&unsent_bytes=0&cid=6bd86bf5ce1b53f0&ts=6258&x=0"')>)
Heard Island and McDonald Islands: ClientResponseError(RequestInfo(url=URL('https://visaguide.world/visa-free-countries/heardandmcdonaldislander-passport/'), method='GET', headers=<CIMultiDictProxy('Host': 'visaguide.world', 'Accept': '*/*', 'Accept-Encoding': 'gzip, deflate', 'User-Agent': 'Python/3.10 aiohttp/3.12.6')>, real_url=URL('https://visaguide.world/visa-free-countries/heardandmcdonaldislander-passport/')), (), status=404, message='Not Found', headers=<CIMultiDictProxy('Date': 'Sun, 06 Jul 2025 05:46:03 GMT', 'Content-Type': 'text/html; charset=UTF-8', 'Transfer-Encoding': 'chunked', 'Connection': 'keep-alive', 'Content-Encoding': 'gzip', 'Vary': 'Accept-Encoding', 'Expires': 'Wed, 11 Jan 1984 05:00:00 GMT', 'permissions-policy': 'browsing-topics=()', 'x-frame-options': 'SAMEORIGIN', 'Age': '0', 'cf-cache-status': 'DYNAMIC', 'Report-To': '{"endpoints":[{"url":"https:\\/\\/a.nel.cloudflare.com\\/report\\/v4?s=o6SSGOe8jpn3j8Gkr9edVvEFHatjPmH65neV3laEL%2FpZtCjoB5LtiQ2OfK6Cfz6uGejczo7Ra%2FijLXSeIefilyT1o0XuIOFi9SmZbf4WetLV%2BqtqT4zqJocscmKkIbdchPHBnS0Rg221WjcZPg%3D%3D"}],"group":"cf-nel","max_age":604800}', 'NEL': '{"success_fraction":0,"report_to":"cf-nel","max_age":604800}', 'Server': 'cloudflare', 'CF-RAY': '95accca5e8a1333b-KIN', 'server-timing': 'cfL4;desc="?proto=TCP&rtt=17116&min_rtt=3383&rtt_var=3423&sent=570&recv=301&lost=0&retrans=2&sent_bytes=625679&recv_bytes=2502&delivery_rate=2798353&cwnd=256&unsent_bytes=0&cid=76279a8f6874a56e&ts=14915&x=0"')>)
Jersey: RuntimeError('cannot reuse already awaited coroutine')
Isle of Man: ClientResponseError(RequestInfo(url=URL('https://visaguide.world/visa-free-countries/manx-passport/'), method='GET', headers=<CIMultiDictProxy('Host': 'visaguide.world', 'Accept': '*/*', 'Accept-Encoding': 'gzip, deflate', 'User-Agent': 'Python/3.10 aiohttp/3.12.6')>, real_url=URL('https://visaguide.world/visa-free-countries/manx-passport/')), (), status=404, message='Not Found', headers=<CIMultiDictProxy('Date': 'Sun, 06 Jul 2025 05:46:04 GMT', 'Content-Type': 'text/html; charset=UTF-8', 'Transfer-Encoding': 'chunked', 'Connection': 'keep-alive', 'Content-Encoding': 'gzip', 'Vary': 'Accept-Encoding', 'Expires': 'Wed, 11 Jan 1984 05:00:00 GMT', 'permissions-policy': 'browsing-topics=()', 'x-frame-options': 'SAMEORIGIN', 'Age': '0', 'cf-cache-status': 'DYNAMIC', 'Report-To': '{"endpoints":[{"url":"https:\\/\\/a.nel.cloudflare.com\\/report\\/v4?s=swUPywpKv%2F97Yr9FkyzJokdEquoWTq6nNvt3bhXYvpOEcDwetaRn338t%2FqS%2BSgOkwbIBG4BYRgaSpFzy6hW0KnKEtOy20y1wAfpUrndiydUOWVgwmm9%2Bo6aQG9sd8LJJe5%2B%2FHia1q9ayADSGzA%3D%3D"}],"group":"cf-nel","max_age":604800}', 'NEL': '{"success_fraction":0,"report_to":"cf-nel","max_age":604800}', 'Server': 'cloudflare', 'CF-RAY': '95acccadbe8c3307-KIN', 'server-timing': 'cfL4;desc="?proto=TCP&rtt=18375&min_rtt=3276&rtt_var=2534&sent=500&recv=264&lost=0&retrans=0&sent_bytes=551143&recv_bytes=2271&delivery_rate=2649565&cwnd=256&unsent_bytes=0&cid=91b5f18d1cacb1af&ts=12500&x=0"')>)
Iceland: ClientResponseError(RequestInfo(url=URL('https://visaguide.world/visa-free-countries/icelander-passport/'), method='GET', headers=<CIMultiDictProxy('Host': 'visaguide.world', 'Accept': '*/*', 'Accept-Encoding': 'gzip, deflate', 'User-Agent': 'Python/3.10 aiohttp/3.12.6')>, real_url=URL('https://visaguide.world/visa-free-countries/icelander-passport/')), (), status=404, message='Not Found', headers=<CIMultiDictProxy('Date': 'Sun, 06 Jul 2025 05:46:04 GMT', 'Content-Type': 'text/html; charset=UTF-8', 'Transfer-Encoding': 'chunked', 'Connection': 'keep-alive', 'Content-Encoding': 'gzip', 'Vary': 'Accept-Encoding', 'Expires': 'Wed, 11 Jan 1984 05:00:00 GMT', 'permissions-policy': 'browsing-topics=()', 'x-frame-options': 'SAMEORIGIN', 'Age': '0', 'cf-cache-status': 'DYNAMIC', 'Report-To': '{"endpoints":[{"url":"https:\\/\\/a.nel.cloudflare.com\\/report\\/v4?s=x%2FaS1rr82vRaUZk1yGwPML4dxWGsE2MZKka0SCy6f7kEQMhqguu2DgmFxGSAua0fQN6Vc4mIUGQXY%2FOb9Qc7ABbm%2BDT49HtUmNXqRmj%2FA4%2BI29GYM6eSuNburvjpk0r%2Fvqzys6HSpDWzMA48Kg%3D%3D"}],"group":"cf-nel","max_age":604800}', 'NEL': '{"success_fraction":0,"report_to":"cf-nel","max_age":604800}', 'Server': 'cloudflare', 'CF-RAY': '95acccadcb303301-KIN', 'server-timing': 'cfL4;desc="?proto=TCP&rtt=18494&min_rtt=9603&rtt_var=17782&sent=6&recv=7&lost=0&retrans=0&sent_bytes=2852&recv_bytes=784&delivery_rate=283244&cwnd=252&unsent_bytes=0&cid=a8629d585511e79a&ts=1632&x=0"')>)
Kazakhstan: ClientResponseError(RequestInfo(url=URL('https://visaguide.world/visa-free-countries/kazakhstani-passport/'), method='GET', headers=<CIMultiDictProxy('Host': 'visaguide.world', 'Accept': '*/*', 'Accept-Encoding': 'gzip, deflate', 'User-Agent': 'Python/3.10 aiohttp/3.12.6')>, real_url=URL('https://visaguide.world/visa-free-countries/kazakhstani-passport/')), (), status=404, message='Not Found', headers=<CIMultiDictProxy('Date': 'Sun, 06 Jul 2025 05:46:05 GMT', 'Content-Type': 'text/html; charset=UTF-8', 'Transfer-Encoding': 'chunked', 'Connection': 'keep-alive', 'Content-Encoding': 'gzip', 'Vary': 'Accept-Encoding', 'Expires': 'Wed, 11 Jan 1984 05:00:00 GMT', 'permissions-policy': 'browsing-topics=()', 'x-frame-options': 'SAMEORIGIN', 'Age': '0', 'cf-cache-status': 'DYNAMIC', 'Report-To': '{"endpoints":[{"url":"https:\\/\\/a.nel.cloudflare.com\\/report\\/v4?s=7xi9XlnBkpKWcxwwGiORzl0Erm%2FwNnZSd5H3Q7Ip06BfPmVE9vQWO0uGT2evC%2FYNIcdxyoxl142G141IzKkyQ%2FN5OOl0f1kwCG1nvzJ6qQLiH%2BCQPi8TgEEd%2B0IuOJejiU5nZN9qhUFakGH5Iw%3D%3D"}],"group":"cf-nel","max_age":604800}', 'NEL': '{"success_fraction":0,"report_to":"cf-nel","max_age":604800}', 'Server': 'cloudflare', 'CF-RAY': '95acccb138383307-KIN', 'server-timing': 'cfL4;desc="?proto=TCP&rtt=13836&min_rtt=3166&rtt_var=5280&sent=772&recv=406&lost=0&retrans=1&sent_bytes=864614&recv_bytes=3007&delivery_rate=2718980&cwnd=256&unsent_bytes=0&cid=7fa60a27d825edbe&ts=16772&x=0"')>)
Kiribati: ClientResponseError(RequestInfo(url=URL('https://visaguide.world/visa-free-countries/i-kiribati-passport/'), method='GET', headers=<CIMultiDictProxy('Host': 'visaguide.world', 'Accept': '*/*', 'Accept-Encoding': 'gzip, deflate', 'User-Agent': 'Python/3.10 aiohttp/3.12.6')>, real_url=URL('https://visaguide.world/visa-free-countries/i-kiribati-passport/')), (), status=404, message='Not Found', headers=<CIMultiDictProxy('Date': 'Sun, 06 Jul 2025 05:46:05 GMT', 'Content-Type': 'text/html; charset=UTF-8', 'Transfer-Encoding': 'chunked', 'Connection': 'keep-alive', 'Content-Encoding': 'gzip', 'Vary': 'Accept-Encoding', 'Expires': 'Wed, 11 Jan 1984 05:00:00 GMT', 'permissions-policy': 'browsing-topics=()', 'x-frame-options': 'SAMEORIGIN', 'Age': '0', 'cf-cache-status': 'DYNAMIC', 'Report-To': '{"endpoints":[{"url":"https:\\/\\/a.nel.cloudflare.com\\/report\\/v4?s=SjR2krlKAsZjK%2FOC6BvtaF1p5bXvNROzswprS%2FMGK8RKXQcsGu1icS%2B7Qx7vhixC2lMKY0Oa8QyHZFGS4xkXLuMZoorpwS2ahvBT9o3o0U0wCLib%2FRlSPMnULMdtkHTZ8FTvc9n4Yb4h8LFz6w%3D%3D"}],"group":"cf-nel","max_age":604800}', 'NEL': '{"success_fraction":0,"report_to":"cf-nel","max_age":604800}', 'Server': 'cloudflare', 'CF-RAY': '95acccb47ff1333b-KIN', 'server-timing': 'cfL4;desc="?proto=TCP&rtt=17582&min_rtt=3508&rtt_var=4358&sent=392&recv=207&lost=0&retrans=1&sent_bytes=420015&recv_bytes=1913&delivery_rate=2781186&cwnd=256&unsent_bytes=0&cid=6bd86bf5ce1b53f0&ts=8644&x=0"')>)
Kosovo: ClientResponseError(RequestInfo(url=URL('https://visaguide.world/visa-free-countries/kosovar-passport/'), method='GET', headers=<CIMultiDictProxy('Host': 'visaguide.world', 'Accept': '*/*', 'Accept-Encoding': 'gzip, deflate', 'User-Agent': 'Python/3.10 aiohttp/3.12.6')>, real_url=URL('https://visaguide.world/visa-free-countries/kosovar-passport/')), (), status=404, message='Not Found', headers=<CIMultiDictProxy('Date': 'Sun, 06 Jul 2025 05:46:05 GMT', 'Content-Type': 'text/html; charset=UTF-8', 'Transfer-Encoding': 'chunked', 'Connection': 'keep-alive', 'Content-Encoding': 'gzip', 'Vary': 'Accept-Encoding', 'Expires': 'Wed, 11 Jan 1984 05:00:00 GMT', 'permissions-policy': 'browsing-topics=()', 'x-frame-options': 'SAMEORIGIN', 'Age': '0', 'cf-cache-status': 'DYNAMIC', 'Report-To': '{"endpoints":[{"url":"https:\\/\\/a.nel.cloudflare.com\\/report\\/v4?s=zCdpnGaIu4NL0BdpRYmAoSn7LjDXIjMpwMbL7SQEeMaRYmiNIm7TVJfMcrT7TpJuDEztb7R5NCbb%2FBnCLpIuFphRR1cNcnDXC6%2B8N8bkMEkb373e3jY8yrglG6CaPBck0g%3D%3D"}],"group":"cf-nel","max_age":604800}', 'NEL': '{"success_fraction":0,"report_to":"cf-nel","max_age":604800}', 'Server': 'cloudflare', 'CF-RAY': '95acccb6d932333b-KIN', 'server-timing': 'cfL4;desc="?proto=TCP&rtt=18253&min_rtt=3532&rtt_var=3337&sent=651&recv=345&lost=0&retrans=1&sent_bytes=772414&recv_bytes=2840&delivery_rate=2792967&cwnd=256&unsent_bytes=0&cid=372c90ea3d30e5cd&ts=17635&x=0"')>)
Kyrgyzstan: ClientResponseError(RequestInfo(url=URL('https://visaguide.world/visa-free-countries/kirghiz-passport/'), method='GET', headers=<CIMultiDictProxy('Host': 'visaguide.world', 'Accept': '*/*', 'Accept-Encoding': 'gzip, deflate', 'User-Agent': 'Python/3.10 aiohttp/3.12.6')>, real_url=URL('https://visaguide.world/visa-free-countries/kirghiz-passport/')), (), status=404, message='Not Found', headers=<CIMultiDictProxy('Date': 'Sun, 06 Jul 2025 05:46:06 GMT', 'Content-Type': 'text/html; charset=UTF-8', 'Transfer-Encoding': 'chunked', 'Connection': 'keep-alive', 'Content-Encoding': 'gzip', 'Vary': 'Accept-Encoding', 'Expires': 'Wed, 11 Jan 1984 05:00:00 GMT', 'permissions-policy': 'browsing-topics=()', 'x-frame-options': 'SAMEORIGIN', 'Age': '0', 'cf-cache-status': 'DYNAMIC', 'Report-To': '{"endpoints":[{"url":"https:\\/\\/a.nel.cloudflare.com\\/report\\/v4?s=BCuf6lacFzm%2BH53Nl3B3eKOJV8Vv0if3N3uO7HvNqHqxP2RUthshI5MHZPkjfc8DhfUXZYImxhyUE1vv%2Bk1aoryaHfB9y6NkFWLWvKYk3DSfqm1Mxn1wByH4Sx3ZYzb5%2FW8NHtW0NBbCZrsM6A%3D%3D"}],"group":"cf-nel","max_age":604800}', 'NEL': '{"success_fraction":0,"report_to":"cf-nel","max_age":604800}', 'Server': 'cloudflare', 'CF-RAY': '95acccb6ff753301-KIN', 'server-timing': 'cfL4;desc="?proto=TCP&rtt=34955&min_rtt=2596&rtt_var=19148&sent=275&recv=149&lost=0&retrans=0&sent_bytes=283883&recv_bytes=1534&delivery_rate=2665428&cwnd=256&unsent_bytes=0&cid=572c2b9de3a4ed57&ts=5172&x=0"')>)
Lesotho: ClientResponseError(RequestInfo(url=URL('https://visaguide.world/visa-free-countries/mosotho-passport/'), method='GET', headers=<CIMultiDictProxy('Host': 'visaguide.world', 'Accept': '*/*', 'Accept-Encoding': 'gzip, deflate', 'User-Agent': 'Python/3.10 aiohttp/3.12.6')>, real_url=URL('https://visaguide.world/visa-free-countries/mosotho-passport/')), (), status=404, message='Not Found', headers=<CIMultiDictProxy('Date': 'Sun, 06 Jul 2025 05:46:06 GMT', 'Content-Type': 'text/html; charset=UTF-8', 'Transfer-Encoding': 'chunked', 'Connection': 'keep-alive', 'Content-Encoding': 'gzip', 'Vary': 'Accept-Encoding', 'Expires': 'Wed, 11 Jan 1984 05:00:00 GMT', 'permissions-policy': 'browsing-topics=()', 'x-frame-options': 'SAMEORIGIN', 'Age': '0', 'cf-cache-status': 'DYNAMIC', 'Report-To': '{"endpoints":[{"url":"https:\\/\\/a.nel.cloudflare.com\\/report\\/v4?s=JRZQY%2BAX5UM3G8TP%2B0gluHdgN5HN5eaXxG7%2BK6vNo9coEsFDFp9WzjsOWDdzJepL2u%2F%2FNm%2FMYFXohk0%2FWiVpjzCW40CGhyuWJGPQsCvEnbfZbHSp1TO86j5U9AfPj3lqM3FzOSTJcShgh%2B2Odw%3D%3D"}],"group":"cf-nel","max_age":604800}', 'NEL': '{"success_fraction":0,"report_to":"cf-nel","max_age":604800}', 'Server': 'cloudflare', 'CF-RAY': '95acccba8c8d3307-KIN', 'server-timing': 'cfL4;desc="?proto=TCP&rtt=11270&min_rtt=3166&rtt_var=3782&sent=825&recv=433&lost=0&retrans=1&sent_bytes=927034&recv_bytes=3192&delivery_rate=2718980&cwnd=256&unsent_bytes=0&cid=7fa60a27d825edbe&ts=18223&x=0"')>)
Liechtenstein: ClientResponseError(RequestInfo(url=URL('https://visaguide.world/visa-free-countries/liechtensteiner-passport/'), method='GET', headers=<CIMultiDictProxy('Host': 'visaguide.world', 'Accept': '*/*', 'Accept-Encoding': 'gzip, deflate', 'User-Agent': 'Python/3.10 aiohttp/3.12.6')>, real_url=URL('https://visaguide.world/visa-free-countries/liechtensteiner-passport/')), (), status=404, message='Not Found', headers=<CIMultiDictProxy('Date': 'Sun, 06 Jul 2025 05:46:06 GMT', 'Content-Type': 'text/html; charset=UTF-8', 'Transfer-Encoding': 'chunked', 'Connection': 'keep-alive', 'Content-Encoding': 'gzip', 'Vary': 'Accept-Encoding', 'Expires': 'Wed, 11 Jan 1984 05:00:00 GMT', 'permissions-policy': 'browsing-topics=()', 'x-frame-options': 'SAMEORIGIN', 'Age': '0', 'cf-cache-status': 'DYNAMIC', 'Report-To': '{"endpoints":[{"url":"https:\\/\\/a.nel.cloudflare.com\\/report\\/v4?s=tQM07t7MO06OyeD%2Fc4OOhE7fExZfXSzJ0jOpy%2BoeuIBKpDc3M5IQLYbfPHav3sGNup%2B79B2eS1w93t5GO6safx8WL1XPQnFi3yHVkMtypUahBCNUYaSuNzUVLDQevGRN7ixYxHoymhJGGuI80Q%3D%3D"}],"group":"cf-nel","max_age":604800}', 'NEL': '{"success_fraction":0,"report_to":"cf-nel","max_age":604800}', 'Server': 'cloudflare', 'CF-RAY': '95acccbbcbf8333b-KIN', 'server-timing': 'cfL4;desc="?proto=TCP&rtt=14230&min_rtt=3508&rtt_var=3374&sent=443&recv=233&lost=0&retrans=1&sent_bytes=482409&recv_bytes=2106&delivery_rate=2781186&cwnd=256&unsent_bytes=0&cid=6bd86bf5ce1b53f0&ts=9821&x=0"')>)
Luxembourg: ClientResponseError(RequestInfo(url=URL('https://visaguide.world/visa-free-countries/luxembourger-passport/'), method='GET', headers=<CIMultiDictProxy('Host': 'visaguide.world', 'Accept': '*/*', 'Accept-Encoding': 'gzip, deflate', 'User-Agent': 'Python/3.10 aiohttp/3.12.6')>, real_url=URL('https://visaguide.world/visa-free-countries/luxembourger-passport/')), (), status=404, message='Not Found', headers=<CIMultiDictProxy('Date': 'Sun, 06 Jul 2025 05:46:07 GMT', 'Content-Type': 'text/html; charset=UTF-8', 'Transfer-Encoding': 'chunked', 'Connection': 'keep-alive', 'Content-Encoding': 'gzip', 'Vary': 'Accept-Encoding', 'Expires': 'Wed, 11 Jan 1984 05:00:00 GMT', 'permissions-policy': 'browsing-topics=()', 'x-frame-options': 'SAMEORIGIN', 'Age': '0', 'cf-cache-status': 'DYNAMIC', 'Report-To': '{"endpoints":[{"url":"https:\\/\\/a.nel.cloudflare.com\\/report\\/v4?s=%2FX2kOiwAesgqJEaGSt9sQ4zUhockhx6OoZ1%2FNvI9YFaa6PBsuD2Ht3JDIEbQxaW6ec2EER7%2FFhbQx0jC4uU6rkZFCH3LfISKE23nXb8XTT%2FmqiN1WQN73rISsTHhoHSg3Q%3D%3D"}],"group":"cf-nel","max_age":604800}', 'NEL': '{"success_fraction":0,"report_to":"cf-nel","max_age":604800}', 'Server': 'cloudflare', 'CF-RAY': '95acccbd8cfa333b-KIN', 'server-timing': 'cfL4;desc="?proto=TCP&rtt=13606&min_rtt=3532&rtt_var=3899&sent=702&recv=371&lost=0&retrans=1&sent_bytes=834789&recv_bytes=3030&delivery_rate=2792967&cwnd=256&unsent_bytes=0&cid=372c90ea3d30e5cd&ts=18857&x=0"')>)
Maldives: ClientResponseError(RequestInfo(url=URL('https://visaguide.world/visa-free-countries/maldivan-passport/'), method='GET', headers=<CIMultiDictProxy('Host': 'visaguide.world', 'Accept': '*/*', 'Accept-Encoding': 'gzip, deflate', 'User-Agent': 'Python/3.10 aiohttp/3.12.6')>, real_url=URL('https://visaguide.world/visa-free-countries/maldivan-passport/')), (), status=404, message='Not Found', headers=<CIMultiDictProxy('Date': 'Sun, 06 Jul 2025 05:46:08 GMT', 'Content-Type': 'text/html; charset=UTF-8', 'Transfer-Encoding': 'chunked', 'Connection': 'keep-alive', 'Content-Encoding': 'gzip', 'Vary': 'Accept-Encoding', 'Expires': 'Wed, 11 Jan 1984 05:00:00 GMT', 'permissions-policy': 'browsing-topics=()', 'x-frame-options': 'SAMEORIGIN', 'Age': '0', 'cf-cache-status': 'DYNAMIC', 'Report-To': '{"endpoints":[{"url":"https:\\/\\/a.nel.cloudflare.com\\/report\\/v4?s=aq2DoHrYRYMUR9j3lu4NgbQTJuW4Rz3aJBjYbst2xJ5cHIamgTFnc6xsynM4l9IEP8SJ0LlmOJMpwR%2BNAFnwhUXEHAexJ1r4MLT8Vc0KqQh0ybZH5pXrObcgWuvUfma5CQ%3D%3D"}],"group":"cf-nel","max_age":604800}', 'NEL': '{"success_fraction":0,"report_to":"cf-nel","max_age":604800}', 'Server': 'cloudflare', 'CF-RAY': '95acccc2fb2e330a-KIN', 'server-timing': 'cfL4;desc="?proto=TCP&rtt=22191&min_rtt=3425&rtt_var=15593&sent=604&recv=325&lost=0&retrans=1&sent_bytes=729176&recv_bytes=2638&delivery_rate=2640074&cwnd=256&unsent_bytes=0&cid=84bd1715e76beaca&ts=15998&x=0"')>)
Marshall Islands: ClientResponseError(RequestInfo(url=URL('https://visaguide.world/visa-free-countries/marshallese-passport/'), method='GET', headers=<CIMultiDictProxy('Host': 'visaguide.world', 'Accept': '*/*', 'Accept-Encoding': 'gzip, deflate', 'User-Agent': 'Python/3.10 aiohttp/3.12.6')>, real_url=URL('https://visaguide.world/visa-free-countries/marshallese-passport/')), (), status=404, message='Not Found', headers=<CIMultiDictProxy('Date': 'Sun, 06 Jul 2025 05:46:08 GMT', 'Content-Type': 'text/html; charset=UTF-8', 'Transfer-Encoding': 'chunked', 'Connection': 'keep-alive', 'Content-Encoding': 'gzip', 'Vary': 'Accept-Encoding', 'Expires': 'Wed, 11 Jan 1984 05:00:00 GMT', 'permissions-policy': 'browsing-topics=()', 'x-frame-options': 'SAMEORIGIN', 'Age': '0', 'cf-cache-status': 'DYNAMIC', 'Report-To': '{"endpoints":[{"url":"https:\\/\\/a.nel.cloudflare.com\\/report\\/v4?s=9FEU6ttA1UoHOrxh44wJt20ilhBQNUMKSIIxLrp%2FGU3lGMdUuYDEK4Sr4%2Fo%2FX%2F8U%2FNexNfRqB%2BK0yFjgQWyuJeeE4wvO1x9EtK%2BpBMa4sAbPmQLAl7X3HpJv%2B4jDomoiYRc7hg73xveCNwUYKQ%3D%3D"}],"group":"cf-nel","max_age":604800}', 'NEL': '{"success_fraction":0,"report_to":"cf-nel","max_age":604800}', 'Server': 'cloudflare', 'CF-RAY': '95acccc508ae333b-KIN', 'server-timing': 'cfL4;desc="?proto=TCP&rtt=20372&min_rtt=3397&rtt_var=15381&sent=495&recv=260&lost=0&retrans=1&sent_bytes=544637&recv_bytes=2295&delivery_rate=2781186&cwnd=256&unsent_bytes=0&cid=6bd86bf5ce1b53f0&ts=11316&x=0"')>)
Madagascar: ClientResponseError(RequestInfo(url=URL('https://visaguide.world/visa-free-countries/malagasy-passport/'), method='GET', headers=<CIMultiDictProxy('Host': 'visaguide.world', 'Accept': '*/*', 'Accept-Encoding': 'gzip, deflate', 'User-Agent': 'Python/3.10 aiohttp/3.12.6')>, real_url=URL('https://visaguide.world/visa-free-countries/malagasy-passport/')), (), status=404, message='Not Found', headers=<CIMultiDictProxy('Date': 'Sun, 06 Jul 2025 05:46:08 GMT', 'Content-Type': 'text/html; charset=UTF-8', 'Transfer-Encoding': 'chunked', 'Connection': 'keep-alive', 'Content-Encoding': 'gzip', 'Vary': 'Accept-Encoding', 'Expires': 'Wed, 11 Jan 1984 05:00:00 GMT', 'permissions-policy': 'browsing-topics=()', 'x-frame-options': 'SAMEORIGIN', 'Age': '0', 'cf-cache-status': 'DYNAMIC', 'Report-To': '{"endpoints":[{"url":"https:\\/\\/a.nel.cloudflare.com\\/report\\/v4?s=UCmDDZSSV2vIjirtnhU5g%2BORKqSF%2FcCbV%2FQmq998tUO4q2Doh9AvmK6syAOAhTvnpOR3wc5KxULwCmyRVwnYrYfY8FRrJNoTftk678YI6YF%2BqYQ53LWpeLdK8tPkEXUR4f7ezAWqNnmwWx092g%3D%3D"}],"group":"cf-nel","max_age":604800}', 'NEL': '{"success_fraction":0,"report_to":"cf-nel","max_age":604800}', 'Server': 'cloudflare', 'CF-RAY': '95acccc069843310-KIN', 'server-timing': 'cfL4;desc="?proto=TCP&rtt=19326&min_rtt=3361&rtt_var=7373&sent=228&recv=122&lost=0&retrans=0&sent_bytes=211498&recv_bytes=1343&delivery_rate=2854434&cwnd=256&unsent_bytes=0&cid=5b2baeecff1146b5&ts=6710&x=0"')>)
Martinique: ClientResponseError(RequestInfo(url=URL('https://visaguide.world/visa-free-countries/martinican-passport/'), method='GET', headers=<CIMultiDictProxy('Host': 'visaguide.world', 'Accept': '*/*', 'Accept-Encoding': 'gzip, deflate', 'User-Agent': 'Python/3.10 aiohttp/3.12.6')>, real_url=URL('https://visaguide.world/visa-free-countries/martinican-passport/')), (), status=404, message='Not Found', headers=<CIMultiDictProxy('Date': 'Sun, 06 Jul 2025 05:46:08 GMT', 'Content-Type': 'text/html; charset=UTF-8', 'Transfer-Encoding': 'chunked', 'Connection': 'keep-alive', 'Content-Encoding': 'gzip', 'Vary': 'Accept-Encoding', 'Expires': 'Wed, 11 Jan 1984 05:00:00 GMT', 'permissions-policy': 'browsing-topics=()', 'x-frame-options': 'SAMEORIGIN', 'Age': '0', 'cf-cache-status': 'DYNAMIC', 'Report-To': '{"endpoints":[{"url":"https:\\/\\/a.nel.cloudflare.com\\/report\\/v4?s=WvmHPZQakZLhZyNLwKHqMzCxNmxx061Ml2FuVWCztY0G85qcuZ%2FvU8wPHkJJDx1QEe7bIl4NlT%2FufZ%2BjOJmW3V9a0TFQRh4dA0XEW4TOjisGTrvP9TYg6aaKcCqxYgty2lvz8%2F36wkuf9%2FeHGQ%3D%3D"}],"group":"cf-nel","max_age":604800}', 'NEL': '{"success_fraction":0,"report_to":"cf-nel","max_age":604800}', 'Server': 'cloudflare', 'CF-RAY': '95acccc508af333b-KIN', 'server-timing': 'cfL4;desc="?proto=TCP&rtt=36658&min_rtt=3383&rtt_var=22039&sent=804&recv=424&lost=0&retrans=2&sent_bytes=904686&recv_bytes=3248&delivery_rate=2865042&cwnd=256&unsent_bytes=0&cid=76279a8f6874a56e&ts=20197&x=0"')>)
Mayotte: ClientResponseError(RequestInfo(url=URL('https://visaguide.world/visa-free-countries/mahoran-passport/'), method='GET', headers=<CIMultiDictProxy('Host': 'visaguide.world', 'Accept': '*/*', 'Accept-Encoding': 'gzip, deflate', 'User-Agent': 'Python/3.10 aiohttp/3.12.6')>, real_url=URL('https://visaguide.world/visa-free-countries/mahoran-passport/')), (), status=404, message='Not Found', headers=<CIMultiDictProxy('Date': 'Sun, 06 Jul 2025 05:46:09 GMT', 'Content-Type': 'text/html; charset=UTF-8', 'Transfer-Encoding': 'chunked', 'Connection': 'keep-alive', 'Content-Encoding': 'gzip', 'Vary': 'Accept-Encoding', 'Expires': 'Wed, 11 Jan 1984 05:00:00 GMT', 'permissions-policy': 'browsing-topics=()', 'x-frame-options': 'SAMEORIGIN', 'Age': '0', 'cf-cache-status': 'DYNAMIC', 'Report-To': '{"endpoints":[{"url":"https:\\/\\/a.nel.cloudflare.com\\/report\\/v4?s=26b5la2EbyAvUZdV5ccHMM97zxVsH0zGr0RHgIYUbGyT%2FuDad8AENlQz7Fhc8c6LcpJvzm4JeAi5dGRpFarFywoSzJHbXPctLie6vo4DDX37omYdV0%2FWR7oINELFmzy87xClnJ5miKwek0IFQA%3D%3D"}],"group":"cf-nel","max_age":604800}', 'NEL': '{"success_fraction":0,"report_to":"cf-nel","max_age":604800}', 'Server': 'cloudflare', 'CF-RAY': '95acccca3dd23305-KIN', 'server-timing': 'cfL4;desc="?proto=TCP&rtt=31809&min_rtt=2955&rtt_var=4559&sent=975&recv=530&lost=0&retrans=3&sent_bytes=1118127&recv_bytes=3780&delivery_rate=2772680&cwnd=256&unsent_bytes=0&cid=8ec593304108a045&ts=20824&x=0"')>)
Netherlands: RuntimeError('cannot reuse already awaited coroutine')
Monaco: ClientResponseError(RequestInfo(url=URL('https://visaguide.world/visa-free-countries/monegasque-passport/'), method='GET', headers=<CIMultiDictProxy('Host': 'visaguide.world', 'Accept': '*/*', 'Accept-Encoding': 'gzip, deflate', 'User-Agent': 'Python/3.10 aiohttp/3.12.6')>, real_url=URL('https://visaguide.world/visa-free-countries/monegasque-passport/')), (), status=404, message='Not Found', headers=<CIMultiDictProxy('Date': 'Sun, 06 Jul 2025 05:46:09 GMT', 'Content-Type': 'text/html; charset=UTF-8', 'Transfer-Encoding': 'chunked', 'Connection': 'keep-alive', 'Content-Encoding': 'gzip', 'Vary': 'Accept-Encoding', 'Expires': 'Wed, 11 Jan 1984 05:00:00 GMT', 'permissions-policy': 'browsing-topics=()', 'x-frame-options': 'SAMEORIGIN', 'Age': '0', 'cf-cache-status': 'DYNAMIC', 'Report-To': '{"endpoints":[{"url":"https:\\/\\/a.nel.cloudflare.com\\/report\\/v4?s=qqs%2BZDr%2BLnKKtJDt%2BX3n8cQDh%2BZrCySTFFBPK6bSGzq8W1SbVvje8Iwqi7qS7oj7ZPWRzpz2Hft7jTVGx6PX3HSraupuo6SPn%2BxwXF0OaDj3%2B%2B11tdo9hmqHWCKUT%2FBM%2F9OUiMh2KINMU5yelA%3D%3D"}],"group":"cf-nel","max_age":604800}', 'NEL': '{"success_fraction":0,"report_to":"cf-nel","max_age":604800}', 'Server': 'cloudflare', 'CF-RAY': '95accccc19a83301-KIN', 'server-timing': 'cfL4;desc="?proto=TCP&rtt=21910&min_rtt=3887&rtt_var=17327&sent=215&recv=115&lost=0&retrans=0&sent_bytes=211736&recv_bytes=1345&delivery_rate=2303498&cwnd=256&unsent_bytes=0&cid=a8629d585511e79a&ts=6098&x=0"')>)
Montserrat: ClientResponseError(RequestInfo(url=URL('https://visaguide.world/visa-free-countries/montserratian-passport/'), method='GET', headers=<CIMultiDictProxy('Host': 'visaguide.world', 'Accept': '*/*', 'Accept-Encoding': 'gzip, deflate', 'User-Agent': 'Python/3.10 aiohttp/3.12.6')>, real_url=URL('https://visaguide.world/visa-free-countries/montserratian-passport/')), (), status=404, message='Not Found', headers=<CIMultiDictProxy('Date': 'Sun, 06 Jul 2025 05:46:09 GMT', 'Content-Type': 'text/html; charset=UTF-8', 'Transfer-Encoding': 'chunked', 'Connection': 'keep-alive', 'Content-Encoding': 'gzip', 'Vary': 'Accept-Encoding', 'Expires': 'Wed, 11 Jan 1984 05:00:00 GMT', 'permissions-policy': 'browsing-topics=()', 'x-frame-options': 'SAMEORIGIN', 'Age': '0', 'cf-cache-status': 'DYNAMIC', 'Report-To': '{"endpoints":[{"url":"https:\\/\\/a.nel.cloudflare.com\\/report\\/v4?s=4URyq5yHjmfqdx3Q%2Fy7bZ3rv7wi48bQBsYBYOjnfs0Q8GpbZnoQnehElrz1QdEBqLIwkNNgYQ6NTsUIpfSbECwwYKBt0bZQREDn4EqWKHskcTeqiVQbrXDGbzu8hRDsL5Q%3D%3D"}],"group":"cf-nel","max_age":604800}', 'NEL': '{"success_fraction":0,"report_to":"cf-nel","max_age":604800}', 'Server': 'cloudflare', 'CF-RAY': '95acccce98fd330a-KIN', 'server-timing': 'cfL4;desc="?proto=TCP&rtt=35979&min_rtt=3385&rtt_var=16894&sent=713&recv=382&lost=0&retrans=1&sent_bytes=863575&recv_bytes=3018&delivery_rate=2640074&cwnd=256&unsent_bytes=0&cid=84bd1715e76beaca&ts=17600&x=0"')>)
Myanmar: ClientResponseError(RequestInfo(url=URL('https://visaguide.world/visa-free-countries/burmese-passport/'), method='GET', headers=<CIMultiDictProxy('Host': 'visaguide.world', 'Accept': '*/*', 'Accept-Encoding': 'gzip, deflate', 'User-Agent': 'Python/3.10 aiohttp/3.12.6')>, real_url=URL('https://visaguide.world/visa-free-countries/burmese-passport/')), (), status=404, message='Not Found', headers=<CIMultiDictProxy('Date': 'Sun, 06 Jul 2025 05:46:11 GMT', 'Content-Type': 'text/html; charset=UTF-8', 'Transfer-Encoding': 'chunked', 'Connection': 'keep-alive', 'Content-Encoding': 'gzip', 'Vary': 'Accept-Encoding', 'Expires': 'Wed, 11 Jan 1984 05:00:00 GMT', 'permissions-policy': 'browsing-topics=()', 'x-frame-options': 'SAMEORIGIN', 'Age': '0', 'cf-cache-status': 'DYNAMIC', 'Report-To': '{"endpoints":[{"url":"https:\\/\\/a.nel.cloudflare.com\\/report\\/v4?s=u%2Bt4oOXdGIZtHY95e4wp70vpr0uUZdUT5o0OssMWRmm75NEBX5f0V4VjvHHotB4OuNhIMMCLjMBNOR2Igu%2B2y44xURk6Bqeb9ae3VwSOmZq3uwK3glGJUNgnfVMzpF7iT2ftkS9bKju8CqOfXw%3D%3D"}],"group":"cf-nel","max_age":604800}', 'NEL': '{"success_fraction":0,"report_to":"cf-nel","max_age":604800}', 'Server': 'cloudflare', 'CF-RAY': '95acccd688c63307-KIN', 'server-timing': 'cfL4;desc="?proto=TCP&rtt=46142&min_rtt=3166&rtt_var=8874&sent=997&recv=523&lost=0&retrans=1&sent_bytes=1133817&recv_bytes=3746&delivery_rate=2718980&cwnd=256&unsent_bytes=0&cid=7fa60a27d825edbe&ts=22727&x=0"')>)
Nauru: ClientResponseError(RequestInfo(url=URL('https://visaguide.world/visa-free-countries/nauruan-passport/'), method='GET', headers=<CIMultiDictProxy('Host': 'visaguide.world', 'Accept': '*/*', 'Accept-Encoding': 'gzip, deflate', 'User-Agent': 'Python/3.10 aiohttp/3.12.6')>, real_url=URL('https://visaguide.world/visa-free-countries/nauruan-passport/')), (), status=404, message='Not Found', headers=<CIMultiDictProxy('Date': 'Sun, 06 Jul 2025 05:46:11 GMT', 'Content-Type': 'text/html; charset=UTF-8', 'Transfer-Encoding': 'chunked', 'Connection': 'keep-alive', 'Content-Encoding': 'gzip', 'Vary': 'Accept-Encoding', 'Expires': 'Wed, 11 Jan 1984 05:00:00 GMT', 'permissions-policy': 'browsing-topics=()', 'x-frame-options': 'SAMEORIGIN', 'Age': '0', 'cf-cache-status': 'DYNAMIC', 'Report-To': '{"endpoints":[{"url":"https:\\/\\/a.nel.cloudflare.com\\/report\\/v4?s=8LSyUvgCEuDcxsCVJCaHx%2B9A2xvpmmQDj809KhE8Vn97r71C%2BiuqrPvN8OcQN%2FPfsGWbTZ3HAb6qba7%2FaabSuWtlfMNYQlqxTmtehheCBdsK70X3IFr4NnudPpGL%2FgomP5cRN9vDmWbpr6dbDg%3D%3D"}],"group":"cf-nel","max_age":604800}', 'NEL': '{"success_fraction":0,"report_to":"cf-nel","max_age":604800}', 'Server': 'cloudflare', 'CF-RAY': '95acccd69e4c3301-KIN', 'server-timing': 'cfL4;desc="?proto=TCP&rtt=45794&min_rtt=2596&rtt_var=9028&sent=506&recv=271&lost=0&retrans=0&sent_bytes=563085&recv_bytes=2279&delivery_rate=2665428&cwnd=256&unsent_bytes=0&cid=572c2b9de3a4ed57&ts=10514&x=0"')>)
New Zealand: ClientResponseError(RequestInfo(url=URL('https://visaguide.world/visa-free-countries/newzealander-passport/'), method='GET', headers=<CIMultiDictProxy('Host': 'visaguide.world', 'Accept': '*/*', 'Accept-Encoding': 'gzip, deflate', 'User-Agent': 'Python/3.10 aiohttp/3.12.6')>, real_url=URL('https://visaguide.world/visa-free-countries/newzealander-passport/')), (), status=404, message='Not Found', headers=<CIMultiDictProxy('Date': 'Sun, 06 Jul 2025 05:46:11 GMT', 'Content-Type': 'text/html; charset=UTF-8', 'Transfer-Encoding': 'chunked', 'Connection': 'keep-alive', 'Content-Encoding': 'gzip', 'Vary': 'Accept-Encoding', 'Expires': 'Wed, 11 Jan 1984 05:00:00 GMT', 'permissions-policy': 'browsing-topics=()', 'x-frame-options': 'SAMEORIGIN', 'Age': '0', 'cf-cache-status': 'DYNAMIC', 'Report-To': '{"endpoints":[{"url":"https:\\/\\/a.nel.cloudflare.com\\/report\\/v4?s=bPVUsnwgbhPAlYzT%2FKSV5AkXj%2FaeJI%2FZnQjuW6QYdwl5KMQIZc%2BRJTBrBazzR12Fqswrz9dRzNvIJhpwCo39eUKfCD%2BHNCF1k8yPydsFwB6Scs%2BlnRXXHVPKilijRxe%2BsQho3ODP1eHbGj93IA%3D%3D"}],"group":"cf-nel","max_age":604800}', 'NEL': '{"success_fraction":0,"report_to":"cf-nel","max_age":604800}', 'Server': 'cloudflare', 'CF-RAY': '95acccd70e7a3301-KIN', 'server-timing': 'cfL4;desc="?proto=TCP&rtt=26864&min_rtt=3887&rtt_var=16159&sent=267&recv=142&lost=0&retrans=0&sent_bytes=274053&recv_bytes=1535&delivery_rate=2303498&cwnd=256&unsent_bytes=0&cid=a8629d585511e79a&ts=8267&x=0"')>)
Niue: ClientResponseError(RequestInfo(url=URL('https://visaguide.world/visa-free-countries/niuean-passport/'), method='GET', headers=<CIMultiDictProxy('Host': 'visaguide.world', 'Accept': '*/*', 'Accept-Encoding': 'gzip, deflate', 'User-Agent': 'Python/3.10 aiohttp/3.12.6')>, real_url=URL('https://visaguide.world/visa-free-countries/niuean-passport/')), (), status=404, message='Not Found', headers=<CIMultiDictProxy('Date': 'Sun, 06 Jul 2025 05:46:11 GMT', 'Content-Type': 'text/html; charset=UTF-8', 'Transfer-Encoding': 'chunked', 'Connection': 'keep-alive', 'Content-Encoding': 'gzip', 'Vary': 'Accept-Encoding', 'Expires': 'Wed, 11 Jan 1984 05:00:00 GMT', 'permissions-policy': 'browsing-topics=()', 'x-frame-options': 'SAMEORIGIN', 'Age': '0', 'cf-cache-status': 'DYNAMIC', 'Report-To': '{"endpoints":[{"url":"https:\\/\\/a.nel.cloudflare.com\\/report\\/v4?s=HvTyR0Dx6D9tAStGvePb%2BMAl53IXWnuSxUzY3dqhlh%2Bf8tpDLfBlyYKqbwDERrsUiQClepTCt%2BlCn6cdYhRWT2%2BvkeEcXnL9dmJkTUfl2MyZ0D9mVofpHUgcuCCj0Ek%2F4Q%3D%3D"}],"group":"cf-nel","max_age":604800}', 'NEL': '{"success_fraction":0,"report_to":"cf-nel","max_age":604800}', 'Server': 'cloudflare', 'CF-RAY': '95acccdaee17330d-KIN', 'server-timing': 'cfL4;desc="?proto=TCP&rtt=13284&min_rtt=3383&rtt_var=2638&sent=136&recv=75&lost=0&retrans=0&sent_bytes=148397&recv_bytes=1156&delivery_rate=2610303&cwnd=256&unsent_bytes=0&cid=4e1e5293ee8903c8&ts=3278&x=0"')>)
Norfolk Island: ClientResponseError(RequestInfo(url=URL('https://visaguide.world/visa-free-countries/norfolkislander-passport/'), method='GET', headers=<CIMultiDictProxy('Host': 'visaguide.world', 'Accept': '*/*', 'Accept-Encoding': 'gzip, deflate', 'User-Agent': 'Python/3.10 aiohttp/3.12.6')>, real_url=URL('https://visaguide.world/visa-free-countries/norfolkislander-passport/')), (), status=404, message='Not Found', headers=<CIMultiDictProxy('Date': 'Sun, 06 Jul 2025 05:46:11 GMT', 'Content-Type': 'text/html; charset=UTF-8', 'Transfer-Encoding': 'chunked', 'Connection': 'keep-alive', 'Content-Encoding': 'gzip', 'Vary': 'Accept-Encoding', 'Expires': 'Wed, 11 Jan 1984 05:00:00 GMT', 'permissions-policy': 'browsing-topics=()', 'x-frame-options': 'SAMEORIGIN', 'Age': '0', 'cf-cache-status': 'DYNAMIC', 'Report-To': '{"endpoints":[{"url":"https:\\/\\/a.nel.cloudflare.com\\/report\\/v4?s=rmQzaFToCQa06WhTsKGydopsk76uK3HjMWlVymU2Xx53Pa2FPwKuqbJfcVekkrYo27Nrq0Swz0vYwGJPsyb%2Fc0oxyA0ORcYc3WgBtVie%2BztE3L%2BWQQ%2FDmvth999H0feLDw%3D%3D"}],"group":"cf-nel","max_age":604800}', 'NEL': '{"success_fraction":0,"report_to":"cf-nel","max_age":604800}', 'Server': 'cloudflare', 'CF-RAY': '95acccdbff90330a-KIN', 'server-timing': 'cfL4;desc="?proto=TCP&rtt=16796&min_rtt=3385&rtt_var=5955&sent=822&recv=438&lost=0&retrans=1&sent_bytes=998372&recv_bytes=3399&delivery_rate=2643699&cwnd=256&unsent_bytes=0&cid=84bd1715e76beaca&ts=19780&x=0"')>)
Northern Mariana Islands: ClientResponseError(RequestInfo(url=URL('https://visaguide.world/visa-free-countries/american-passport/'), method='GET', headers=<CIMultiDictProxy('Host': 'visaguide.world', 'Accept': '*/*', 'Accept-Encoding': 'gzip, deflate', 'User-Agent': 'Python/3.10 aiohttp/3.12.6')>, real_url=URL('https://visaguide.world/visa-free-countries/american-passport/')), (), status=404, message='Not Found', headers=<CIMultiDictProxy('Date': 'Sun, 06 Jul 2025 05:46:12 GMT', 'Content-Type': 'text/html; charset=UTF-8', 'Transfer-Encoding': 'chunked', 'Connection': 'keep-alive', 'Content-Encoding': 'gzip', 'Vary': 'Accept-Encoding', 'Expires': 'Wed, 11 Jan 1984 05:00:00 GMT', 'permissions-policy': 'browsing-topics=()', 'x-frame-options': 'SAMEORIGIN', 'Age': '0', 'cf-cache-status': 'DYNAMIC', 'Report-To': '{"endpoints":[{"url":"https:\\/\\/a.nel.cloudflare.com\\/report\\/v4?s=PfFtx%2Ff8VmZgfIDzcV8c8a7iItjGrhqQbn0ubc0ZL103sx8LQrJxOOyxLi%2F2%2BZY5NCNEgQREkeWWCh5eusgwaz5vCrAX52subQGjzcKVrxQQhLhO37%2BHcjvR%2FDSH3Xa42bATyjwYAsxGYMNleg%3D%3D"}],"group":"cf-nel","max_age":604800}', 'NEL': '{"success_fraction":0,"report_to":"cf-nel","max_age":604800}', 'Server': 'cloudflare', 'CF-RAY': '95acccde3c693307-KIN', 'server-timing': 'cfL4;desc="?proto=TCP&rtt=28752&min_rtt=3166&rtt_var=20540&sent=1050&recv=550&lost=0&retrans=1&sent_bytes=1196231&recv_bytes=3932&delivery_rate=2718980&cwnd=256&unsent_bytes=0&cid=7fa60a27d825edbe&ts=23877&x=0"')>)
North Korea: ClientResponseError(RequestInfo(url=URL('https://visaguide.world/visa-free-countries/northkorean-passport/'), method='GET', headers=<CIMultiDictProxy('Host': 'visaguide.world', 'Accept': '*/*', 'Accept-Encoding': 'gzip, deflate', 'User-Agent': 'Python/3.10 aiohttp/3.12.6')>, real_url=URL('https://visaguide.world/visa-free-countries/northkorean-passport/')), (), status=404, message='Not Found', headers=<CIMultiDictProxy('Date': 'Sun, 06 Jul 2025 05:46:12 GMT', 'Content-Type': 'text/html; charset=UTF-8', 'Transfer-Encoding': 'chunked', 'Connection': 'keep-alive', 'Content-Encoding': 'gzip', 'Vary': 'Accept-Encoding', 'Expires': 'Wed, 11 Jan 1984 05:00:00 GMT', 'permissions-policy': 'browsing-topics=()', 'x-frame-options': 'SAMEORIGIN', 'Age': '0', 'cf-cache-status': 'DYNAMIC', 'Report-To': '{"endpoints":[{"url":"https:\\/\\/a.nel.cloudflare.com\\/report\\/v4?s=6tJRuOzoC28QSHKK%2F%2FhJuBnFBWsPNw%2FvDTY6Pp6bghUaFLrwrXpVcJ7h0Nd46u1d3DN1i0dOwndGPo640nu6AjiM3LhY7NyBGAvTFji9dZ4neijxAu8R7OE4%2Ba%2FCcHzhHA%3D%3D"}],"group":"cf-nel","max_age":604800}', 'NEL': '{"success_fraction":0,"report_to":"cf-nel","max_age":604800}', 'Server': 'cloudflare', 'CF-RAY': '95acccde3a0f3301-KIN', 'server-timing': 'cfL4;desc="?proto=TCP&rtt=22575&min_rtt=3351&rtt_var=4973&sent=259&recv=139&lost=0&retrans=1&sent_bytes=294021&recv_bytes=1531&delivery_rate=2394014&cwnd=257&unsent_bytes=0&cid=efeb24aea9456b04&ts=5865&x=0"')>)
New Caledonia: ClientResponseError(RequestInfo(url=URL('https://visaguide.world/visa-free-countries/newcaledonian-passport/'), method='GET', headers=<CIMultiDictProxy('Host': 'visaguide.world', 'Accept': '*/*', 'Accept-Encoding': 'gzip, deflate', 'User-Agent': 'Python/3.10 aiohttp/3.12.6')>, real_url=URL('https://visaguide.world/visa-free-countries/newcaledonian-passport/')), (), status=404, message='Not Found', headers=<CIMultiDictProxy('Date': 'Sun, 06 Jul 2025 05:46:12 GMT', 'Content-Type': 'text/html; charset=UTF-8', 'Transfer-Encoding': 'chunked', 'Connection': 'keep-alive', 'Content-Encoding': 'gzip', 'Vary': 'Accept-Encoding', 'Expires': 'Wed, 11 Jan 1984 05:00:00 GMT', 'permissions-policy': 'browsing-topics=()', 'x-frame-options': 'SAMEORIGIN', 'Age': '0', 'cf-cache-status': 'DYNAMIC', 'Report-To': '{"endpoints":[{"url":"https:\\/\\/a.nel.cloudflare.com\\/report\\/v4?s=EU9B0nZY%2F1yhVjWqrNbKkV4bIZ27q79k5s9dONPpzbNnedD0Km05AzDfXrzCMcGjhGjKHuuatcYtayazzA6yVZZJRpb1YaBZwfVhfxPLDf9CnpWP8ljGmLT2BKW3UI%2F4JBbZJIf2cU4ebIjzqQ%3D%3D"}],"group":"cf-nel","max_age":604800}', 'NEL': '{"success_fraction":0,"report_to":"cf-nel","max_age":604800}', 'Server': 'cloudflare', 'CF-RAY': '95acccdf588b3305-KIN', 'server-timing': 'cfL4;desc="?proto=TCP&rtt=13028&min_rtt=6869&rtt_var=14070&sent=6&recv=7&lost=0&retrans=0&sent_bytes=2853&recv_bytes=788&delivery_rate=278574&cwnd=252&unsent_bytes=0&cid=cf388564220acc7c&ts=1231&x=0"')>)
Republic of the Congo: RuntimeError('cannot reuse already awaited coroutine')
Pitcairn Islands: ClientResponseError(RequestInfo(url=URL('https://visaguide.world/visa-free-countries/pitcairnislander-passport/'), method='GET', headers=<CIMultiDictProxy('Host': 'visaguide.world', 'Accept': '*/*', 'Accept-Encoding': 'gzip, deflate', 'User-Agent': 'Python/3.10 aiohttp/3.12.6')>, real_url=URL('https://visaguide.world/visa-free-countries/pitcairnislander-passport/')), (), status=404, message='Not Found', headers=<CIMultiDictProxy('Date': 'Sun, 06 Jul 2025 05:46:13 GMT', 'Content-Type': 'text/html; charset=UTF-8', 'Transfer-Encoding': 'chunked', 'Connection': 'keep-alive', 'Content-Encoding': 'gzip', 'Vary': 'Accept-Encoding', 'Expires': 'Wed, 11 Jan 1984 05:00:00 GMT', 'permissions-policy': 'browsing-topics=()', 'x-frame-options': 'SAMEORIGIN', 'Age': '0', 'cf-cache-status': 'DYNAMIC', 'Report-To': '{"endpoints":[{"url":"https:\\/\\/a.nel.cloudflare.com\\/report\\/v4?s=SQNo%2BxJqPthlyvOtj%2FiG5wl3zfHqLob1rJzPVTmEMLBHrqywcfkXiAnifWxrYPpw4QsGQttwIv5tfrmediYcIoK9Uw7EGcMYYNmIxZD6AbN%2Bvnig25vhEgOVy4iVaw4bIw%3D%3D"}],"group":"cf-nel","max_age":604800}', 'NEL': '{"success_fraction":0,"report_to":"cf-nel","max_age":604800}', 'Server': 'cloudflare', 'CF-RAY': '95accce51d5b3301-KIN', 'server-timing': 'cfL4;desc="?proto=TCP&rtt=39530&min_rtt=3351&rtt_var=10511&sent=312&recv=166&lost=0&retrans=1&sent_bytes=356150&recv_bytes=1725&delivery_rate=2394014&cwnd=257&unsent_bytes=0&cid=efeb24aea9456b04&ts=6976&x=0"')>)
Palau: ClientResponseError(RequestInfo(url=URL('https://visaguide.world/visa-free-countries/palauan-passport/'), method='GET', headers=<CIMultiDictProxy('Host': 'visaguide.world', 'Accept': '*/*', 'Accept-Encoding': 'gzip, deflate', 'User-Agent': 'Python/3.10 aiohttp/3.12.6')>, real_url=URL('https://visaguide.world/visa-free-countries/palauan-passport/')), (), status=404, message='Not Found', headers=<CIMultiDictProxy('Date': 'Sun, 06 Jul 2025 05:46:13 GMT', 'Content-Type': 'text/html; charset=UTF-8', 'Transfer-Encoding': 'chunked', 'Connection': 'keep-alive', 'Content-Encoding': 'gzip', 'Vary': 'Accept-Encoding', 'Expires': 'Wed, 11 Jan 1984 05:00:00 GMT', 'permissions-policy': 'browsing-topics=()', 'x-frame-options': 'SAMEORIGIN', 'Age': '0', 'cf-cache-status': 'DYNAMIC', 'Report-To': '{"endpoints":[{"url":"https:\\/\\/a.nel.cloudflare.com\\/report\\/v4?s=NFDIjMm%2Fx%2FJwrsCie8HyWOwt3gbIzT5HXqA12q1uBI0kwpwp5mTxLZKPSaObvU5UH9dhewjs2wCoDsk86N0bQSLHJEgxYdsYf3JgA3YddvTyU9i39UGVTuDSu4WlUKvrzrsttYMN5IiWcpv2lw%3D%3D"}],"group":"cf-nel","max_age":604800}', 'NEL': '{"success_fraction":0,"report_to":"cf-nel","max_age":604800}', 'Server': 'cloudflare', 'CF-RAY': '95accce4ef773307-KIN', 'server-timing': 'cfL4;desc="?proto=TCP&rtt=31897&min_rtt=3598&rtt_var=17532&sent=5&recv=7&lost=0&retrans=0&sent_bytes=2852&recv_bytes=782&delivery_rate=755975&cwnd=252&unsent_bytes=0&cid=ff0a50fe322d1ca5&ts=1147&x=0"')>)
Papua New Guinea: ClientResponseError(RequestInfo(url=URL('https://visaguide.world/visa-free-countries/papuanewguinean-passport/'), method='GET', headers=<CIMultiDictProxy('Host': 'visaguide.world', 'Accept': '*/*', 'Accept-Encoding': 'gzip, deflate', 'User-Agent': 'Python/3.10 aiohttp/3.12.6')>, real_url=URL('https://visaguide.world/visa-free-countries/papuanewguinean-passport/')), (), status=404, message='Not Found', headers=<CIMultiDictProxy('Date': 'Sun, 06 Jul 2025 05:46:13 GMT', 'Content-Type': 'text/html; charset=UTF-8', 'Transfer-Encoding': 'chunked', 'Connection': 'keep-alive', 'Content-Encoding': 'gzip', 'Vary': 'Accept-Encoding', 'Expires': 'Wed, 11 Jan 1984 05:00:00 GMT', 'permissions-policy': 'browsing-topics=()', 'x-frame-options': 'SAMEORIGIN', 'Age': '0', 'cf-cache-status': 'DYNAMIC', 'Report-To': '{"endpoints":[{"url":"https:\\/\\/a.nel.cloudflare.com\\/report\\/v4?s=tuIQru5cDng%2BrvqwSDs0ountHVYk%2BL7ADdx9PietX4EFNAxY0GUtpnYczreiDEwU3VmyzhcjaHr25LvujsWL4i%2BsHbBbsUEl7i54%2FcmBUzFJDPPmATKMKKP517aiEixgeg%3D%3D"}],"group":"cf-nel","max_age":604800}', 'NEL': '{"success_fraction":0,"report_to":"cf-nel","max_age":604800}', 'Server': 'cloudflare', 'CF-RAY': '95accce60b6d330d-KIN', 'server-timing': 'cfL4;desc="?proto=TCP&rtt=11706&min_rtt=3564&rtt_var=16897&sent=6&recv=6&lost=0&retrans=0&sent_bytes=2852&recv_bytes=790&delivery_rate=288280&cwnd=252&unsent_bytes=0&cid=62243f2c64e01b95&ts=1101&x=0"')>)
Puerto Rico: ClientResponseError(RequestInfo(url=URL('https://visaguide.world/visa-free-countries/puertorican-passport/'), method='GET', headers=<CIMultiDictProxy('Host': 'visaguide.world', 'Accept': '*/*', 'Accept-Encoding': 'gzip, deflate', 'User-Agent': 'Python/3.10 aiohttp/3.12.6')>, real_url=URL('https://visaguide.world/visa-free-countries/puertorican-passport/')), (), status=404, message='Not Found', headers=<CIMultiDictProxy('Date': 'Sun, 06 Jul 2025 05:46:13 GMT', 'Content-Type': 'text/html; charset=UTF-8', 'Transfer-Encoding': 'chunked', 'Connection': 'keep-alive', 'Content-Encoding': 'gzip', 'Vary': 'Accept-Encoding', 'Expires': 'Wed, 11 Jan 1984 05:00:00 GMT', 'permissions-policy': 'browsing-topics=()', 'x-frame-options': 'SAMEORIGIN', 'Age': '0', 'cf-cache-status': 'DYNAMIC', 'Report-To': '{"endpoints":[{"url":"https:\\/\\/a.nel.cloudflare.com\\/report\\/v4?s=TNQo%2FbunvNZvQIJs93m8kK6XA1oahCDo2m4Kaj0Vb%2BWhnuR0mMAB1oyHdnARTvWdkp%2Fsty%2FUK22j9Wz3aIvFSDYj%2F6J4NOduJF5yYprKVF%2Ff2QS%2Few0UMyc7V9WwpCRHxQ%3D%3D"}],"group":"cf-nel","max_age":604800}', 'NEL': '{"success_fraction":0,"report_to":"cf-nel","max_age":604800}', 'Server': 'cloudflare', 'CF-RAY': '95accce73bf3330d-KIN', 'server-timing': 'cfL4;desc="?proto=TCP&rtt=28857&min_rtt=3428&rtt_var=15391&sent=254&recv=137&lost=0&retrans=0&sent_bytes=294164&recv_bytes=1533&delivery_rate=2499668&cwnd=256&unsent_bytes=0&cid=90cdb9ba08e986e2&ts=5041&x=0"')>)
Réunion: ClientResponseError(RequestInfo(url=URL('https://visaguide.world/visa-free-countries/r%C3%A9unionese-passport/'), method='GET', headers=<CIMultiDictProxy('Host': 'visaguide.world', 'Accept': '*/*', 'Accept-Encoding': 'gzip, deflate', 'User-Agent': 'Python/3.10 aiohttp/3.12.6')>, real_url=URL('https://visaguide.world/visa-free-countries/r%C3%A9unionese-passport/')), (), status=404, message='Not Found', headers=<CIMultiDictProxy('Date': 'Sun, 06 Jul 2025 05:46:14 GMT', 'Content-Type': 'text/html; charset=UTF-8', 'Transfer-Encoding': 'chunked', 'Connection': 'keep-alive', 'Content-Encoding': 'gzip', 'Vary': 'Accept-Encoding', 'Expires': 'Wed, 11 Jan 1984 05:00:00 GMT', 'permissions-policy': 'browsing-topics=()', 'x-frame-options': 'SAMEORIGIN', 'Age': '0', 'cf-cache-status': 'DYNAMIC', 'Report-To': '{"endpoints":[{"url":"https:\\/\\/a.nel.cloudflare.com\\/report\\/v4?s=GjpVfOTEVzbLT19Jiv8INQGVdjNiRJy1qpSU%2FW%2F59BLNNj1uy7nPDUoy6qwU0bSKI2YF0cenwU02FqIphY7CXYW5w4JvbXDWUc%2Bk6%2FC9sIluwYW%2Fp1zdufZL75yQA69V7Q%3D%3D"}],"group":"cf-nel","max_age":604800}', 'NEL': '{"success_fraction":0,"report_to":"cf-nel","max_age":604800}', 'Server': 'cloudflare', 'CF-RAY': '95acccede9503301-KIN', 'server-timing': 'cfL4;desc="?proto=TCP&rtt=21470&min_rtt=3351&rtt_var=16496&sent=362&recv=192&lost=0&retrans=1&sent_bytes=418431&recv_bytes=1918&delivery_rate=2457361&cwnd=257&unsent_bytes=0&cid=efeb24aea9456b04&ts=8555&x=0"')>)
Saint Kitts and Nevis: ClientResponseError(RequestInfo(url=URL('https://visaguide.world/visa-free-countries/kittitianornevisian-passport/'), method='GET', headers=<CIMultiDictProxy('Host': 'visaguide.world', 'Accept': '*/*', 'Accept-Encoding': 'gzip, deflate', 'User-Agent': 'Python/3.10 aiohttp/3.12.6')>, real_url=URL('https://visaguide.world/visa-free-countries/kittitianornevisian-passport/')), (), status=404, message='Not Found', headers=<CIMultiDictProxy('Date': 'Sun, 06 Jul 2025 05:46:15 GMT', 'Content-Type': 'text/html; charset=UTF-8', 'Transfer-Encoding': 'chunked', 'Connection': 'keep-alive', 'Content-Encoding': 'gzip', 'Vary': 'Accept-Encoding', 'Expires': 'Wed, 11 Jan 1984 05:00:00 GMT', 'permissions-policy': 'browsing-topics=()', 'x-frame-options': 'SAMEORIGIN', 'Age': '0', 'cf-cache-status': 'DYNAMIC', 'Report-To': '{"endpoints":[{"url":"https:\\/\\/a.nel.cloudflare.com\\/report\\/v4?s=pi%2B1RDsi8JXrTaFACXEsrfBvigASrYAGoBmDuzcX%2Fm6wbamszJ%2FNveuDUzjmgOo8Zd1wCQi%2FQpwXHfQERrPp4NA87z7TCHnjHYxpxqP5R%2B3j42LxfWpj9%2BA0ShAI1gkfmddALFZfztKVOSMCpA%3D%3D"}],"group":"cf-nel","max_age":604800}', 'NEL': '{"success_fraction":0,"report_to":"cf-nel","max_age":604800}', 'Server': 'cloudflare', 'CF-RAY': '95acccedf9573301-KIN', 'server-timing': 'cfL4;desc="?proto=TCP&rtt=25569&min_rtt=3321&rtt_var=4950&sent=295&recv=158&lost=0&retrans=0&sent_bytes=294225&recv_bytes=1540&delivery_rate=2443757&cwnd=256&unsent_bytes=0&cid=66eaaefa979e2f59&ts=4680&x=0"')>)
Saint Helena, Ascension and Tristan da Cunha: ClientResponseError(RequestInfo(url=URL('https://visaguide.world/visa-free-countries/sainthelenian-passport/'), method='GET', headers=<CIMultiDictProxy('Host': 'visaguide.world', 'Accept': '*/*', 'Accept-Encoding': 'gzip, deflate', 'User-Agent': 'Python/3.10 aiohttp/3.12.6')>, real_url=URL('https://visaguide.world/visa-free-countries/sainthelenian-passport/')), (), status=404, message='Not Found', headers=<CIMultiDictProxy('Date': 'Sun, 06 Jul 2025 05:46:15 GMT', 'Content-Type': 'text/html; charset=UTF-8', 'Transfer-Encoding': 'chunked', 'Connection': 'keep-alive', 'Content-Encoding': 'gzip', 'Vary': 'Accept-Encoding', 'Expires': 'Wed, 11 Jan 1984 05:00:00 GMT', 'permissions-policy': 'browsing-topics=()', 'x-frame-options': 'SAMEORIGIN', 'Age': '0', 'cf-cache-status': 'DYNAMIC', 'Report-To': '{"endpoints":[{"url":"https:\\/\\/a.nel.cloudflare.com\\/report\\/v4?s=JLQfKkia%2BNPTxG7dxTuwX4AMt7%2B8ibEAaFsjo21efDVG4mQh1fIFMrrcWtYNmdqlFF8TnUh3PWY2QXVs%2Fv4vhOtnxPqBsEf8P6lxkJXEEnk7SQsIqCw2%2FEvFN59RMdT8EA%3D%3D"}],"group":"cf-nel","max_age":604800}', 'NEL': '{"success_fraction":0,"report_to":"cf-nel","max_age":604800}', 'Server': 'cloudflare', 'CF-RAY': '95acccedfee1330d-KIN', 'server-timing': 'cfL4;desc="?proto=TCP&rtt=23033&min_rtt=3397&rtt_var=14569&sent=306&recv=164&lost=0&retrans=0&sent_bytes=356268&recv_bytes=1724&delivery_rate=2630783&cwnd=256&unsent_bytes=0&cid=90cdb9ba08e986e2&ts=6310&x=0"')>)
Saint Lucia: ClientResponseError(RequestInfo(url=URL('https://visaguide.world/visa-free-countries/saintlucian-passport/'), method='GET', headers=<CIMultiDictProxy('Host': 'visaguide.world', 'Accept': '*/*', 'Accept-Encoding': 'gzip, deflate', 'User-Agent': 'Python/3.10 aiohttp/3.12.6')>, real_url=URL('https://visaguide.world/visa-free-countries/saintlucian-passport/')), (), status=404, message='Not Found', headers=<CIMultiDictProxy('Date': 'Sun, 06 Jul 2025 05:46:15 GMT', 'Content-Type': 'text/html; charset=UTF-8', 'Transfer-Encoding': 'chunked', 'Connection': 'keep-alive', 'Content-Encoding': 'gzip', 'Vary': 'Accept-Encoding', 'Expires': 'Wed, 11 Jan 1984 05:00:00 GMT', 'permissions-policy': 'browsing-topics=()', 'x-frame-options': 'SAMEORIGIN', 'Age': '0', 'cf-cache-status': 'DYNAMIC', 'Report-To': '{"endpoints":[{"url":"https:\\/\\/a.nel.cloudflare.com\\/report\\/v4?s=HzTptOChGR%2FLwJZyY0T6b1BF2xH7777UQHP5ZUPAbeXwhFFfp989J4yzSdQAiHa6aBN9bCQiyUhscL3zE2fbLAheNRDNb%2Fe97dqTsrybsoUraArGdacjyns3ZwFjPqyBKQ%3D%3D"}],"group":"cf-nel","max_age":604800}', 'NEL': '{"success_fraction":0,"report_to":"cf-nel","max_age":604800}', 'Server': 'cloudflare', 'CF-RAY': '95acccf00816330d-KIN', 'server-timing': 'cfL4;desc="?proto=TCP&rtt=31811&min_rtt=3383&rtt_var=20792&sent=307&recv=164&lost=0&retrans=0&sent_bytes=354726&recv_bytes=1718&delivery_rate=2790949&cwnd=256&unsent_bytes=0&cid=4e1e5293ee8903c8&ts=6770&x=0"')>)
Saint Barthélemy: ClientResponseError(RequestInfo(url=URL('https://visaguide.world/visa-free-countries/saintbarth%C3%A9lemyislander-passport/'), method='GET', headers=<CIMultiDictProxy('Host': 'visaguide.world', 'Accept': '*/*', 'Accept-Encoding': 'gzip, deflate', 'User-Agent': 'Python/3.10 aiohttp/3.12.6')>, real_url=URL('https://visaguide.world/visa-free-countries/saintbarth%C3%A9lemyislander-passport/')), (), status=404, message='Not Found', headers=<CIMultiDictProxy('Date': 'Sun, 06 Jul 2025 05:46:15 GMT', 'Content-Type': 'text/html; charset=UTF-8', 'Transfer-Encoding': 'chunked', 'Connection': 'keep-alive', 'Content-Encoding': 'gzip', 'Vary': 'Accept-Encoding', 'Expires': 'Wed, 11 Jan 1984 05:00:00 GMT', 'permissions-policy': 'browsing-topics=()', 'x-frame-options': 'SAMEORIGIN', 'Age': '0', 'cf-cache-status': 'DYNAMIC', 'Report-To': '{"endpoints":[{"url":"https:\\/\\/a.nel.cloudflare.com\\/report\\/v4?s=agS4e%2Fro9QOBg5Ae6L%2FMhaXId8Nz4OZXujKBwsGUXEUwQ1ZbLrE0hHHqP%2FUz7JjveJ3IWZLYtUPloOq3SDgn4XlCDTl9PTK%2Fb%2B%2BC8huu0iCl5BGI69S6McKn1DUFarobWPQ%2BeWb1H%2B%2FAcnweDw%3D%3D"}],"group":"cf-nel","max_age":604800}', 'NEL': '{"success_fraction":0,"report_to":"cf-nel","max_age":604800}', 'Server': 'cloudflare', 'CF-RAY': '95acccedfb713307-KIN', 'server-timing': 'cfL4;desc="?proto=TCP&rtt=26047&min_rtt=3306&rtt_var=5241&sent=72&recv=41&lost=0&retrans=0&sent_bytes=66480&recv_bytes=988&delivery_rate=2289241&cwnd=256&unsent_bytes=0&cid=ff0a50fe322d1ca5&ts=2779&x=0"')>)
Saint Pierre and Miquelon: ClientResponseError(RequestInfo(url=URL('https://visaguide.world/visa-free-countries/saint-pierrais-and-miquelonnais-passport/'), method='GET', headers=<CIMultiDictProxy('Host': 'visaguide.world', 'Accept': '*/*', 'Accept-Encoding': 'gzip, deflate', 'User-Agent': 'Python/3.10 aiohttp/3.12.6')>, real_url=URL('https://visaguide.world/visa-free-countries/saint-pierrais-and-miquelonnais-passport/')), (), status=404, message='Not Found', headers=<CIMultiDictProxy('Date': 'Sun, 06 Jul 2025 05:46:15 GMT', 'Content-Type': 'text/html; charset=UTF-8', 'Transfer-Encoding': 'chunked', 'Connection': 'keep-alive', 'Content-Encoding': 'gzip', 'Vary': 'Accept-Encoding', 'Expires': 'Wed, 11 Jan 1984 05:00:00 GMT', 'permissions-policy': 'browsing-topics=()', 'x-frame-options': 'SAMEORIGIN', 'Age': '0', 'cf-cache-status': 'DYNAMIC', 'Report-To': '{"endpoints":[{"url":"https:\\/\\/a.nel.cloudflare.com\\/report\\/v4?s=int91meiYlEdoZCwsd67MZBotqrqF6RfKiifNXADpFDh2Do1afxz6bRfSnkY%2FU8mWtWgxa0hMCcZyOjIffFRttnUjKbW7UJj37MGmUmNbUlaMa%2BFV1TiibA5yGW%2BRLtew9eOgoQygNbGzUdDOw%3D%3D"}],"group":"cf-nel","max_age":604800}', 'NEL': '{"success_fraction":0,"report_to":"cf-nel","max_age":604800}', 'Server': 'cloudflare', 'CF-RAY': '95acccf19d1d3307-KIN', 'server-timing': 'cfL4;desc="?proto=TCP&rtt=27928&min_rtt=3166&rtt_var=17640&sent=1222&recv=639&lost=0&retrans=1&sent_bytes=1403432&recv_bytes=4513&delivery_rate=2718980&cwnd=256&unsent_bytes=0&cid=7fa60a27d825edbe&ts=27043&x=0"')>)
Saint Vincent and the Grenadines: ClientResponseError(RequestInfo(url=URL('https://visaguide.world/visa-free-countries/saintvincentian-passport/'), method='GET', headers=<CIMultiDictProxy('Host': 'visaguide.world', 'Accept': '*/*', 'Accept-Encoding': 'gzip, deflate', 'User-Agent': 'Python/3.10 aiohttp/3.12.6')>, real_url=URL('https://visaguide.world/visa-free-countries/saintvincentian-passport/')), (), status=404, message='Not Found', headers=<CIMultiDictProxy('Date': 'Sun, 06 Jul 2025 05:46:16 GMT', 'Content-Type': 'text/html; charset=UTF-8', 'Transfer-Encoding': 'chunked', 'Connection': 'keep-alive', 'Content-Encoding': 'gzip', 'Vary': 'Accept-Encoding', 'Expires': 'Wed, 11 Jan 1984 05:00:00 GMT', 'permissions-policy': 'browsing-topics=()', 'x-frame-options': 'SAMEORIGIN', 'Age': '0', 'cf-cache-status': 'DYNAMIC', 'Report-To': '{"endpoints":[{"url":"https:\\/\\/a.nel.cloudflare.com\\/report\\/v4?s=hP%2BFCHAn%2B%2B3DhmP2OUlMURUvjMaNXf1wIwmGQvTG2IEVl28TpRXm0tiH68RqGG%2B3%2FzOm0jD%2FFYO9Ks9SGxv%2F29ZJiSGScvKIfxSc02gnlRAT6i0UATQ58RlzlqLKJSFYs4x4Z%2FhVgLk89MYF2Q%3D%3D"}],"group":"cf-nel","max_age":604800}', 'NEL': '{"success_fraction":0,"report_to":"cf-nel","max_age":604800}', 'Server': 'cloudflare', 'CF-RAY': '95acccf3e9513310-KIN', 'server-timing': 'cfL4;desc="?proto=TCP&rtt=13776&min_rtt=3361&rtt_var=3473&sent=586&recv=328&lost=0&retrans=1&sent_bytes=638010&recv_bytes=2463&delivery_rate=2854434&cwnd=256&unsent_bytes=0&cid=5b2baeecff1146b5&ts=14468&x=0"')>)
Saudi Arabia: ClientResponseError(RequestInfo(url=URL('https://visaguide.world/visa-free-countries/saudiarabian-passport/'), method='GET', headers=<CIMultiDictProxy('Host': 'visaguide.world', 'Accept': '*/*', 'Accept-Encoding': 'gzip, deflate', 'User-Agent': 'Python/3.10 aiohttp/3.12.6')>, real_url=URL('https://visaguide.world/visa-free-countries/saudiarabian-passport/')), (), status=404, message='Not Found', headers=<CIMultiDictProxy('Date': 'Sun, 06 Jul 2025 05:46:16 GMT', 'Content-Type': 'text/html; charset=UTF-8', 'Transfer-Encoding': 'chunked', 'Connection': 'keep-alive', 'Content-Encoding': 'gzip', 'Vary': 'Accept-Encoding', 'Expires': 'Wed, 11 Jan 1984 05:00:00 GMT', 'permissions-policy': 'browsing-topics=()', 'x-frame-options': 'SAMEORIGIN', 'Age': '0', 'cf-cache-status': 'DYNAMIC', 'Report-To': '{"endpoints":[{"url":"https:\\/\\/a.nel.cloudflare.com\\/report\\/v4?s=kgr0I7JV%2FguRY2%2FRlveD9%2BPhWK3ifR49IRrbhaH74liWIIk0WErfqQdr%2B8YpzTdJpMnNsDuzpMWIbqYbC2mUJ%2B%2B895HNMfWPld4b%2BNrQ7py9HPTtzf%2FjbMlp4WXU6A%2Fywg%3D%3D"}],"group":"cf-nel","max_age":604800}', 'NEL': '{"success_fraction":0,"report_to":"cf-nel","max_age":604800}', 'Server': 'cloudflare', 'CF-RAY': '95acccf53c513301-KIN', 'server-timing': 'cfL4;desc="?proto=TCP&rtt=30046&min_rtt=3351&rtt_var=4542&sent=412&recv=237&lost=0&retrans=3&sent_bytes=483090&recv_bytes=2108&delivery_rate=2457361&cwnd=257&unsent_bytes=0&cid=efeb24aea9456b04&ts=10216&x=0"')>)
San Marino: ClientResponseError(RequestInfo(url=URL('https://visaguide.world/visa-free-countries/sammarinese-passport/'), method='GET', headers=<CIMultiDictProxy('Host': 'visaguide.world', 'Accept': '*/*', 'Accept-Encoding': 'gzip, deflate', 'User-Agent': 'Python/3.10 aiohttp/3.12.6')>, real_url=URL('https://visaguide.world/visa-free-countries/sammarinese-passport/')), (), status=404, message='Not Found', headers=<CIMultiDictProxy('Date': 'Sun, 06 Jul 2025 05:46:16 GMT', 'Content-Type': 'text/html; charset=UTF-8', 'Transfer-Encoding': 'chunked', 'Connection': 'keep-alive', 'Content-Encoding': 'gzip', 'Vary': 'Accept-Encoding', 'Expires': 'Wed, 11 Jan 1984 05:00:00 GMT', 'permissions-policy': 'browsing-topics=()', 'x-frame-options': 'SAMEORIGIN', 'Age': '0', 'cf-cache-status': 'DYNAMIC', 'Report-To': '{"endpoints":[{"url":"https:\\/\\/a.nel.cloudflare.com\\/report\\/v4?s=JLSS4PCMedpPxhf%2FoTZLyyGPNKafVzQPs2EEcJ%2BU301NpVKAmquVgJMVbZIh%2FnZ%2F4dqklrMH%2FnpraiNMbACwFDpY0BUXYPeIWDrEIC43ZdWVn9FdDPtrWACyEMPi7iRquQ%3D%3D"}],"group":"cf-nel","max_age":604800}', 'NEL': '{"success_fraction":0,"report_to":"cf-nel","max_age":604800}', 'Server': 'cloudflare', 'CF-RAY': '95acccf539f73310-KIN', 'server-timing': 'cfL4;desc="?proto=TCP&rtt=30092&min_rtt=3686&rtt_var=18398&sent=65&recv=38&lost=0&retrans=1&sent_bytes=76296&recv_bytes=974&delivery_rate=2310965&cwnd=257&unsent_bytes=0&cid=7a566fd3001c3f0c&ts=3694&x=0"')>)
Saint Martin: ClientResponseError(RequestInfo(url=URL('https://visaguide.world/visa-free-countries/saintmartinislander-passport/'), method='GET', headers=<CIMultiDictProxy('Host': 'visaguide.world', 'Accept': '*/*', 'Accept-Encoding': 'gzip, deflate', 'User-Agent': 'Python/3.10 aiohttp/3.12.6')>, real_url=URL('https://visaguide.world/visa-free-countries/saintmartinislander-passport/')), (), status=404, message='Not Found', headers=<CIMultiDictProxy('Date': 'Sun, 06 Jul 2025 05:46:16 GMT', 'Content-Type': 'text/html; charset=UTF-8', 'Transfer-Encoding': 'chunked', 'Connection': 'keep-alive', 'Content-Encoding': 'gzip', 'Vary': 'Accept-Encoding', 'Expires': 'Wed, 11 Jan 1984 05:00:00 GMT', 'permissions-policy': 'browsing-topics=()', 'x-frame-options': 'SAMEORIGIN', 'Age': '0', 'cf-cache-status': 'DYNAMIC', 'Report-To': '{"endpoints":[{"url":"https:\\/\\/a.nel.cloudflare.com\\/report\\/v4?s=U%2BWiXHcVYCb05JC9%2BDx2Qq2ATODF9sqYLqybd0qVpCpX00CvfEcl75UHy3A3AB%2BoY9h9cDPQGEStdlHsdCqMqkN4C2%2Bj9B7eyJS2Bl8cWFWNEfwaQ8j6Pw6qjaK83lE8YQ%3D%3D"}],"group":"cf-nel","max_age":604800}', 'NEL': '{"success_fraction":0,"report_to":"cf-nel","max_age":604800}', 'Server': 'cloudflare', 'CF-RAY': '95acccf58add3305-KIN', 'server-timing': 'cfL4;desc="?proto=TCP&rtt=5154&min_rtt=3498&rtt_var=4624&sent=7&recv=7&lost=0&retrans=1&sent_bytes=2878&recv_bytes=794&delivery_rate=168597&cwnd=253&unsent_bytes=0&cid=69e762e0fca4c59e&ts=1928&x=0"')>)
Sierra Leone: ClientResponseError(RequestInfo(url=URL('https://visaguide.world/visa-free-countries/sierraleonean-passport/'), method='GET', headers=<CIMultiDictProxy('Host': 'visaguide.world', 'Accept': '*/*', 'Accept-Encoding': 'gzip, deflate', 'User-Agent': 'Python/3.10 aiohttp/3.12.6')>, real_url=URL('https://visaguide.world/visa-free-countries/sierraleonean-passport/')), (), status=404, message='Not Found', headers=<CIMultiDictProxy('Date': 'Sun, 06 Jul 2025 05:46:17 GMT', 'Content-Type': 'text/html; charset=UTF-8', 'Transfer-Encoding': 'chunked', 'Connection': 'keep-alive', 'Content-Encoding': 'gzip', 'Vary': 'Accept-Encoding', 'Expires': 'Wed, 11 Jan 1984 05:00:00 GMT', 'permissions-policy': 'browsing-topics=()', 'x-frame-options': 'SAMEORIGIN', 'Age': '0', 'cf-cache-status': 'DYNAMIC', 'Report-To': '{"endpoints":[{"url":"https:\\/\\/a.nel.cloudflare.com\\/report\\/v4?s=5TgOWIvAMmAT9c5IstRd6hDSEBZz%2Fb3lRSxUynaIfA%2BCw45ODb6H5WG3yPhfYm9VjLq%2Fmi3Z3nP1YuWUIelwXNk35Pw%2F6x94D%2BDYGVDPFs56MGkZtOltlbM3ua0HmgqLOYbEO0zUj7SvTZADfA%3D%3D"}],"group":"cf-nel","max_age":604800}', 'NEL': '{"success_fraction":0,"report_to":"cf-nel","max_age":604800}', 'Server': 'cloudflare', 'CF-RAY': '95acccf60a5f3310-KIN', 'server-timing': 'cfL4;desc="?proto=TCP&rtt=13955&min_rtt=3905&rtt_var=7927&sent=5&recv=6&lost=0&retrans=0&sent_bytes=2853&recv_bytes=788&delivery_rate=696542&cwnd=252&unsent_bytes=0&cid=a4d5e4e4c35836bd&ts=1646&x=0"')>)
Sint Maarten: ClientResponseError(RequestInfo(url=URL('https://visaguide.world/visa-free-countries/st.maartener-passport/'), method='GET', headers=<CIMultiDictProxy('Host': 'visaguide.world', 'Accept': '*/*', 'Accept-Encoding': 'gzip, deflate', 'User-Agent': 'Python/3.10 aiohttp/3.12.6')>, real_url=URL('https://visaguide.world/visa-free-countries/st.maartener-passport/')), (), status=404, message='Not Found', headers=<CIMultiDictProxy('Date': 'Sun, 06 Jul 2025 05:46:17 GMT', 'Content-Type': 'text/html; charset=UTF-8', 'Transfer-Encoding': 'chunked', 'Connection': 'keep-alive', 'Content-Encoding': 'gzip', 'Vary': 'Accept-Encoding', 'Expires': 'Wed, 11 Jan 1984 05:00:00 GMT', 'permissions-policy': 'browsing-topics=()', 'x-frame-options': 'SAMEORIGIN', 'Age': '0', 'cf-cache-status': 'DYNAMIC', 'Report-To': '{"endpoints":[{"url":"https:\\/\\/a.nel.cloudflare.com\\/report\\/v4?s=znAK%2FntmLOJ0EEB5teXkvaqX506Kc16OoFLSRYWVRYWy31gDpLt3e6MJHKHVb1aKw%2BVacI4Ge3hSbS9M71zH6Nclx5Qsx5FqtMlE7W8xcss1nVHLPsndwMDc6ut6G5wZtMfcf1uVf11d%2BembXA%3D%3D"}],"group":"cf-nel","max_age":604800}', 'NEL': '{"success_fraction":0,"report_to":"cf-nel","max_age":604800}', 'Server': 'cloudflare', 'CF-RAY': '95acccf91e173301-KIN', 'server-timing': 'cfL4;desc="?proto=TCP&rtt=22864&min_rtt=3321&rtt_var=7916&sent=409&recv=216&lost=0&retrans=0&sent_bytes=428850&recv_bytes=1918&delivery_rate=2443757&cwnd=256&unsent_bytes=0&cid=66eaaefa979e2f59&ts=6828&x=0"')>)
Solomon Islands: ClientResponseError(RequestInfo(url=URL('https://visaguide.world/visa-free-countries/solomonislander-passport/'), method='GET', headers=<CIMultiDictProxy('Host': 'visaguide.world', 'Accept': '*/*', 'Accept-Encoding': 'gzip, deflate', 'User-Agent': 'Python/3.10 aiohttp/3.12.6')>, real_url=URL('https://visaguide.world/visa-free-countries/solomonislander-passport/')), (), status=404, message='Not Found', headers=<CIMultiDictProxy('Date': 'Sun, 06 Jul 2025 05:46:17 GMT', 'Content-Type': 'text/html; charset=UTF-8', 'Transfer-Encoding': 'chunked', 'Connection': 'keep-alive', 'Content-Encoding': 'gzip', 'Vary': 'Accept-Encoding', 'Expires': 'Wed, 11 Jan 1984 05:00:00 GMT', 'permissions-policy': 'browsing-topics=()', 'x-frame-options': 'SAMEORIGIN', 'Age': '0', 'cf-cache-status': 'DYNAMIC', 'Report-To': '{"endpoints":[{"url":"https:\\/\\/a.nel.cloudflare.com\\/report\\/v4?s=QG6eRML%2B%2BBazfv%2B6t66LZjH7lxcAzotMY5%2BzSLWA4qfi3siFT3uhOsyk2HLXjc%2Fla%2F8obvqZiw0JMnz66GAqC7X9XnaS0gxlwiRHZu4HR4JZXx6k9ABTJq3gRQY0wktfgXKLiSnh%2BYectrINuw%3D%3D"}],"group":"cf-nel","max_age":604800}', 'NEL': '{"success_fraction":0,"report_to":"cf-nel","max_age":604800}', 'Server': 'cloudflare', 'CF-RAY': '95acccfb7d70330d-KIN', 'server-timing': 'cfL4;desc="?proto=TCP&rtt=3981&min_rtt=3260&rtt_var=2335&sent=5&recv=6&lost=0&retrans=0&sent_bytes=2853&recv_bytes=790&delivery_rate=741953&cwnd=252&unsent_bytes=0&cid=05f9c6e47477b0b1&ts=1225&x=0"')>)
Svalbard and Jan Mayen: RuntimeError('cannot reuse already awaited coroutine')
Slovenia: ClientResponseError(RequestInfo(url=URL('https://visaguide.world/visa-free-countries/slovene-passport/'), method='GET', headers=<CIMultiDictProxy('Host': 'visaguide.world', 'Accept': '*/*', 'Accept-Encoding': 'gzip, deflate', 'User-Agent': 'Python/3.10 aiohttp/3.12.6')>, real_url=URL('https://visaguide.world/visa-free-countries/slovene-passport/')), (), status=404, message='Not Found', headers=<CIMultiDictProxy('Date': 'Sun, 06 Jul 2025 05:46:17 GMT', 'Content-Type': 'text/html; charset=UTF-8', 'Transfer-Encoding': 'chunked', 'Connection': 'keep-alive', 'Content-Encoding': 'gzip', 'Vary': 'Accept-Encoding', 'Expires': 'Wed, 11 Jan 1984 05:00:00 GMT', 'permissions-policy': 'browsing-topics=()', 'x-frame-options': 'SAMEORIGIN', 'Age': '0', 'cf-cache-status': 'DYNAMIC', 'Report-To': '{"endpoints":[{"url":"https:\\/\\/a.nel.cloudflare.com\\/report\\/v4?s=IY3G7%2BlEk%2FN7ZMRclZWoGOx651z%2BPVfBWKoj4iCzR7Q4%2FZx8XEqAL0DkaC%2F442B3lC9aNJf13pizHhn032%2FeGl9BLbHrfaJiHIiSghdjJTrCDoY1KS046bBzMsIhyYQgoUXnhgoIhv3%2BU9gavQ%3D%3D"}],"group":"cf-nel","max_age":604800}', 'NEL': '{"success_fraction":0,"report_to":"cf-nel","max_age":604800}', 'Server': 'cloudflare', 'CF-RAY': '95acccfb3998330b-KIN', 'server-timing': 'cfL4;desc="?proto=TCP&rtt=21240&min_rtt=3357&rtt_var=5727&sent=96&recv=52&lost=0&retrans=0&sent_bytes=76572&recv_bytes=971&delivery_rate=2580798&cwnd=256&unsent_bytes=0&cid=2db53b612455bd6a&ts=2343&x=0"')>)
South Georgia: ClientResponseError(RequestInfo(url=URL('https://visaguide.world/visa-free-countries/southgeorgiansouthsandwichislander-passport/'), method='GET', headers=<CIMultiDictProxy('Host': 'visaguide.world', 'Accept': '*/*', 'Accept-Encoding': 'gzip, deflate', 'User-Agent': 'Python/3.10 aiohttp/3.12.6')>, real_url=URL('https://visaguide.world/visa-free-countries/southgeorgiansouthsandwichislander-passport/')), (), status=404, message='Not Found', headers=<CIMultiDictProxy('Date': 'Sun, 06 Jul 2025 05:46:17 GMT', 'Content-Type': 'text/html; charset=UTF-8', 'Transfer-Encoding': 'chunked', 'Connection': 'keep-alive', 'Content-Encoding': 'gzip', 'Vary': 'Accept-Encoding', 'Expires': 'Wed, 11 Jan 1984 05:00:00 GMT', 'permissions-policy': 'browsing-topics=()', 'x-frame-options': 'SAMEORIGIN', 'Age': '0', 'cf-cache-status': 'DYNAMIC', 'Report-To': '{"endpoints":[{"url":"https:\\/\\/a.nel.cloudflare.com\\/report\\/v4?s=PHAjZt0A40jRSXodLyQmu2YwsakLL179mhW6thYqfFzIRcpPF%2BeDbX9gmnDyNgTLX7bi2oD2%2BMSF94tAIxp7ZqakKtBhnC7ndsIrHqB399gSNlUXOFloZA1hNjXHx9eWzA%3D%3D"}],"group":"cf-nel","max_age":604800}', 'NEL': '{"success_fraction":0,"report_to":"cf-nel","max_age":604800}', 'Server': 'cloudflare', 'CF-RAY': '95acccfedc90333b-KIN', 'server-timing': 'cfL4;desc="?proto=TCP&rtt=21124&min_rtt=3940&rtt_var=13266&sent=5&recv=6&lost=0&retrans=0&sent_bytes=2853&recv_bytes=809&delivery_rate=716751&cwnd=252&unsent_bytes=0&cid=ef8555e6991fb7ba&ts=1047&x=0"')>)
South Sudan: ClientResponseError(RequestInfo(url=URL('https://visaguide.world/visa-free-countries/southsudanese-passport/'), method='GET', headers=<CIMultiDictProxy('Host': 'visaguide.world', 'Accept': '*/*', 'Accept-Encoding': 'gzip, deflate', 'User-Agent': 'Python/3.10 aiohttp/3.12.6')>, real_url=URL('https://visaguide.world/visa-free-countries/southsudanese-passport/')), (), status=404, message='Not Found', headers=<CIMultiDictProxy('Date': 'Sun, 06 Jul 2025 05:46:18 GMT', 'Content-Type': 'text/html; charset=UTF-8', 'Transfer-Encoding': 'chunked', 'Connection': 'keep-alive', 'Content-Encoding': 'gzip', 'Vary': 'Accept-Encoding', 'Expires': 'Wed, 11 Jan 1984 05:00:00 GMT', 'permissions-policy': 'browsing-topics=()', 'x-frame-options': 'SAMEORIGIN', 'Age': '0', 'cf-cache-status': 'DYNAMIC', 'Report-To': '{"endpoints":[{"url":"https:\\/\\/a.nel.cloudflare.com\\/report\\/v4?s=8Qk7V5WXDHHdFGU5FQa9UsKVzVN2ule8%2BokxpIQ%2BHvxj2ARZqn1Fk3y992c86TmSk4mzZcSJt4UQzniERCihikOFsHzGyuR72dL1bQTPBvFBjQAAkekSQ6pplHuZOVmNsQ%3D%3D"}],"group":"cf-nel","max_age":604800}', 'NEL': '{"success_fraction":0,"report_to":"cf-nel","max_age":604800}', 'Server': 'cloudflare', 'CF-RAY': '95accd009fa5330d-KIN', 'server-timing': 'cfL4;desc="?proto=TCP&rtt=36823&min_rtt=3397&rtt_var=17409&sent=414&recv=221&lost=0&retrans=0&sent_bytes=491125&recv_bytes=2100&delivery_rate=2630783&cwnd=256&unsent_bytes=0&cid=90cdb9ba08e986e2&ts=9311&x=0"')>)
South Korea: ClientResponseError(RequestInfo(url=URL('https://visaguide.world/visa-free-countries/southkorean-passport/'), method='GET', headers=<CIMultiDictProxy('Host': 'visaguide.world', 'Accept': '*/*', 'Accept-Encoding': 'gzip, deflate', 'User-Agent': 'Python/3.10 aiohttp/3.12.6')>, real_url=URL('https://visaguide.world/visa-free-countries/southkorean-passport/')), (), status=404, message='Not Found', headers=<CIMultiDictProxy('Date': 'Sun, 06 Jul 2025 05:46:18 GMT', 'Content-Type': 'text/html; charset=UTF-8', 'Transfer-Encoding': 'chunked', 'Connection': 'keep-alive', 'Content-Encoding': 'gzip', 'Vary': 'Accept-Encoding', 'Expires': 'Wed, 11 Jan 1984 05:00:00 GMT', 'permissions-policy': 'browsing-topics=()', 'x-frame-options': 'SAMEORIGIN', 'Age': '0', 'cf-cache-status': 'DYNAMIC', 'Report-To': '{"endpoints":[{"url":"https:\\/\\/a.nel.cloudflare.com\\/report\\/v4?s=RcvjRTv%2FbpHJbqLG88IE3d%2BNqVXt28YFdJ2yzJXfkVGz%2FeV6bwX2jnRUh3PhvwXwbCAl7yAhPQ13s2%2BVMu%2Bx9dpD%2BvYp1%2F4e96ro3nf%2BEiEdBAxypIoHZQHDCUi8p%2BDs4pNUeKGcX2mIv1UGDg%3D%3D"}],"group":"cf-nel","max_age":604800}', 'NEL': '{"success_fraction":0,"report_to":"cf-nel","max_age":604800}', 'Server': 'cloudflare', 'CF-RAY': '95accd006f82330d-KIN', 'server-timing': 'cfL4;desc="?proto=TCP&rtt=25265&min_rtt=3142&rtt_var=18424&sent=281&recv=150&lost=0&retrans=0&sent_bytes=294215&recv_bytes=1526&delivery_rate=2820211&cwnd=256&unsent_bytes=0&cid=3f8cac70a5cee665&ts=5841&x=0"')>)
South Africa: ClientResponseError(RequestInfo(url=URL('https://visaguide.world/visa-free-countries/southafrican-passport/'), method='GET', headers=<CIMultiDictProxy('Host': 'visaguide.world', 'Accept': '*/*', 'Accept-Encoding': 'gzip, deflate', 'User-Agent': 'Python/3.10 aiohttp/3.12.6')>, real_url=URL('https://visaguide.world/visa-free-countries/southafrican-passport/')), (), status=404, message='Not Found', headers=<CIMultiDictProxy('Date': 'Sun, 06 Jul 2025 05:46:18 GMT', 'Content-Type': 'text/html; charset=UTF-8', 'Transfer-Encoding': 'chunked', 'Connection': 'keep-alive', 'Content-Encoding': 'gzip', 'Vary': 'Accept-Encoding', 'Expires': 'Wed, 11 Jan 1984 05:00:00 GMT', 'permissions-policy': 'browsing-topics=()', 'x-frame-options': 'SAMEORIGIN', 'Age': '0', 'cf-cache-status': 'DYNAMIC', 'Report-To': '{"endpoints":[{"url":"https:\\/\\/a.nel.cloudflare.com\\/report\\/v4?s=fd%2FAfkMVR9e8U2viPTzLdTKMfpWC5QeivgazrQevuHiyCQqiaeqpO8m2uieIPH3mNQrDIOWffG9wvoZLwlWMB7eMxdIkeO%2BHf4Yp%2FGHGmnRVRWtb0%2F%2FKgX0Q7F8MBMFXTA%3D%3D"}],"group":"cf-nel","max_age":604800}', 'NEL': '{"success_fraction":0,"report_to":"cf-nel","max_age":604800}', 'Server': 'cloudflare', 'CF-RAY': '95acccfe1ab0330b-KIN', 'server-timing': 'cfL4;desc="?proto=TCP&rtt=4052&min_rtt=3424&rtt_var=2185&sent=5&recv=6&lost=0&retrans=0&sent_bytes=2852&recv_bytes=787&delivery_rate=710082&cwnd=252&unsent_bytes=0&cid=9c4d20a3165b8eb5&ts=1457&x=0"')>)
Sri Lanka: ClientResponseError(RequestInfo(url=URL('https://visaguide.world/visa-free-countries/srilankan-passport/'), method='GET', headers=<CIMultiDictProxy('Host': 'visaguide.world', 'Accept': '*/*', 'Accept-Encoding': 'gzip, deflate', 'User-Agent': 'Python/3.10 aiohttp/3.12.6')>, real_url=URL('https://visaguide.world/visa-free-countries/srilankan-passport/')), (), status=404, message='Not Found', headers=<CIMultiDictProxy('Date': 'Sun, 06 Jul 2025 05:46:18 GMT', 'Content-Type': 'text/html; charset=UTF-8', 'Transfer-Encoding': 'chunked', 'Connection': 'keep-alive', 'Content-Encoding': 'gzip', 'Vary': 'Accept-Encoding', 'Expires': 'Wed, 11 Jan 1984 05:00:00 GMT', 'permissions-policy': 'browsing-topics=()', 'x-frame-options': 'SAMEORIGIN', 'Age': '0', 'cf-cache-status': 'DYNAMIC', 'Report-To': '{"endpoints":[{"url":"https:\\/\\/a.nel.cloudflare.com\\/report\\/v4?s=j9uymldkFTkKB%2FdS05NY7ysB%2BDrKxVf8x%2BiOCjpjWD5Nf5ZcB29XFgTl1JWpHMCfgnB30BeUucCR5ke29ugzItFaBdVxQRAsY3fXdQKSBTZXLOXcQxeukD6I%2BmJRro7HP2ZbRhczx3dBCnv1lg%3D%3D"}],"group":"cf-nel","max_age":604800}', 'NEL': '{"success_fraction":0,"report_to":"cf-nel","max_age":604800}', 'Server': 'cloudflare', 'CF-RAY': '95accd020cbe3307-KIN', 'server-timing': 'cfL4;desc="?proto=TCP&rtt=4426&min_rtt=3475&rtt_var=2860&sent=5&recv=6&lost=0&retrans=0&sent_bytes=2852&recv_bytes=784&delivery_rate=715601&cwnd=252&unsent_bytes=0&cid=536dd85ceebb62da&ts=862&x=0"')>)
Suriname: ClientResponseError(RequestInfo(url=URL('https://visaguide.world/visa-free-countries/surinamer-passport/'), method='GET', headers=<CIMultiDictProxy('Host': 'visaguide.world', 'Accept': '*/*', 'Accept-Encoding': 'gzip, deflate', 'User-Agent': 'Python/3.10 aiohttp/3.12.6')>, real_url=URL('https://visaguide.world/visa-free-countries/surinamer-passport/')), (), status=404, message='Not Found', headers=<CIMultiDictProxy('Date': 'Sun, 06 Jul 2025 05:46:18 GMT', 'Content-Type': 'text/html; charset=UTF-8', 'Transfer-Encoding': 'chunked', 'Connection': 'keep-alive', 'Content-Encoding': 'gzip', 'Vary': 'Accept-Encoding', 'Expires': 'Wed, 11 Jan 1984 05:00:00 GMT', 'permissions-policy': 'browsing-topics=()', 'x-frame-options': 'SAMEORIGIN', 'Age': '0', 'cf-cache-status': 'DYNAMIC', 'Report-To': '{"endpoints":[{"url":"https:\\/\\/a.nel.cloudflare.com\\/report\\/v4?s=2n8KdMFyMx6dqNfdpsxWeC38ttPTH37b5fFA%2Fk1kisztyzf6RQ9Po7txe4hFktvXPcbMXUFXsKE11WTvnJkkJLBMWQzbdcOxZ6UM4i4s3Tgld5H2iHbkFlGezqkyZ8CLIWMGYLgMVBk6tiRpgQ%3D%3D"}],"group":"cf-nel","max_age":604800}', 'NEL': '{"success_fraction":0,"report_to":"cf-nel","max_age":604800}', 'Server': 'cloudflare', 'CF-RAY': '95accd04c9f9330d-KIN', 'server-timing': 'cfL4;desc="?proto=TCP&rtt=42762&min_rtt=22093&rtt_var=22870&sent=5&recv=7&lost=0&retrans=0&sent_bytes=2851&recv_bytes=784&delivery_rate=123115&cwnd=252&unsent_bytes=0&cid=abb92511c7e55651&ts=928&x=0"')>)
Timor-Leste: ClientResponseError(RequestInfo(url=URL('https://visaguide.world/visa-free-countries/easttimorese-passport/'), method='GET', headers=<CIMultiDictProxy('Host': 'visaguide.world', 'Accept': '*/*', 'Accept-Encoding': 'gzip, deflate', 'User-Agent': 'Python/3.10 aiohttp/3.12.6')>, real_url=URL('https://visaguide.world/visa-free-countries/easttimorese-passport/')), (), status=404, message='Not Found', headers=<CIMultiDictProxy('Date': 'Sun, 06 Jul 2025 05:46:19 GMT', 'Content-Type': 'text/html; charset=UTF-8', 'Transfer-Encoding': 'chunked', 'Connection': 'keep-alive', 'Content-Encoding': 'gzip', 'Vary': 'Accept-Encoding', 'Expires': 'Wed, 11 Jan 1984 05:00:00 GMT', 'permissions-policy': 'browsing-topics=()', 'x-frame-options': 'SAMEORIGIN', 'Age': '0', 'cf-cache-status': 'DYNAMIC', 'Report-To': '{"endpoints":[{"url":"https:\\/\\/a.nel.cloudflare.com\\/report\\/v4?s=wrLXx7DIUI%2BHycDPQzWnZ%2BhYMyWEDF4zWUDH3gbFifEikzfr1wzr3SCyBv6E1rOlhDPDx5r6SDikHmse08NWY%2FRMUgsgzM3d3ZY6Gm6oAdG%2FlleeKwQsdG18IPh3eFkTZxLptSnxZeIK6YGzxw%3D%3D"}],"group":"cf-nel","max_age":604800}', 'NEL': '{"success_fraction":0,"report_to":"cf-nel","max_age":604800}', 'Server': 'cloudflare', 'CF-RAY': '95accd09afe23307-KIN', 'server-timing': 'cfL4;desc="?proto=TCP&rtt=59212&min_rtt=3475&rtt_var=5299&sent=82&recv=45&lost=0&retrans=0&sent_bytes=66214&recv_bytes=974&delivery_rate=1247737&cwnd=256&unsent_bytes=0&cid=536dd85ceebb62da&ts=1980&x=0"')>)
Tajikistan: ClientResponseError(RequestInfo(url=URL('https://visaguide.world/visa-free-countries/tadzhik-passport/'), method='GET', headers=<CIMultiDictProxy('Host': 'visaguide.world', 'Accept': '*/*', 'Accept-Encoding': 'gzip, deflate', 'User-Agent': 'Python/3.10 aiohttp/3.12.6')>, real_url=URL('https://visaguide.world/visa-free-countries/tadzhik-passport/')), (), status=404, message='Not Found', headers=<CIMultiDictProxy('Date': 'Sun, 06 Jul 2025 05:46:19 GMT', 'Content-Type': 'text/html; charset=UTF-8', 'Transfer-Encoding': 'chunked', 'Connection': 'keep-alive', 'Content-Encoding': 'gzip', 'Vary': 'Accept-Encoding', 'Expires': 'Wed, 11 Jan 1984 05:00:00 GMT', 'permissions-policy': 'browsing-topics=()', 'x-frame-options': 'SAMEORIGIN', 'Age': '0', 'cf-cache-status': 'DYNAMIC', 'Report-To': '{"endpoints":[{"url":"https:\\/\\/a.nel.cloudflare.com\\/report\\/v4?s=n08EjWmjXJJrX0NGGQvdjcfcEJXpM%2BcneGWAVcub4DkS%2B4xNjnWQaBEFXaaycyLV06Vc3d4j5FcDxAmW%2F0n00aJ1iSV1wZ2uzk6Dx%2FEJWmxB0J0SaiRg%2FqOTnY%2B3%2B7Bn7A%3D%3D"}],"group":"cf-nel","max_age":604800}', 'NEL': '{"success_fraction":0,"report_to":"cf-nel","max_age":604800}', 'Server': 'cloudflare', 'CF-RAY': '95accd098c25330d-KIN', 'server-timing': 'cfL4;desc="?proto=TCP&rtt=25281&min_rtt=3397&rtt_var=13432&sent=463&recv=246&lost=0&retrans=0&sent_bytes=553443&recv_bytes=2285&delivery_rate=2630783&cwnd=256&unsent_bytes=0&cid=90cdb9ba08e986e2&ts=10554&x=0"')>)
Tokelau: ClientResponseError(RequestInfo(url=URL('https://visaguide.world/visa-free-countries/tokelauan-passport/'), method='GET', headers=<CIMultiDictProxy('Host': 'visaguide.world', 'Accept': '*/*', 'Accept-Encoding': 'gzip, deflate', 'User-Agent': 'Python/3.10 aiohttp/3.12.6')>, real_url=URL('https://visaguide.world/visa-free-countries/tokelauan-passport/')), (), status=404, message='Not Found', headers=<CIMultiDictProxy('Date': 'Sun, 06 Jul 2025 05:46:19 GMT', 'Content-Type': 'text/html; charset=UTF-8', 'Transfer-Encoding': 'chunked', 'Connection': 'keep-alive', 'Content-Encoding': 'gzip', 'Vary': 'Accept-Encoding', 'Expires': 'Wed, 11 Jan 1984 05:00:00 GMT', 'permissions-policy': 'browsing-topics=()', 'x-frame-options': 'SAMEORIGIN', 'Age': '0', 'cf-cache-status': 'DYNAMIC', 'Report-To': '{"endpoints":[{"url":"https:\\/\\/a.nel.cloudflare.com\\/report\\/v4?s=Z0NzIDVcmiB4bKwlvS5q6EJMRLfO%2BfNdVunawo0TadbdmXOP5DrMVX9VpgdAjCSnW3qz3TaKfU2CMuXNG9ptprwJLfn4DzMz2Q57fC%2Bxev3GfnvKbGBW56AuyfWMYFbtlA%3D%3D"}],"group":"cf-nel","max_age":604800}', 'NEL': '{"success_fraction":0,"report_to":"cf-nel","max_age":604800}', 'Server': 'cloudflare', 'CF-RAY': '95accd0cad2e3305-KIN', 'server-timing': 'cfL4;desc="?proto=TCP&rtt=53878&min_rtt=3646&rtt_var=16092&sent=130&recv=73&lost=0&retrans=0&sent_bytes=149018&recv_bytes=1152&delivery_rate=2111609&cwnd=256&unsent_bytes=0&cid=e14b5c4735186125&ts=2534&x=0"')>)
Trinidad and Tobago: ClientResponseError(RequestInfo(url=URL('https://visaguide.world/visa-free-countries/trinidadian-passport/'), method='GET', headers=<CIMultiDictProxy('Host': 'visaguide.world', 'Accept': '*/*', 'Accept-Encoding': 'gzip, deflate', 'User-Agent': 'Python/3.10 aiohttp/3.12.6')>, real_url=URL('https://visaguide.world/visa-free-countries/trinidadian-passport/')), (), status=404, message='Not Found', headers=<CIMultiDictProxy('Date': 'Sun, 06 Jul 2025 05:46:20 GMT', 'Content-Type': 'text/html; charset=UTF-8', 'Transfer-Encoding': 'chunked', 'Connection': 'keep-alive', 'Content-Encoding': 'gzip', 'Vary': 'Accept-Encoding', 'Expires': 'Wed, 11 Jan 1984 05:00:00 GMT', 'permissions-policy': 'browsing-topics=()', 'x-frame-options': 'SAMEORIGIN', 'Age': '0', 'cf-cache-status': 'DYNAMIC', 'Report-To': '{"endpoints":[{"url":"https:\\/\\/a.nel.cloudflare.com\\/report\\/v4?s=Wh%2BjKOgONoaKijDv4idl10yn7sl9T2suNeQ6Na2RFkp7JBtBaNRHvP%2F5TnA%2FtOp9fq1UpWWwBxLg8N6NZ2WCyIFw2OGTipE61M4LfxJMHhJut01NCrCOOKSCX8hyNvsF4A%3D%3D"}],"group":"cf-nel","max_age":604800}', 'NEL': '{"success_fraction":0,"report_to":"cf-nel","max_age":604800}', 'Server': 'cloudflare', 'CF-RAY': '95accd0f2e8c330d-KIN', 'server-timing': 'cfL4;desc="?proto=TCP&rtt=17014&min_rtt=3383&rtt_var=4043&sent=529&recv=281&lost=0&retrans=0&sent_bytes=633877&recv_bytes=2464&delivery_rate=2790949&cwnd=256&unsent_bytes=0&cid=4e1e5293ee8903c8&ts=11733&x=0"')>)
São Tomé and Príncipe: ClientResponseError(RequestInfo(url=URL('https://visaguide.world/visa-free-countries/saotomean-passport/'), method='GET', headers=<CIMultiDictProxy('Host': 'visaguide.world', 'Accept': '*/*', 'Accept-Encoding': 'gzip, deflate', 'User-Agent': 'Python/3.10 aiohttp/3.12.6')>, real_url=URL('https://visaguide.world/visa-free-countries/saotomean-passport/')), (), status=404, message='Not Found', headers=<CIMultiDictProxy('Date': 'Sun, 06 Jul 2025 05:46:20 GMT', 'Content-Type': 'text/html; charset=UTF-8', 'Transfer-Encoding': 'chunked', 'Connection': 'keep-alive', 'Content-Encoding': 'gzip', 'Vary': 'Accept-Encoding', 'Expires': 'Wed, 11 Jan 1984 05:00:00 GMT', 'permissions-policy': 'browsing-topics=()', 'x-frame-options': 'SAMEORIGIN', 'Age': '0', 'cf-cache-status': 'DYNAMIC', 'Report-To': '{"endpoints":[{"url":"https:\\/\\/a.nel.cloudflare.com\\/report\\/v4?s=xtZykYGOtICqvUkPRT09XFEQATD5TUgoe0K05vtqBsosamKJQnumuCoT8hCkBEA0Wdlqqz1eIzSKyeaVhuPWIVDh1ktp7p4oG8mFfGO4y4YlR2O497jMqP6KEGqSEUED1Ov17xYKljqdzvrEbA%3D%3D"}],"group":"cf-nel","max_age":604800}', 'NEL': '{"success_fraction":0,"report_to":"cf-nel","max_age":604800}', 'Server': 'cloudflare', 'CF-RAY': '95accd0f3e8d3305-KIN', 'server-timing': 'cfL4;desc="?proto=TCP&rtt=9858&min_rtt=3479&rtt_var=13710&sent=5&recv=7&lost=0&retrans=0&sent_bytes=2852&recv_bytes=784&delivery_rate=694231&cwnd=252&unsent_bytes=0&cid=7a2fc7403ea3fd75&ts=1166&x=0"')>)
United States: RuntimeError('cannot reuse already awaited coroutine')
United States Virgin Islands: RuntimeError('cannot reuse already awaited coroutine')
Tuvalu: ClientResponseError(RequestInfo(url=URL('https://visaguide.world/visa-free-countries/tuvaluan-passport/'), method='GET', headers=<CIMultiDictProxy('Host': 'visaguide.world', 'Accept': '*/*', 'Accept-Encoding': 'gzip, deflate', 'User-Agent': 'Python/3.10 aiohttp/3.12.6')>, real_url=URL('https://visaguide.world/visa-free-countries/tuvaluan-passport/')), (), status=404, message='Not Found', headers=<CIMultiDictProxy('Date': 'Sun, 06 Jul 2025 05:46:20 GMT', 'Content-Type': 'text/html; charset=UTF-8', 'Transfer-Encoding': 'chunked', 'Connection': 'keep-alive', 'Content-Encoding': 'gzip', 'Vary': 'Accept-Encoding', 'Expires': 'Wed, 11 Jan 1984 05:00:00 GMT', 'permissions-policy': 'browsing-topics=()', 'x-frame-options': 'SAMEORIGIN', 'Age': '0', 'cf-cache-status': 'DYNAMIC', 'Report-To': '{"endpoints":[{"url":"https:\\/\\/a.nel.cloudflare.com\\/report\\/v4?s=0gzKrjsATEGTk7DFuOL%2FeJepy5m%2Bppr8iTy5kR4xfeAoJBSjOM0Cbjg9qK%2FhTY4xxTHLdliTJU6muFKw0eRiWRaiqQWtPr3rx%2BJTSrCXBgHR9lPDayvtat1reQ93yQ0XKw%3D%3D"}],"group":"cf-nel","max_age":604800}', 'NEL': '{"success_fraction":0,"report_to":"cf-nel","max_age":604800}', 'Server': 'cloudflare', 'CF-RAY': '95accd11dba1330b-KIN', 'server-timing': 'cfL4;desc="?proto=TCP&rtt=31941&min_rtt=3424&rtt_var=21000&sent=127&recv=69&lost=0&retrans=0&sent_bytes=139424&recv_bytes=1155&delivery_rate=2339508&cwnd=256&unsent_bytes=0&cid=9c4d20a3165b8eb5&ts=3873&x=0"')>)
United States Minor Outlying Islands: ClientResponseError(RequestInfo(url=URL('https://visaguide.world/visa-free-countries/americanislander-passport/'), method='GET', headers=<CIMultiDictProxy('Host': 'visaguide.world', 'Accept': '*/*', 'Accept-Encoding': 'gzip, deflate', 'User-Agent': 'Python/3.10 aiohttp/3.12.6')>, real_url=URL('https://visaguide.world/visa-free-countries/americanislander-passport/')), (), status=404, message='Not Found', headers=<CIMultiDictProxy('Date': 'Sun, 06 Jul 2025 05:46:21 GMT', 'Content-Type': 'text/html; charset=UTF-8', 'Transfer-Encoding': 'chunked', 'Connection': 'keep-alive', 'Content-Encoding': 'gzip', 'Vary': 'Accept-Encoding', 'Expires': 'Wed, 11 Jan 1984 05:00:00 GMT', 'permissions-policy': 'browsing-topics=()', 'x-frame-options': 'SAMEORIGIN', 'Age': '0', 'cf-cache-status': 'DYNAMIC', 'Report-To': '{"endpoints":[{"url":"https:\\/\\/a.nel.cloudflare.com\\/report\\/v4?s=qIlgSeLS7TSYDdb5ZETHN9a9cq6oj%2BoI6MQFDsg7eXMGHr9yjQjVvwEtP2E2tq7ov4wxRzIkhhWLglRob3dsFHXfyh%2B0qXPY88q7w2%2BepREaQBiVT1JUsVmT%2FK0WhEpwww%3D%3D"}],"group":"cf-nel","max_age":604800}', 'NEL': '{"success_fraction":0,"report_to":"cf-nel","max_age":604800}', 'Server': 'cloudflare', 'CF-RAY': '95accd161983330d-KIN', 'server-timing': 'cfL4;desc="?proto=TCP&rtt=13691&min_rtt=3345&rtt_var=4632&sent=580&recv=307&lost=0&retrans=0&sent_bytes=696180&recv_bytes=2658&delivery_rate=2790949&cwnd=256&unsent_bytes=0&cid=4e1e5293ee8903c8&ts=12825&x=0"')>)
Turks and Caicos Islands: ClientResponseError(RequestInfo(url=URL('https://visaguide.world/visa-free-countries/turksandcaicosislander-passport/'), method='GET', headers=<CIMultiDictProxy('Host': 'visaguide.world', 'Accept': '*/*', 'Accept-Encoding': 'gzip, deflate', 'User-Agent': 'Python/3.10 aiohttp/3.12.6')>, real_url=URL('https://visaguide.world/visa-free-countries/turksandcaicosislander-passport/')), (), status=404, message='Not Found', headers=<CIMultiDictProxy('Date': 'Sun, 06 Jul 2025 05:46:21 GMT', 'Content-Type': 'text/html; charset=UTF-8', 'Transfer-Encoding': 'chunked', 'Connection': 'keep-alive', 'Content-Encoding': 'gzip', 'Vary': 'Accept-Encoding', 'Expires': 'Wed, 11 Jan 1984 05:00:00 GMT', 'permissions-policy': 'browsing-topics=()', 'x-frame-options': 'SAMEORIGIN', 'Age': '0', 'cf-cache-status': 'DYNAMIC', 'Report-To': '{"endpoints":[{"url":"https:\\/\\/a.nel.cloudflare.com\\/report\\/v4?s=NqFTVzKuOeQhcNv4Ip0rCS%2BltdGJyimRCyPO3Ya%2FRhtKru5jGMzGLzy6Gtf40gkRt3FR1BbFd9deYLIWh4aoQzKU3sgIKTtN4kIaxS2gHCh%2FeO%2FL1xJ2c5YzYHAgm8iHG%2FClM%2FDCaHIoq6j7HQ%3D%3D"}],"group":"cf-nel","max_age":604800}', 'NEL': '{"success_fraction":0,"report_to":"cf-nel","max_age":604800}', 'Server': 'cloudflare', 'CF-RAY': '95accd161bbf3301-KIN', 'server-timing': 'cfL4;desc="?proto=TCP&rtt=20308&min_rtt=10641&rtt_var=16920&sent=5&recv=7&lost=0&retrans=0&sent_bytes=2853&recv_bytes=797&delivery_rate=255615&cwnd=252&unsent_bytes=0&cid=763bd99c5deccab8&ts=1223&x=0"')>)
Uzbekistan: ClientResponseError(RequestInfo(url=URL('https://visaguide.world/visa-free-countries/uzbekistani-passport/'), method='GET', headers=<CIMultiDictProxy('Host': 'visaguide.world', 'Accept': '*/*', 'Accept-Encoding': 'gzip, deflate', 'User-Agent': 'Python/3.10 aiohttp/3.12.6')>, real_url=URL('https://visaguide.world/visa-free-countries/uzbekistani-passport/')), (), status=404, message='Not Found', headers=<CIMultiDictProxy('Date': 'Sun, 06 Jul 2025 05:46:21 GMT', 'Content-Type': 'text/html; charset=UTF-8', 'Transfer-Encoding': 'chunked', 'Connection': 'keep-alive', 'Content-Encoding': 'gzip', 'Vary': 'Accept-Encoding', 'Expires': 'Wed, 11 Jan 1984 05:00:00 GMT', 'permissions-policy': 'browsing-topics=()', 'x-frame-options': 'SAMEORIGIN', 'Age': '0', 'cf-cache-status': 'DYNAMIC', 'Report-To': '{"endpoints":[{"url":"https:\\/\\/a.nel.cloudflare.com\\/report\\/v4?s=WIQgSiLAEvKtnxdQKPw9ayP3PaG3Hv3iNxKTulguAQVqmHYnagQj6bi%2Bvfzzpn81kQbh1n7pbd8o841nAG%2BNwYqKIiXkQUkyvZn1jEaN3juAI%2BYEYcTfytkBA%2FEId%2Bf%2B5A%3D%3D"}],"group":"cf-nel","max_age":604800}', 'NEL': '{"success_fraction":0,"report_to":"cf-nel","max_age":604800}', 'Server': 'cloudflare', 'CF-RAY': '95accd178e433307-KIN', 'server-timing': 'cfL4;desc="?proto=TCP&rtt=14070&min_rtt=3473&rtt_var=4296&sent=68&recv=40&lost=0&retrans=0&sent_bytes=75686&recv_bytes=970&delivery_rate=2482152&cwnd=256&unsent_bytes=0&cid=b7943a5781bed408&ts=2373&x=0"')>)
Vanuatu: ClientResponseError(RequestInfo(url=URL('https://visaguide.world/visa-free-countries/ni-vanuatu-passport/'), method='GET', headers=<CIMultiDictProxy('Host': 'visaguide.world', 'Accept': '*/*', 'Accept-Encoding': 'gzip, deflate', 'User-Agent': 'Python/3.10 aiohttp/3.12.6')>, real_url=URL('https://visaguide.world/visa-free-countries/ni-vanuatu-passport/')), (), status=404, message='Not Found', headers=<CIMultiDictProxy('Date': 'Sun, 06 Jul 2025 05:46:22 GMT', 'Content-Type': 'text/html; charset=UTF-8', 'Transfer-Encoding': 'chunked', 'Connection': 'keep-alive', 'Content-Encoding': 'gzip', 'Vary': 'Accept-Encoding', 'Expires': 'Wed, 11 Jan 1984 05:00:00 GMT', 'permissions-policy': 'browsing-topics=()', 'x-frame-options': 'SAMEORIGIN', 'Age': '0', 'cf-cache-status': 'DYNAMIC', 'Report-To': '{"endpoints":[{"url":"https:\\/\\/a.nel.cloudflare.com\\/report\\/v4?s=i5GHKynz%2BpuGtkr0Wp01aKaUujxTyulKM3pjOtDs%2Fv9pmOFOYpiX8tjMV6awXAseBXT7YQQDQGkLwsyADw2CRCQFzGD%2F%2Fhhz%2BgSd%2FNSkXth3fJEKHJuCfAQLGq1EShqItA%3D%3D"}],"group":"cf-nel","max_age":604800}', 'NEL': '{"success_fraction":0,"report_to":"cf-nel","max_age":604800}', 'Server': 'cloudflare', 'CF-RAY': '95accd188a383310-KIN', 'server-timing': 'cfL4;desc="?proto=TCP&rtt=19420&min_rtt=3083&rtt_var=5122&sent=134&recv=74&lost=0&retrans=0&sent_bytes=149785&recv_bytes=1157&delivery_rate=2695564&cwnd=256&unsent_bytes=0&cid=58649d350c3cb5d9&ts=3193&x=0"')>)
Vatican City: ClientResponseError(RequestInfo(url=URL('https://visaguide.world/visa-free-countries/vatican-passport/'), method='GET', headers=<CIMultiDictProxy('Host': 'visaguide.world', 'Accept': '*/*', 'Accept-Encoding': 'gzip, deflate', 'User-Agent': 'Python/3.10 aiohttp/3.12.6')>, real_url=URL('https://visaguide.world/visa-free-countries/vatican-passport/')), (), status=404, message='Not Found', headers=<CIMultiDictProxy('Date': 'Sun, 06 Jul 2025 05:46:22 GMT', 'Content-Type': 'text/html; charset=UTF-8', 'Transfer-Encoding': 'chunked', 'Connection': 'keep-alive', 'Content-Encoding': 'gzip', 'Vary': 'Accept-Encoding', 'Expires': 'Wed, 11 Jan 1984 05:00:00 GMT', 'permissions-policy': 'browsing-topics=()', 'x-frame-options': 'SAMEORIGIN', 'Age': '0', 'cf-cache-status': 'DYNAMIC', 'Report-To': '{"endpoints":[{"url":"https:\\/\\/a.nel.cloudflare.com\\/report\\/v4?s=G4nSBWomw18a7ljeRNOPrEBhwM1jV4BYDnA6%2FL0XnakiXWRGAN7%2BF3Mj9h8i3JUSEmReFyM%2FYVcdpu1o%2B7HcgHUK2YKT1%2BYrvQCALjB6jy8fkXzCIHlxVzA67znKyaFyoRFDrOofk2kZeVrUVw%3D%3D"}],"group":"cf-nel","max_age":604800}', 'NEL': '{"success_fraction":0,"report_to":"cf-nel","max_age":604800}', 'Server': 'cloudflare', 'CF-RAY': '95accd199d7c3301-KIN', 'server-timing': 'cfL4;desc="?proto=TCP&rtt=15806&min_rtt=3134&rtt_var=5099&sent=770&recv=403&lost=0&retrans=0&sent_bytes=853826&recv_bytes=3032&delivery_rate=2624101&cwnd=256&unsent_bytes=0&cid=66eaaefa979e2f59&ts=11861&x=0"')>)
United Kingdom: ClientResponseError(RequestInfo(url=URL('https://visaguide.world/visa-free-countries/british-passport/'), method='GET', headers=<CIMultiDictProxy('Host': 'visaguide.world', 'Accept': '*/*', 'Accept-Encoding': 'gzip, deflate', 'User-Agent': 'Python/3.10 aiohttp/3.12.6')>, real_url=URL('https://visaguide.world/visa-free-countries/british-passport/')), (), status=404, message='Not Found', headers=<CIMultiDictProxy('Date': 'Sun, 06 Jul 2025 05:46:22 GMT', 'Content-Type': 'text/html; charset=UTF-8', 'Transfer-Encoding': 'chunked', 'Connection': 'keep-alive', 'Content-Encoding': 'gzip', 'Vary': 'Accept-Encoding', 'Expires': 'Wed, 11 Jan 1984 05:00:00 GMT', 'permissions-policy': 'browsing-topics=()', 'x-frame-options': 'SAMEORIGIN', 'Age': '0', 'cf-cache-status': 'DYNAMIC', 'Report-To': '{"endpoints":[{"url":"https:\\/\\/a.nel.cloudflare.com\\/report\\/v4?s=kl7D8a6QmjWDYr1kLRFhm5s9PCZEti%2Bm40LEochGUDOPl%2FPjV%2FED7ANb26TMWkxkj8mfiN13RprC5B0i97unxnNz98I2lYM6kwJ32l%2BMGdGdmH%2BkSjT87oqqU2NC8vGG3wYlS2PvjBHv42ksMA%3D%3D"}],"group":"cf-nel","max_age":604800}', 'NEL': '{"success_fraction":0,"report_to":"cf-nel","max_age":604800}', 'Server': 'cloudflare', 'CF-RAY': '95accd1aaddb3301-KIN', 'server-timing': 'cfL4;desc="?proto=TCP&rtt=10543&min_rtt=3614&rtt_var=14819&sent=6&recv=7&lost=0&retrans=0&sent_bytes=2853&recv_bytes=782&delivery_rate=602970&cwnd=252&unsent_bytes=0&cid=1d26b919bca5cfcd&ts=1483&x=0"')>)
Wallis and Futuna: ClientResponseError(RequestInfo(url=URL('https://visaguide.world/visa-free-countries/wallisandfutunaislander-passport/'), method='GET', headers=<CIMultiDictProxy('Host': 'visaguide.world', 'Accept': '*/*', 'Accept-Encoding': 'gzip, deflate', 'User-Agent': 'Python/3.10 aiohttp/3.12.6')>, real_url=URL('https://visaguide.world/visa-free-countries/wallisandfutunaislander-passport/')), (), status=404, message='Not Found', headers=<CIMultiDictProxy('Date': 'Sun, 06 Jul 2025 05:46:22 GMT', 'Content-Type': 'text/html; charset=UTF-8', 'Transfer-Encoding': 'chunked', 'Connection': 'keep-alive', 'Content-Encoding': 'gzip', 'Vary': 'Accept-Encoding', 'Expires': 'Wed, 11 Jan 1984 05:00:00 GMT', 'permissions-policy': 'browsing-topics=()', 'x-frame-options': 'SAMEORIGIN', 'Age': '0', 'cf-cache-status': 'DYNAMIC', 'Report-To': '{"endpoints":[{"url":"https:\\/\\/a.nel.cloudflare.com\\/report\\/v4?s=FWWYGW832iRJdPCITk0OVJ3h5YbRFXBD4Y6nChuZKFDdnpA5UDOrNtEPEW9oXyl34Qb8wgZeR5MH4vgwbBt3leaW1Ixpk%2BfRlwoLDMuB8Ra47dGgIj2fMKZMRtWAC%2FFAc4aS%2FAserqhlrh4mWg%3D%3D"}],"group":"cf-nel","max_age":604800}', 'NEL': '{"success_fraction":0,"report_to":"cf-nel","max_age":604800}', 'Server': 'cloudflare', 'CF-RAY': '95accd1bcc6a330d-KIN', 'server-timing': 'cfL4;desc="?proto=TCP&rtt=19286&min_rtt=3116&rtt_var=5935&sent=519&recv=273&lost=0&retrans=0&sent_bytes=574786&recv_bytes=2285&delivery_rate=2820211&cwnd=256&unsent_bytes=0&cid=3f8cac70a5cee665&ts=10230&x=0"')>)
Western Sahara: ClientResponseError(RequestInfo(url=URL('https://visaguide.world/visa-free-countries/sahrawi-passport/'), method='GET', headers=<CIMultiDictProxy('Host': 'visaguide.world', 'Accept': '*/*', 'Accept-Encoding': 'gzip, deflate', 'User-Agent': 'Python/3.10 aiohttp/3.12.6')>, real_url=URL('https://visaguide.world/visa-free-countries/sahrawi-passport/')), (), status=404, message='Not Found', headers=<CIMultiDictProxy('Date': 'Sun, 06 Jul 2025 05:46:22 GMT', 'Content-Type': 'text/html; charset=UTF-8', 'Transfer-Encoding': 'chunked', 'Connection': 'keep-alive', 'Content-Encoding': 'gzip', 'Vary': 'Accept-Encoding', 'Expires': 'Wed, 11 Jan 1984 05:00:00 GMT', 'permissions-policy': 'browsing-topics=()', 'x-frame-options': 'SAMEORIGIN', 'Age': '0', 'cf-cache-status': 'DYNAMIC', 'Report-To': '{"endpoints":[{"url":"https:\\/\\/a.nel.cloudflare.com\\/report\\/v4?s=HltwKN655IwNmtdnMbntsfDMdu1kwrA5zMN0F6ONQ0jWsNzRg%2FTvTP9A7E6JzN8vijwtqiso0nxUe7zvumAdG9AbAXnQkKRievGxBZQW4xbe59fkBHsPblhlcB6WhWvolw%3D%3D"}],"group":"cf-nel","max_age":604800}', 'NEL': '{"success_fraction":0,"report_to":"cf-nel","max_age":604800}', 'Server': 'cloudflare', 'CF-RAY': '95accd1bdc78330d-KIN', 'server-timing': 'cfL4;desc="?proto=TCP&rtt=10927&min_rtt=3345&rtt_var=2819&sent=631&recv=333&lost=0&retrans=0&sent_bytes=758553&recv_bytes=2843&delivery_rate=2790949&cwnd=256&unsent_bytes=0&cid=4e1e5293ee8903c8&ts=14062&x=0"')>)
Åland Islands: ClientResponseError(RequestInfo(url=URL('https://visaguide.world/visa-free-countries/%C3%A5landish-passport/'), method='GET', headers=<CIMultiDictProxy('Host': 'visaguide.world', 'Accept': '*/*', 'Accept-Encoding': 'gzip, deflate', 'User-Agent': 'Python/3.10 aiohttp/3.12.6')>, real_url=URL('https://visaguide.world/visa-free-countries/%C3%A5landish-passport/')), (), status=404, message='Not Found', headers=<CIMultiDictProxy('Date': 'Sun, 06 Jul 2025 05:46:24 GMT', 'Content-Type': 'text/html; charset=UTF-8', 'Transfer-Encoding': 'chunked', 'Connection': 'keep-alive', 'Content-Encoding': 'gzip', 'Vary': 'Accept-Encoding', 'Expires': 'Wed, 11 Jan 1984 05:00:00 GMT', 'permissions-policy': 'browsing-topics=()', 'x-frame-options': 'SAMEORIGIN', 'Age': '0', 'cf-cache-status': 'DYNAMIC', 'Report-To': '{"endpoints":[{"url":"https:\\/\\/a.nel.cloudflare.com\\/report\\/v4?s=CkZ6fpj%2Fq1NJy%2FLBMuPKKdKmeKyOoSaO90KQJqnVIPKpUVQMPf5GgWkE07Ld8NSBnwYE9RroDc9JWAd%2FBASKRvLNl3Hwocd5t84F3nPvvMzHkpH%2FyDqv1ENLmsWJep%2BLpYdYm8On7iGiN%2Bsjeg%3D%3D"}],"group":"cf-nel","max_age":604800}', 'NEL': '{"success_fraction":0,"report_to":"cf-nel","max_age":604800}', 'Server': 'cloudflare', 'CF-RAY': '95accd285d513307-KIN', 'server-timing': 'cfL4;desc="?proto=TCP&rtt=29363&min_rtt=3295&rtt_var=17988&sent=6&recv=7&lost=0&retrans=0&sent_bytes=2852&recv_bytes=788&delivery_rate=825493&cwnd=252&unsent_bytes=0&cid=a73e86e9a155ab0d&ts=1514&x=0"')>)
